Archive member included to satisfy reference by file (symbol)

/usr/bin/../lib/gcc/arm-none-eabi/7.3.1/thumb/v7-m/libgcc.a(_aeabi_ldivmod.o)
                              obj_cc2538dk/spi-legacy.o (__aeabi_ldivmod)
/usr/bin/../lib/gcc/arm-none-eabi/7.3.1/thumb/v7-m/libgcc.a(_aeabi_uldivmod.o)
                              obj_cc2538dk/spi-legacy.o (__aeabi_uldivmod)
/usr/bin/../lib/gcc/arm-none-eabi/7.3.1/thumb/v7-m/libgcc.a(_udivmoddi4.o)
                              /usr/bin/../lib/gcc/arm-none-eabi/7.3.1/thumb/v7-m/libgcc.a(_aeabi_ldivmod.o) (__udivmoddi4)
/usr/bin/../lib/gcc/arm-none-eabi/7.3.1/thumb/v7-m/libgcc.a(_dvmd_tls.o)
                              /usr/bin/../lib/gcc/arm-none-eabi/7.3.1/thumb/v7-m/libgcc.a(_aeabi_ldivmod.o) (__aeabi_ldiv0)
/usr/bin/../lib/gcc/arm-none-eabi/7.3.1/../../../../arm-none-eabi/lib/thumb/v7-m/libc.a(lib_a-locale.o)
                              obj_cc2538dk/resolv.o (__locale_ctype_ptr)
/usr/bin/../lib/gcc/arm-none-eabi/7.3.1/../../../../arm-none-eabi/lib/thumb/v7-m/libc.a(lib_a-mbtowc_r.o)
                              /usr/bin/../lib/gcc/arm-none-eabi/7.3.1/../../../../arm-none-eabi/lib/thumb/v7-m/libc.a(lib_a-locale.o) (__ascii_mbtowc)
/usr/bin/../lib/gcc/arm-none-eabi/7.3.1/../../../../arm-none-eabi/lib/thumb/v7-m/libc.a(lib_a-memcmp.o)
                              obj_cc2538dk/linkaddr.o (memcmp)
/usr/bin/../lib/gcc/arm-none-eabi/7.3.1/../../../../arm-none-eabi/lib/thumb/v7-m/libc.a(lib_a-memcpy.o)
                              obj_cc2538dk/ecc-algorithm.o (memcpy)
/usr/bin/../lib/gcc/arm-none-eabi/7.3.1/../../../../arm-none-eabi/lib/thumb/v7-m/libc.a(lib_a-memmove.o)
                              obj_cc2538dk/tsch-packet.o (memmove)
/usr/bin/../lib/gcc/arm-none-eabi/7.3.1/../../../../arm-none-eabi/lib/thumb/v7-m/libc.a(lib_a-memset.o)
                              obj_cc2538dk/udma.o (memset)
/usr/bin/../lib/gcc/arm-none-eabi/7.3.1/../../../../arm-none-eabi/lib/thumb/v7-m/libc.a(lib_a-reent.o)
                              obj_cc2538dk/syscalls.o (errno)
/usr/bin/../lib/gcc/arm-none-eabi/7.3.1/../../../../arm-none-eabi/lib/thumb/v7-m/libc.a(lib_a-strcasecmp.o)
                              obj_cc2538dk/resolv.o (strcasecmp)
/usr/bin/../lib/gcc/arm-none-eabi/7.3.1/../../../../arm-none-eabi/lib/thumb/v7-m/libc.a(lib_a-strcmp.o)
                              obj_cc2538dk/cfs-coffee.o (strcmp)
/usr/bin/../lib/gcc/arm-none-eabi/7.3.1/../../../../arm-none-eabi/lib/thumb/v7-m/libc.a(lib_a-strlen-stub.o)
                              obj_cc2538dk/sensors.o (strlen)
/usr/bin/../lib/gcc/arm-none-eabi/7.3.1/../../../../arm-none-eabi/lib/thumb/v7-m/libc.a(lib_a-strncasecmp.o)
                              obj_cc2538dk/resolv.o (strncasecmp)
/usr/bin/../lib/gcc/arm-none-eabi/7.3.1/../../../../arm-none-eabi/lib/thumb/v7-m/libc.a(lib_a-strncat.o)
                              obj_cc2538dk/resolv.o (strncat)
/usr/bin/../lib/gcc/arm-none-eabi/7.3.1/../../../../arm-none-eabi/lib/thumb/v7-m/libc.a(lib_a-strncmp.o)
                              obj_cc2538dk/sensors.o (strncmp)
/usr/bin/../lib/gcc/arm-none-eabi/7.3.1/../../../../arm-none-eabi/lib/thumb/v7-m/libc.a(lib_a-strncpy.o)
                              obj_cc2538dk/cfs-coffee.o (strncpy)
/usr/bin/../lib/gcc/arm-none-eabi/7.3.1/../../../../arm-none-eabi/lib/thumb/v7-m/libc.a(lib_a-wctomb_r.o)
                              /usr/bin/../lib/gcc/arm-none-eabi/7.3.1/../../../../arm-none-eabi/lib/thumb/v7-m/libc.a(lib_a-locale.o) (__ascii_wctomb)
/usr/bin/../lib/gcc/arm-none-eabi/7.3.1/../../../../arm-none-eabi/lib/thumb/v7-m/libc.a(lib_a-ctype_.o)
                              /usr/bin/../lib/gcc/arm-none-eabi/7.3.1/../../../../arm-none-eabi/lib/thumb/v7-m/libc.a(lib_a-locale.o) (_ctype_)
/usr/bin/../lib/gcc/arm-none-eabi/7.3.1/../../../../arm-none-eabi/lib/thumb/v7-m/libc.a(lib_a-freer.o)
                              /usr/bin/../lib/gcc/arm-none-eabi/7.3.1/../../../../arm-none-eabi/lib/thumb/v7-m/libc.a(lib_a-reent.o) (_free_r)
/usr/bin/../lib/gcc/arm-none-eabi/7.3.1/../../../../arm-none-eabi/lib/thumb/v7-m/libc.a(lib_a-impure.o)
                              /usr/bin/../lib/gcc/arm-none-eabi/7.3.1/../../../../arm-none-eabi/lib/thumb/v7-m/libc.a(lib_a-locale.o) (_impure_ptr)
/usr/bin/../lib/gcc/arm-none-eabi/7.3.1/../../../../arm-none-eabi/lib/thumb/v7-m/libc.a(lib_a-mallocr.o)
                              /usr/bin/../lib/gcc/arm-none-eabi/7.3.1/../../../../arm-none-eabi/lib/thumb/v7-m/libc.a(lib_a-freer.o) (__malloc_current_mallinfo)
/usr/bin/../lib/gcc/arm-none-eabi/7.3.1/../../../../arm-none-eabi/lib/thumb/v7-m/libc.a(lib_a-mlock.o)
                              /usr/bin/../lib/gcc/arm-none-eabi/7.3.1/../../../../arm-none-eabi/lib/thumb/v7-m/libc.a(lib_a-freer.o) (__malloc_lock)
/usr/bin/../lib/gcc/arm-none-eabi/7.3.1/../../../../arm-none-eabi/lib/thumb/v7-m/libc.a(lib_a-sbrkr.o)
                              /usr/bin/../lib/gcc/arm-none-eabi/7.3.1/../../../../arm-none-eabi/lib/thumb/v7-m/libc.a(lib_a-freer.o) (_sbrk_r)
[...]
Memory Configuration

Name             Origin             Length             Attributes
FLASH_FW         0x0000000000202000 0x000000000007dfd4 xr
FLASH_CCA        0x000000000027ffd4 0x000000000000002c xr
NRSRAM           0x0000000020000000 0x0000000000000000 xrw
FRSRAM           0x0000000020000000 0x0000000000008000 xrw
*default*        0x0000000000000000 0xffffffffffffffff

Linker script and memory map

LOAD obj_cc2538dk/startup-gcc.o
LOAD obj_cc2538dk/leds-arch.o
LOAD obj_cc2538dk/platform.o
LOAD obj_cc2538dk/sensors.o
LOAD obj_cc2538dk/smartrf-sensors.o
LOAD obj_cc2538dk/board-buttons.o
LOAD obj_cc2538dk/soc.o
LOAD obj_cc2538dk/clock.o
LOAD obj_cc2538dk/rtimer-arch.o
LOAD obj_cc2538dk/uart.o
LOAD obj_cc2538dk/watchdog.o
LOAD obj_cc2538dk/nvic.o
LOAD obj_cc2538dk/sys-ctrl.o
LOAD obj_cc2538dk/gpio.o
LOAD obj_cc2538dk/ioc.o
LOAD obj_cc2538dk/spi-legacy.o
LOAD obj_cc2538dk/adc.o
LOAD obj_cc2538dk/spi-arch.o
LOAD obj_cc2538dk/crypto.o
LOAD obj_cc2538dk/aes.o
LOAD obj_cc2538dk/ecb.o
LOAD obj_cc2538dk/cbc.o
LOAD obj_cc2538dk/ctr.o
LOAD obj_cc2538dk/cbc-mac.o
LOAD obj_cc2538dk/gcm.o
LOAD obj_cc2538dk/ccm.o
LOAD obj_cc2538dk/sha256.o
LOAD obj_cc2538dk/gpio-hal-arch.o
LOAD obj_cc2538dk/cc2538-aes-128.o
LOAD obj_cc2538dk/cc2538-ccm-star.o
LOAD obj_cc2538dk/cc2538-rf.o
LOAD obj_cc2538dk/udma.o
LOAD obj_cc2538dk/lpm.o
LOAD obj_cc2538dk/int-master.o
LOAD obj_cc2538dk/pka.o
LOAD obj_cc2538dk/bignum-driver.o
LOAD obj_cc2538dk/ecc-driver.o
LOAD obj_cc2538dk/ecc-algorithm.o
LOAD obj_cc2538dk/ecc-curve.o
LOAD obj_cc2538dk/dbg.o
LOAD obj_cc2538dk/ieee-addr.o
LOAD obj_cc2538dk/slip-arch.o
LOAD obj_cc2538dk/slip.o
LOAD obj_cc2538dk/i2c.o
LOAD obj_cc2538dk/cc2538-temp-sensor.o
LOAD obj_cc2538dk/vdd3-sensor.o
LOAD obj_cc2538dk/cfs-coffee.o
LOAD obj_cc2538dk/cfs-coffee-arch.o
LOAD obj_cc2538dk/pwm.o
LOAD obj_cc2538dk/usb-core.o
LOAD obj_cc2538dk/cdc-acm.o
LOAD obj_cc2538dk/usb-arch.o
LOAD obj_cc2538dk/usb-serial.o
LOAD obj_cc2538dk/cdc-acm-descriptors.o
LOAD obj_cc2538dk/contiki-main.o
LOAD obj_cc2538dk/stimer.o
LOAD obj_cc2538dk/autostart.o
LOAD obj_cc2538dk/energest.o
LOAD obj_cc2538dk/etimer.o
LOAD obj_cc2538dk/log.o
LOAD obj_cc2538dk/mutex.o
LOAD obj_cc2538dk/ctimer.o
LOAD obj_cc2538dk/compower.o
LOAD obj_cc2538dk/process.o
LOAD obj_cc2538dk/rtimer.o
LOAD obj_cc2538dk/node-id.o
LOAD obj_cc2538dk/timer.o
LOAD obj_cc2538dk/stack-check.o
LOAD obj_cc2538dk/button-hal.o
LOAD obj_cc2538dk/serial-line.o
LOAD obj_cc2538dk/spi.o
LOAD obj_cc2538dk/leds.o
LOAD obj_cc2538dk/nullradio.o
LOAD obj_cc2538dk/gpio-hal.o
LOAD obj_cc2538dk/dbl-circ-list.o
LOAD obj_cc2538dk/crc16.o
LOAD obj_cc2538dk/ifft.o
LOAD obj_cc2538dk/trickle-timer.o
LOAD obj_cc2538dk/ccm-star.o
LOAD obj_cc2538dk/dbl-list.o
LOAD obj_cc2538dk/ringbufindex.o
LOAD obj_cc2538dk/list.o
LOAD obj_cc2538dk/circular-list.o
LOAD obj_cc2538dk/aes-128.o
LOAD obj_cc2538dk/memb.o
LOAD obj_cc2538dk/heapmem.o
LOAD obj_cc2538dk/random.o
LOAD obj_cc2538dk/assert.o
LOAD obj_cc2538dk/ringbuf.o
LOAD obj_cc2538dk/queuebuf.o
LOAD obj_cc2538dk/nbr-table.o
LOAD obj_cc2538dk/packetbuf.o
LOAD obj_cc2538dk/netstack.o
LOAD obj_cc2538dk/linkaddr.o
LOAD obj_cc2538dk/net-debug.o
LOAD obj_cc2538dk/link-stats.o
LOAD obj_cc2538dk/mac-sequence.o
LOAD obj_cc2538dk/mac.o
LOAD obj_cc2538dk/frame802154e-ie.o
LOAD obj_cc2538dk/framer-802154.o
LOAD obj_cc2538dk/nullframer.o
LOAD obj_cc2538dk/frame802154.o
LOAD obj_cc2538dk/strformat.o
LOAD obj_cc2538dk/printf.o
LOAD obj_cc2538dk/sprintf.o
LOAD obj_cc2538dk/snprintf.o
LOAD obj_cc2538dk/puts.o
LOAD obj_cc2538dk/putchar.o
LOAD obj_cc2538dk/syscalls.o
LOAD obj_cc2538dk/tsch.o
LOAD obj_cc2538dk/tsch-queue.o
LOAD obj_cc2538dk/tsch-schedule.o
LOAD obj_cc2538dk/tsch-slot-operation.o
LOAD obj_cc2538dk/tsch-packet.o
LOAD obj_cc2538dk/tsch-security.o
LOAD obj_cc2538dk/tsch-rpl.o
LOAD obj_cc2538dk/tsch-adaptive-timesync.o
LOAD obj_cc2538dk/tsch-log.o
LOAD obj_cc2538dk/uipbuf.o
LOAD obj_cc2538dk/uip-icmp6.o
LOAD obj_cc2538dk/uip-sr.o
LOAD obj_cc2538dk/uip-ds6.o
LOAD obj_cc2538dk/uip-packetqueue.o
LOAD obj_cc2538dk/tcp-socket.o
LOAD obj_cc2538dk/ip64-addr.o
LOAD obj_cc2538dk/uip-udp-packet.o
LOAD obj_cc2538dk/uip-ds6-route.o
LOAD obj_cc2538dk/psock.o
LOAD obj_cc2538dk/uip-ds6-nbr.o
LOAD obj_cc2538dk/tcpip.o
LOAD obj_cc2538dk/uip6.o
LOAD obj_cc2538dk/resolv.o
LOAD obj_cc2538dk/uip-nameserver.o
LOAD obj_cc2538dk/uip-nd6.o
LOAD obj_cc2538dk/udp-socket.o
LOAD obj_cc2538dk/simple-udp.o
LOAD obj_cc2538dk/sicslowpan.o
LOAD obj_cc2538dk/uiplib.o
LOAD obj_cc2538dk/rpl-nbr-policy.o
LOAD obj_cc2538dk/rpl-of0.o
LOAD obj_cc2538dk/rpl-neighbor.o
LOAD obj_cc2538dk/rpl-dag.o
LOAD obj_cc2538dk/rpl-timers.o
LOAD obj_cc2538dk/rpl-ext-header.o
LOAD obj_cc2538dk/rpl.o
LOAD obj_cc2538dk/rpl-mrhof.o
LOAD obj_cc2538dk/rpl-icmp6.o
LOAD obj_cc2538dk/rpl-dag-root.o
LOAD test.o
LOAD /usr/bin/../lib/gcc/arm-none-eabi/7.3.1/../../../../arm-none-eabi/lib/thumb/v7-m/libm.a
START GROUP
LOAD /usr/bin/../lib/gcc/arm-none-eabi/7.3.1/thumb/v7-m/libgcc.a
LOAD /usr/bin/../lib/gcc/arm-none-eabi/7.3.1/../../../../arm-none-eabi/lib/thumb/v7-m/libc.a
END GROUP

.text           0x0000000000202000     0xc888
                0x0000000000202000                _text = .
 *(SORT_BY_ALIGNMENT(.vectors))
 .vectors       0x0000000000202000      0x28c obj_cc2538dk/startup-gcc.o
                0x0000000000202000                vectors
 *(SORT_BY_ALIGNMENT(.text*))
 .text.reset_handler
                0x000000000020228c       0x40 obj_cc2538dk/startup-gcc.o
                0x000000000020228c                reset_handler
 .text.platform_init_stage_two
                0x00000000002022cc       0x4c obj_cc2538dk/platform.o
                0x00000000002022cc                platform_init_stage_two
 .text.platform_init_stage_three
                0x0000000000202318       0x8c obj_cc2538dk/platform.o
                0x0000000000202318                platform_init_stage_three
 .text.process_thread_sensors_process
                0x00000000002023a4       0xd4 obj_cc2538dk/sensors.o
 .text.soc_get_rev
                0x0000000000202478       0x18 obj_cc2538dk/soc.o
                0x0000000000202478                soc_get_rev
 .text.soc_print_info
                0x0000000000202490       0x10 obj_cc2538dk/soc.o
                0x0000000000202490                soc_print_info
 .text.update_ticks
                0x00000000002024a0       0x58 obj_cc2538dk/clock.o
 .text.clock_init
                0x00000000002024f8       0x4c obj_cc2538dk/clock.o
                0x00000000002024f8                clock_init
 .text.clock_time
                0x0000000000202544       0x14 obj_cc2538dk/clock.o
                0x0000000000202544                clock_time
 .text.clock_seconds
                0x0000000000202558       0x14 obj_cc2538dk/clock.o
                0x0000000000202558                clock_seconds
 .text.clock_delay_usec
                0x000000000020256c       0x1c obj_cc2538dk/clock.o
                0x000000000020256c                clock_delay_usec
 .text.clock_adjust
                0x0000000000202588       0x20 obj_cc2538dk/clock.o
                0x0000000000202588                clock_adjust
 .text.rtimer_arch_next_trigger
                0x00000000002025a8        0xc obj_cc2538dk/rtimer-arch.o
                0x00000000002025a8                rtimer_arch_next_trigger
 .text.rtimer_arch_now
                0x00000000002025b4       0x24 obj_cc2538dk/rtimer-arch.o
                0x00000000002025b4                rtimer_arch_now
 .text.rtimer_arch_schedule
                0x00000000002025d8       0x58 obj_cc2538dk/rtimer-arch.o
                0x00000000002025d8                rtimer_arch_schedule
 .text.rtimer_isr
                0x0000000000202630       0x2c obj_cc2538dk/rtimer-arch.o
                0x0000000000202630                rtimer_isr
 .text.permit_pm1
                0x000000000020265c       0x24 obj_cc2538dk/uart.o
 .text.uart_isr
                0x0000000000202680       0x60 obj_cc2538dk/uart.o
 .text.uart_init
                0x00000000002026e0      0x198 obj_cc2538dk/uart.o
                0x00000000002026e0                uart_init
 .text.uart_set_input
                0x0000000000202878       0x10 obj_cc2538dk/uart.o
                0x0000000000202878                uart_set_input
 .text.uart_write_byte
                0x0000000000202888       0x1c obj_cc2538dk/uart.o
                0x0000000000202888                uart_write_byte
 .text.watchdog_init
                0x00000000002028a4        0xc obj_cc2538dk/watchdog.o
                0x00000000002028a4                watchdog_init
 .text.watchdog_start
                0x00000000002028b0        0xc obj_cc2538dk/watchdog.o
                0x00000000002028b0                watchdog_start
 .text.watchdog_periodic
                0x00000000002028bc       0x10 obj_cc2538dk/watchdog.o
                0x00000000002028bc                watchdog_periodic
 .text.nvic_init
                0x00000000002028cc       0x10 obj_cc2538dk/nvic.o
                0x00000000002028cc                nvic_init
 .text.sys_ctrl_init
                0x00000000002028dc       0x74 obj_cc2538dk/sys-ctrl.o
                0x00000000002028dc                sys_ctrl_init
 .text.gpio_port_isr
                0x0000000000202950       0x48 obj_cc2538dk/gpio.o
 .text.ioc_init
                0x0000000000202998       0x1c obj_cc2538dk/ioc.o
                0x0000000000202998                ioc_init
 .text.ioc_set_over
                0x00000000002029b4       0x14 obj_cc2538dk/ioc.o
                0x00000000002029b4                ioc_set_over
 .text.ioc_set_sel
                0x00000000002029c8       0x14 obj_cc2538dk/ioc.o
                0x00000000002029c8                ioc_set_sel
 .text.adc_init
                0x00000000002029dc       0x10 obj_cc2538dk/adc.o
                0x00000000002029dc                adc_init
 .text.adc_get  0x00000000002029ec       0x74 obj_cc2538dk/adc.o
                0x00000000002029ec                adc_get
 .text.permit_pm1
                0x0000000000202a60       0x10 obj_cc2538dk/crypto.o
 .text.crypto_isr
                0x0000000000202a70       0x28 obj_cc2538dk/crypto.o
                0x0000000000202a70                crypto_isr
 .text.crypto_enable
                0x0000000000202a98       0x20 obj_cc2538dk/crypto.o
                0x0000000000202a98                crypto_enable
 .text.crypto_init
                0x0000000000202ab8       0x3c obj_cc2538dk/crypto.o
                0x0000000000202ab8                crypto_init
 .text.crypto_disable
                0x0000000000202af4       0x20 obj_cc2538dk/crypto.o
                0x0000000000202af4                crypto_disable
 .text.gpio_hal_arch_pin_cfg_set
                0x0000000000202b14       0xd8 obj_cc2538dk/gpio-hal-arch.o
                0x0000000000202b14                gpio_hal_arch_pin_cfg_set
 .text.off      0x0000000000202bec       0x40 obj_cc2538dk/cc2538-rf.o
 .text.receiving_packet
                0x0000000000202c2c       0x18 obj_cc2538dk/cc2538-rf.o
 .text.pending_packet
                0x0000000000202c44       0x10 obj_cc2538dk/cc2538-rf.o
 .text.set_poll_mode
                0x0000000000202c54       0x98 obj_cc2538dk/cc2538-rf.o
 .text.on       0x0000000000202cec       0x2c obj_cc2538dk/cc2538-rf.o
 .text.set_channel
                0x0000000000202d18       0x48 obj_cc2538dk/cc2538-rf.o
 .text.get_value
                0x0000000000202d60      0x160 obj_cc2538dk/cc2538-rf.o
 .text.channel_clear
                0x0000000000202ec0       0x3c obj_cc2538dk/cc2538-rf.o
 .text.set_value
                0x0000000000202efc       0xf4 obj_cc2538dk/cc2538-rf.o
 .text.prepare  0x0000000000202ff0       0x64 obj_cc2538dk/cc2538-rf.o
 .text.transmit
                0x0000000000203054       0x9c obj_cc2538dk/cc2538-rf.o
 .text.set_object
                0x00000000002030f0       0x30 obj_cc2538dk/cc2538-rf.o
 .text.read     0x0000000000203120       0xe4 obj_cc2538dk/cc2538-rf.o
 .text.init     0x0000000000203204       0xc8 obj_cc2538dk/cc2538-rf.o
 .text.process_thread_cc2538_rf_process
                0x00000000002032cc       0x90 obj_cc2538dk/cc2538-rf.o
 .text.get_object
                0x000000000020335c      0x148 obj_cc2538dk/cc2538-rf.o
 .text.cc2538_rf_rx_tx_isr
                0x00000000002034a4       0x24 obj_cc2538dk/cc2538-rf.o
                0x00000000002034a4                cc2538_rf_rx_tx_isr
 .text.cc2538_rf_err_isr
                0x00000000002034c8       0x28 obj_cc2538dk/cc2538-rf.o
                0x00000000002034c8                cc2538_rf_err_isr
 .text.udma_init
                0x00000000002034f0       0x34 obj_cc2538dk/udma.o
                0x00000000002034f0                udma_init
 .text.udma_set_channel_src
                0x0000000000203524       0x10 obj_cc2538dk/udma.o
                0x0000000000203524                udma_set_channel_src
 .text.udma_set_channel_dst
                0x0000000000203534       0x14 obj_cc2538dk/udma.o
                0x0000000000203534                udma_set_channel_dst
 .text.udma_set_channel_control_word
                0x0000000000203548       0x14 obj_cc2538dk/udma.o
                0x0000000000203548                udma_set_channel_control_word
 .text.udma_channel_enable
                0x000000000020355c       0x18 obj_cc2538dk/udma.o
                0x000000000020355c                udma_channel_enable
 .text.udma_channel_mask_set
                0x0000000000203574       0x18 obj_cc2538dk/udma.o
                0x0000000000203574                udma_channel_mask_set
 .text.udma_channel_sw_request
                0x000000000020358c       0x18 obj_cc2538dk/udma.o
                0x000000000020358c                udma_channel_sw_request
 .text.udma_channel_get_mode
                0x00000000002035a4       0x1c obj_cc2538dk/udma.o
                0x00000000002035a4                udma_channel_get_mode
 .text.udma_isr
                0x00000000002035c0       0x10 obj_cc2538dk/udma.o
                0x00000000002035c0                udma_isr
 .text.udma_err_isr
                0x00000000002035d0        0xc obj_cc2538dk/udma.o
                0x00000000002035d0                udma_err_isr
 .text.select_32_mhz_xosc
                0x00000000002035dc       0x2c obj_cc2538dk/lpm.o
 .text.lpm_exit
                0x0000000000203608       0x34 obj_cc2538dk/lpm.o
                0x0000000000203608                lpm_exit
 .text.lpm_enter
                0x000000000020363c       0xb4 obj_cc2538dk/lpm.o
                0x000000000020363c                lpm_enter
 .text.lpm_register_peripheral
                0x00000000002036f0       0x20 obj_cc2538dk/lpm.o
                0x00000000002036f0                lpm_register_peripheral
 .text.lpm_init
                0x0000000000203710       0x24 obj_cc2538dk/lpm.o
                0x0000000000203710                lpm_init
 .text.pka_isr  0x0000000000203734       0x28 obj_cc2538dk/pka.o
                0x0000000000203734                pka_isr
 .text.ieee_addr_cpy_to
                0x000000000020375c       0x5c obj_cc2538dk/ieee-addr.o
                0x000000000020375c                ieee_addr_cpy_to
 .text.startup.main
                0x00000000002037b8      0x1e8 obj_cc2538dk/contiki-main.o
                0x00000000002037b8                main
 .text.stimer_expired
                0x00000000002039a0       0x20 obj_cc2538dk/stimer.o
                0x00000000002039a0                stimer_expired
 .text.update_time
                0x00000000002039c0       0x44 obj_cc2538dk/etimer.o
 .text.etimer_request_poll
                0x0000000000203a04        0xc obj_cc2538dk/etimer.o
                0x0000000000203a04                etimer_request_poll
 .text.process_thread_etimer_process
                0x0000000000203a10       0xac obj_cc2538dk/etimer.o
 .text.add_timer
                0x0000000000203abc       0x40 obj_cc2538dk/etimer.o
 .text.etimer_pending
                0x0000000000203afc       0x10 obj_cc2538dk/etimer.o
                0x0000000000203afc                etimer_pending
 .text.etimer_stop
                0x0000000000203b0c       0x34 obj_cc2538dk/etimer.o
                0x0000000000203b0c                etimer_stop
 .text.log_6addr
                0x0000000000203b40       0x20 obj_cc2538dk/log.o
                0x0000000000203b40                log_6addr
 .text.log_lladdr
                0x0000000000203b60       0x40 obj_cc2538dk/log.o
                0x0000000000203b60                log_lladdr
 .text.process_thread_ctimer_process
                0x0000000000203ba0       0x7c obj_cc2538dk/ctimer.o
 .text.ctimer_init
                0x0000000000203c1c       0x28 obj_cc2538dk/ctimer.o
                0x0000000000203c1c                ctimer_init
 .text.ctimer_set_with_process
                0x0000000000203c44       0x44 obj_cc2538dk/ctimer.o
                0x0000000000203c44                ctimer_set_with_process
 .text.ctimer_set
                0x0000000000203c88       0x14 obj_cc2538dk/ctimer.o
                0x0000000000203c88                ctimer_set
 .text.ctimer_reset
                0x0000000000203c9c       0x38 obj_cc2538dk/ctimer.o
                0x0000000000203c9c                ctimer_reset
 .text.ctimer_stop
                0x0000000000203cd4       0x2c obj_cc2538dk/ctimer.o
                0x0000000000203cd4                ctimer_stop
 .text.ctimer_expired
                0x0000000000203d00       0x34 obj_cc2538dk/ctimer.o
                0x0000000000203d00                ctimer_expired
 .text.call_process.part.0
                0x0000000000203d34       0x38 obj_cc2538dk/process.o
 .text.exit_process
                0x0000000000203d6c       0x80 obj_cc2538dk/process.o
 .text.do_poll  0x0000000000203dec       0x30 obj_cc2538dk/process.o
 .text.process_alloc_event
                0x0000000000203e1c       0x10 obj_cc2538dk/process.o
                0x0000000000203e1c                process_alloc_event
 .text.process_init
                0x0000000000203e2c       0x30 obj_cc2538dk/process.o
                0x0000000000203e2c                process_init
 .text.process_run
                0x0000000000203e5c       0x88 obj_cc2538dk/process.o
                0x0000000000203e5c                process_run
 .text.process_nevents
                0x0000000000203ee4       0x14 obj_cc2538dk/process.o
                0x0000000000203ee4                process_nevents
 .text.process_post
                0x0000000000203ef8       0x3c obj_cc2538dk/process.o
                0x0000000000203ef8                process_post
 .text.process_post_synch
                0x0000000000203f34       0x14 obj_cc2538dk/process.o
                0x0000000000203f34                process_post_synch
 .text.process_start
                0x0000000000203f48       0x30 obj_cc2538dk/process.o
                0x0000000000203f48                process_start
 .text.process_poll
                0x0000000000203f78       0x18 obj_cc2538dk/process.o
                0x0000000000203f78                process_poll
 .text.rtimer_set
                0x0000000000203f90       0x24 obj_cc2538dk/rtimer.o
                0x0000000000203f90                rtimer_set
 .text.rtimer_run_next
                0x0000000000203fb4       0x28 obj_cc2538dk/rtimer.o
                0x0000000000203fb4                rtimer_run_next
 .text.node_id_init
                0x0000000000203fdc       0x18 obj_cc2538dk/node-id.o
                0x0000000000203fdc                node_id_init
 .text.stack_check_init
                0x0000000000203ff4       0x28 obj_cc2538dk/stack-check.o
                0x0000000000203ff4                stack_check_init
 .text.stack_check_get_usage
                0x000000000020401c       0x40 obj_cc2538dk/stack-check.o
                0x000000000020401c                stack_check_get_usage
 .text.process_thread_stack_check_process
                0x000000000020405c       0x84 obj_cc2538dk/stack-check.o
 .text.duration_exceeded_callback
                0x00000000002040e0       0x34 obj_cc2538dk/button-hal.o
 .text.process_thread_button_hal_process
                0x0000000000204114       0x78 obj_cc2538dk/button-hal.o
 .text.press_release_handler
                0x000000000020418c       0x18 obj_cc2538dk/button-hal.o
 .text.debounce_handler
                0x00000000002041a4       0x64 obj_cc2538dk/button-hal.o
 .text.button_hal_init
                0x0000000000204208       0xfc obj_cc2538dk/button-hal.o
                0x0000000000204208                button_hal_init
 .text.process_thread_serial_line_process
                0x0000000000204304       0x98 obj_cc2538dk/serial-line.o
 .text.serial_line_input_byte
                0x000000000020439c       0x48 obj_cc2538dk/serial-line.o
                0x000000000020439c                serial_line_input_byte
 .text.serial_line_init
                0x00000000002043e4       0x24 obj_cc2538dk/serial-line.o
                0x00000000002043e4                serial_line_init
 .text.leds_on  0x0000000000204408       0x4c obj_cc2538dk/leds.o
                0x0000000000204408                leds_on
 .text.leds_off
                0x0000000000204454       0x48 obj_cc2538dk/leds.o
                0x0000000000204454                leds_off
 .text.leds_init
                0x000000000020449c       0x48 obj_cc2538dk/leds.o
                0x000000000020449c                leds_init
 .text.leds_toggle
                0x00000000002044e4       0x24 obj_cc2538dk/leds.o
                0x00000000002044e4                leds_toggle
 .text.gpio_hal_register_handler
                0x0000000000204508        0xc obj_cc2538dk/gpio-hal.o
                0x0000000000204508                gpio_hal_register_handler
 .text.gpio_hal_event_handler
                0x0000000000204514       0x24 obj_cc2538dk/gpio-hal.o
                0x0000000000204514                gpio_hal_event_handler
 .text.gpio_hal_init
                0x0000000000204538        0xc obj_cc2538dk/gpio-hal.o
                0x0000000000204538                gpio_hal_init
 .text.random_rand
                0x0000000000204544       0x24 obj_cc2538dk/random.o
                0x0000000000204544                random_rand
 .text.random_init
                0x0000000000204568       0x78 obj_cc2538dk/random.o
                0x0000000000204568                random_init
 .text.queuebuf_init
                0x00000000002045e0       0x1c obj_cc2538dk/queuebuf.o
                0x00000000002045e0                queuebuf_init
 .text.queuebuf_numfree
                0x00000000002045fc        0xc obj_cc2538dk/queuebuf.o
                0x00000000002045fc                queuebuf_numfree
 .text.queuebuf_new_from_packetbuf
                0x0000000000204608       0x44 obj_cc2538dk/queuebuf.o
                0x0000000000204608                queuebuf_new_from_packetbuf
 .text.queuebuf_free
                0x000000000020464c       0x2c obj_cc2538dk/queuebuf.o
                0x000000000020464c                queuebuf_free
 .text.queuebuf_to_packetbuf
                0x0000000000204678       0x30 obj_cc2538dk/queuebuf.o
                0x0000000000204678                queuebuf_to_packetbuf
 .text.queuebuf_dataptr
                0x00000000002046a8       0x18 obj_cc2538dk/queuebuf.o
                0x00000000002046a8                queuebuf_dataptr
 .text.index_from_key
                0x00000000002046c0       0x20 obj_cc2538dk/nbr-table.o
 .text.index_from_lladdr
                0x00000000002046e0       0x40 obj_cc2538dk/nbr-table.o
 .text.nbr_get_bit.constprop.0
                0x0000000000204720       0x24 obj_cc2538dk/nbr-table.o
 .text.nbr_table_is_registered
                0x0000000000204744       0x20 obj_cc2538dk/nbr-table.o
                0x0000000000204744                nbr_table_is_registered
 .text.nbr_table_register
                0x0000000000204764       0x30 obj_cc2538dk/nbr-table.o
                0x0000000000204764                nbr_table_register
 .text.nbr_table_next
                0x0000000000204794       0x48 obj_cc2538dk/nbr-table.o
                0x0000000000204794                nbr_table_next
 .text.nbr_table_head
                0x00000000002047dc       0x38 obj_cc2538dk/nbr-table.o
                0x00000000002047dc                nbr_table_head
 .text.nbr_table_add_lladdr
                0x0000000000204814      0x14c obj_cc2538dk/nbr-table.o
                0x0000000000204814                nbr_table_add_lladdr
 .text.nbr_table_remove
                0x0000000000204960       0x2c obj_cc2538dk/nbr-table.o
                0x0000000000204960                nbr_table_remove
 .text.nbr_table_lock
                0x000000000020498c       0x10 obj_cc2538dk/nbr-table.o
                0x000000000020498c                nbr_table_lock
 .text.nbr_table_unlock
                0x000000000020499c       0x10 obj_cc2538dk/nbr-table.o
                0x000000000020499c                nbr_table_unlock
 .text.nbr_table_get_lladdr
                0x00000000002049ac       0x24 obj_cc2538dk/nbr-table.o
                0x00000000002049ac                nbr_table_get_lladdr
 .text.packetbuf_hdrreduce
                0x00000000002049d0       0x28 obj_cc2538dk/packetbuf.o
                0x00000000002049d0                packetbuf_hdrreduce
 .text.packetbuf_set_datalen
                0x00000000002049f8        0xc obj_cc2538dk/packetbuf.o
                0x00000000002049f8                packetbuf_set_datalen
 .text.packetbuf_hdrptr
                0x0000000000204a04        0x8 obj_cc2538dk/packetbuf.o
                0x0000000000204a04                packetbuf_hdrptr
 .text.packetbuf_datalen
                0x0000000000204a0c        0xc obj_cc2538dk/packetbuf.o
                0x0000000000204a0c                packetbuf_datalen
 .text.packetbuf_hdrlen
                0x0000000000204a18       0x18 obj_cc2538dk/packetbuf.o
                0x0000000000204a18                packetbuf_hdrlen
 .text.packetbuf_dataptr
                0x0000000000204a30       0x10 obj_cc2538dk/packetbuf.o
                0x0000000000204a30                packetbuf_dataptr
 .text.packetbuf_copyto
                0x0000000000204a40       0x44 obj_cc2538dk/packetbuf.o
                0x0000000000204a40                packetbuf_copyto
 .text.packetbuf_totlen
                0x0000000000204a84       0x14 obj_cc2538dk/packetbuf.o
                0x0000000000204a84                packetbuf_totlen
 .text.packetbuf_hdralloc
                0x0000000000204a98       0x3c obj_cc2538dk/packetbuf.o
                0x0000000000204a98                packetbuf_hdralloc
 .text.packetbuf_attr_clear
                0x0000000000204ad4       0x34 obj_cc2538dk/packetbuf.o
                0x0000000000204ad4                packetbuf_attr_clear
 .text.packetbuf_clear
                0x0000000000204b08       0x20 obj_cc2538dk/packetbuf.o
                0x0000000000204b08                packetbuf_clear
 .text.packetbuf_copyfrom
                0x0000000000204b28       0x2c obj_cc2538dk/packetbuf.o
                0x0000000000204b28                packetbuf_copyfrom
 .text.packetbuf_attr_copyto
                0x0000000000204b54       0x24 obj_cc2538dk/packetbuf.o
                0x0000000000204b54                packetbuf_attr_copyto
 .text.packetbuf_attr_copyfrom
                0x0000000000204b78       0x24 obj_cc2538dk/packetbuf.o
                0x0000000000204b78                packetbuf_attr_copyfrom
 .text.packetbuf_set_attr
                0x0000000000204b9c       0x10 obj_cc2538dk/packetbuf.o
                0x0000000000204b9c                packetbuf_set_attr
 .text.packetbuf_attr
                0x0000000000204bac        0xc obj_cc2538dk/packetbuf.o
                0x0000000000204bac                packetbuf_attr
 .text.packetbuf_set_addr
                0x0000000000204bb8       0x18 obj_cc2538dk/packetbuf.o
                0x0000000000204bb8                packetbuf_set_addr
 .text.packetbuf_addr
                0x0000000000204bd0       0x10 obj_cc2538dk/packetbuf.o
                0x0000000000204bd0                packetbuf_addr
 .text.packetbuf_holds_broadcast
                0x0000000000204be0       0x10 obj_cc2538dk/packetbuf.o
                0x0000000000204be0                packetbuf_holds_broadcast
 .text.netstack_process_ip_callback
                0x0000000000204bf0       0x40 obj_cc2538dk/netstack.o
                0x0000000000204bf0                netstack_process_ip_callback
 .text.netstack_init
                0x0000000000204c30       0x24 obj_cc2538dk/netstack.o
                0x0000000000204c30                netstack_init
 .text.periodic
                0x0000000000204c54       0x2c obj_cc2538dk/link-stats.o
 .text.link_stats_from_lladdr
                0x0000000000204c80        0xc obj_cc2538dk/link-stats.o
                0x0000000000204c80                link_stats_from_lladdr
 .text.link_stats_packet_sent
                0x0000000000204c8c       0x74 obj_cc2538dk/link-stats.o
                0x0000000000204c8c                link_stats_packet_sent
 .text.link_stats_input_callback
                0x0000000000204d00       0x4c obj_cc2538dk/link-stats.o
                0x0000000000204d00                link_stats_input_callback
 .text.link_stats_reset
                0x0000000000204d4c       0x28 obj_cc2538dk/link-stats.o
                0x0000000000204d4c                link_stats_reset
 .text.link_stats_init
                0x0000000000204d74       0x28 obj_cc2538dk/link-stats.o
                0x0000000000204d74                link_stats_init
 .text.mac_sequence_is_duplicate
                0x0000000000204d9c       0x48 obj_cc2538dk/mac-sequence.o
                0x0000000000204d9c                mac_sequence_is_duplicate
 .text.mac_sequence_register_seqno
                0x0000000000204de4       0x58 obj_cc2538dk/mac-sequence.o
                0x0000000000204de4                mac_sequence_register_seqno
 .text.frame802154e_parse_information_elements
                0x0000000000204e3c      0x23c obj_cc2538dk/frame802154e-ie.o
                0x0000000000204e3c                frame802154e_parse_information_elements
 .text.create_frame
                0x0000000000205078       0xd0 obj_cc2538dk/framer-802154.o
 .text.frame802154_get_pan_id
                0x0000000000205148        0xc obj_cc2538dk/frame802154.o
                0x0000000000205148                frame802154_get_pan_id
 .text.frame802154_set_pan_id
                0x0000000000205154        0xc obj_cc2538dk/frame802154.o
                0x0000000000205154                frame802154_set_pan_id
 .text.frame802154_check_dest_panid
                0x0000000000205160       0x3c obj_cc2538dk/frame802154.o
                0x0000000000205160                frame802154_check_dest_panid
 .text.frame802154_extract_linkaddr
                0x000000000020519c       0x74 obj_cc2538dk/frame802154.o
                0x000000000020519c                frame802154_extract_linkaddr
 .text.frame802154_parse
                0x0000000000205210      0x12c obj_cc2538dk/frame802154.o
                0x0000000000205210                frame802154_parse
 .text.fill_space
                0x000000000020533c       0x34 obj_cc2538dk/strformat.o
 .text.format_str_v
                0x0000000000205370      0x6dc obj_cc2538dk/strformat.o
                0x0000000000205370                format_str_v
 .text.printf   0x0000000000205a4c       0x20 obj_cc2538dk/printf.o
                0x0000000000205a4c                printf
 .text.sprintf  0x0000000000205a6c       0x30 obj_cc2538dk/sprintf.o
                0x0000000000205a6c                sprintf
 .text.vsnprintf
                0x0000000000205a9c       0x28 obj_cc2538dk/snprintf.o
                0x0000000000205a9c                vsnprintf
 .text.turn_off
                0x0000000000205ac4       0x10 obj_cc2538dk/tsch.o
 .text.tsch_reset
                0x0000000000205ad4       0x94 obj_cc2538dk/tsch.o
 .text.process_thread_tsch_send_eb_process
                0x0000000000205b68      0x108 obj_cc2538dk/tsch.o
 .text.send_packet
                0x0000000000205c70       0xac obj_cc2538dk/tsch.o
 .text.packet_input
                0x0000000000205d1c       0x40 obj_cc2538dk/tsch.o
 .text.keepalive_send
                0x0000000000205d5c       0x34 obj_cc2538dk/tsch.o
 .text.turn_on  0x0000000000205d90       0x48 obj_cc2538dk/tsch.o
 .text.tsch_init
                0x0000000000205dd8       0x98 obj_cc2538dk/tsch.o
 .text.tsch_set_coordinator
                0x0000000000205e70       0x28 obj_cc2538dk/tsch.o
                0x0000000000205e70                tsch_set_coordinator
 .text.tsch_set_join_priority
                0x0000000000205e98        0xc obj_cc2538dk/tsch.o
                0x0000000000205e98                tsch_set_join_priority
 .text.tsch_set_eb_period
                0x0000000000205ea4       0x14 obj_cc2538dk/tsch.o
                0x0000000000205ea4                tsch_set_eb_period
 .text.tsch_schedule_keepalive
                0x0000000000205eb8       0x58 obj_cc2538dk/tsch.o
                0x0000000000205eb8                tsch_schedule_keepalive
 .text.tsch_set_ka_timeout
                0x0000000000205f10       0x18 obj_cc2538dk/tsch.o
                0x0000000000205f10                tsch_set_ka_timeout
 .text.tsch_schedule_keepalive_immediately
                0x0000000000205f28       0x28 obj_cc2538dk/tsch.o
                0x0000000000205f28                tsch_schedule_keepalive_immediately
 .text.tsch_disassociate
                0x0000000000205f50       0x20 obj_cc2538dk/tsch.o
                0x0000000000205f50                tsch_disassociate
 .text.process_thread_tsch_pending_events_process
                0x0000000000205f70      0x160 obj_cc2538dk/tsch.o
 .text.keepalive_packet_sent
                0x00000000002060d0       0x68 obj_cc2538dk/tsch.o
 .text.tsch_scan
                0x0000000000206138      0x30c obj_cc2538dk/tsch.o
                0x0000000000206138                tsch_scan
 .text.process_thread_tsch_process
                0x0000000000206444       0xc8 obj_cc2538dk/tsch.o
 .text.tsch_queue_get_nbr
                0x000000000020650c       0x34 obj_cc2538dk/tsch-queue.o
                0x000000000020650c                tsch_queue_get_nbr
 .text.tsch_queue_add_nbr
                0x0000000000206540       0x78 obj_cc2538dk/tsch-queue.o
                0x0000000000206540                tsch_queue_add_nbr
 .text.tsch_queue_get_time_source
                0x00000000002065b8       0x28 obj_cc2538dk/tsch-queue.o
                0x00000000002065b8                tsch_queue_get_time_source
 .text.tsch_queue_update_time_source
                0x00000000002065e0       0x54 obj_cc2538dk/tsch-queue.o
                0x00000000002065e0                tsch_queue_update_time_source
 .text.tsch_queue_add_packet
                0x0000000000206634       0x80 obj_cc2538dk/tsch-queue.o
                0x0000000000206634                tsch_queue_add_packet
 .text.tsch_queue_free_packet
                0x00000000002066b4       0x20 obj_cc2538dk/tsch-queue.o
                0x00000000002066b4                tsch_queue_free_packet
 .text.tsch_queue_reset
                0x00000000002066d4       0x30 obj_cc2538dk/tsch-queue.o
                0x00000000002066d4                tsch_queue_reset
 .text.tsch_queue_free_unused_neighbors
                0x0000000000206704       0x5c obj_cc2538dk/tsch-queue.o
                0x0000000000206704                tsch_queue_free_unused_neighbors
 .text.tsch_queue_get_unicast_packet_for_any
                0x0000000000206760       0x44 obj_cc2538dk/tsch-queue.o
                0x0000000000206760                tsch_queue_get_unicast_packet_for_any
 .text.tsch_queue_update_all_backoff_windows
                0x00000000002067a4       0x50 obj_cc2538dk/tsch-queue.o
                0x00000000002067a4                tsch_queue_update_all_backoff_windows
 .text.tsch_queue_init
                0x00000000002067f4       0x48 obj_cc2538dk/tsch-queue.o
                0x00000000002067f4                tsch_queue_init
 .text.tsch_schedule_get_slotframe_by_handle
                0x000000000020683c       0x28 obj_cc2538dk/tsch-schedule.o
                0x000000000020683c                tsch_schedule_get_slotframe_by_handle
 .text.tsch_schedule_add_slotframe
                0x0000000000206864       0x64 obj_cc2538dk/tsch-schedule.o
                0x0000000000206864                tsch_schedule_add_slotframe
 .text.tsch_schedule_remove_link
                0x00000000002068c8       0x78 obj_cc2538dk/tsch-schedule.o
                0x00000000002068c8                tsch_schedule_remove_link
 .text.tsch_schedule_remove_slotframe
                0x0000000000206940       0x44 obj_cc2538dk/tsch-schedule.o
                0x0000000000206940                tsch_schedule_remove_slotframe
 .text.tsch_schedule_remove_all_slotframes
                0x0000000000206984       0x20 obj_cc2538dk/tsch-schedule.o
                0x0000000000206984                tsch_schedule_remove_all_slotframes
 .text.tsch_schedule_add_link
                0x00000000002069a4       0xb4 obj_cc2538dk/tsch-schedule.o
                0x00000000002069a4                tsch_schedule_add_link
 .text.tsch_schedule_get_next_active_link
                0x0000000000206a58      0x108 obj_cc2538dk/tsch-schedule.o
                0x0000000000206a58                tsch_schedule_get_next_active_link
 .text.tsch_schedule_init
                0x0000000000206b60       0x30 obj_cc2538dk/tsch-schedule.o
                0x0000000000206b60                tsch_schedule_init
 .text.tsch_schedule_create_minimal
                0x0000000000206b90       0x28 obj_cc2538dk/tsch-schedule.o
                0x0000000000206b90                tsch_schedule_create_minimal
 .text.tsch_schedule_slot_operation.isra.0
                0x0000000000206bb8       0x58 obj_cc2538dk/tsch-slot-operation.o
 .text.get_packet_and_neighbor_for_link.constprop.5
                0x0000000000206c10       0x6c obj_cc2538dk/tsch-slot-operation.o
 .text.tsch_tx_slot.constprop.3
                0x0000000000206c7c      0x3b4 obj_cc2538dk/tsch-slot-operation.o
 .text.tsch_is_locked
                0x0000000000207030        0xc obj_cc2538dk/tsch-slot-operation.o
                0x0000000000207030                tsch_is_locked
 .text.tsch_get_lock
                0x000000000020703c       0x40 obj_cc2538dk/tsch-slot-operation.o
                0x000000000020703c                tsch_get_lock
 .text.tsch_release_lock
                0x000000000020707c        0xc obj_cc2538dk/tsch-slot-operation.o
                0x000000000020707c                tsch_release_lock
 .text.tsch_calculate_channel
                0x0000000000207088       0x40 obj_cc2538dk/tsch-slot-operation.o
                0x0000000000207088                tsch_calculate_channel
 .text.tsch_slot_operation
                0x00000000002070c8      0x578 obj_cc2538dk/tsch-slot-operation.o
 .text.tsch_slot_operation_start
                0x0000000000207640       0x6c obj_cc2538dk/tsch-slot-operation.o
                0x0000000000207640                tsch_slot_operation_start
 .text.tsch_slot_operation_sync
                0x00000000002076ac       0x38 obj_cc2538dk/tsch-slot-operation.o
                0x00000000002076ac                tsch_slot_operation_sync
 .text.tsch_packet_eackbuf_attr
                0x00000000002076e4        0xc obj_cc2538dk/tsch-packet.o
                0x00000000002076e4                tsch_packet_eackbuf_attr
 .text.tsch_packet_create_eack
                0x00000000002076f0       0xa0 obj_cc2538dk/tsch-packet.o
                0x00000000002076f0                tsch_packet_create_eack
 .text.tsch_packet_parse_eack
                0x0000000000207790       0xa4 obj_cc2538dk/tsch-packet.o
                0x0000000000207790                tsch_packet_parse_eack
 .text.tsch_packet_create_eb
                0x0000000000207834      0x158 obj_cc2538dk/tsch-packet.o
                0x0000000000207834                tsch_packet_create_eb
 .text.tsch_packet_update_eb
                0x000000000020798c       0x38 obj_cc2538dk/tsch-packet.o
                0x000000000020798c                tsch_packet_update_eb
 .text.tsch_rpl_callback_ka_sent
                0x00000000002079c4       0x20 obj_cc2538dk/tsch-rpl.o
                0x00000000002079c4                tsch_rpl_callback_ka_sent
 .text.tsch_rpl_callback_leaving_network
                0x00000000002079e4       0x1c obj_cc2538dk/tsch-rpl.o
                0x00000000002079e4                tsch_rpl_callback_leaving_network
 .text.tsch_rpl_callback_new_dio_interval
                0x0000000000207a00       0x44 obj_cc2538dk/tsch-rpl.o
                0x0000000000207a00                tsch_rpl_callback_new_dio_interval
 .text.tsch_rpl_callback_parent_switch
                0x0000000000207a44       0x24 obj_cc2538dk/tsch-rpl.o
                0x0000000000207a44                tsch_rpl_callback_parent_switch
 .text.compensate_internal
                0x0000000000207a68       0x9c obj_cc2538dk/tsch-adaptive-timesync.o
 .text.tsch_timesync_update
                0x0000000000207b04       0xec obj_cc2538dk/tsch-adaptive-timesync.o
                0x0000000000207b04                tsch_timesync_update
 .text.tsch_timesync_adaptive_compensate
                0x0000000000207bf0       0x70 obj_cc2538dk/tsch-adaptive-timesync.o
                0x0000000000207bf0                tsch_timesync_adaptive_compensate
 .text.uipbuf_get_attr
                0x0000000000207c60       0x14 obj_cc2538dk/uipbuf.o
                0x0000000000207c60                uipbuf_get_attr
 .text.uipbuf_clear_attr
                0x0000000000207c74       0x18 obj_cc2538dk/uipbuf.o
                0x0000000000207c74                uipbuf_clear_attr
 .text.echo_reply_input
                0x0000000000207c8c       0xa4 obj_cc2538dk/uip-icmp6.o
 .text.echo_request_input
                0x0000000000207d30       0xd0 obj_cc2538dk/uip-icmp6.o
 .text.uip_icmp6_input
                0x0000000000207e00       0x38 obj_cc2538dk/uip-icmp6.o
                0x0000000000207e00                uip_icmp6_input
 .text.uip_icmp6_register_input_handler
                0x0000000000207e38        0xc obj_cc2538dk/uip-icmp6.o
                0x0000000000207e38                uip_icmp6_register_input_handler
 .text.uip_icmp6_error_output
                0x0000000000207e44      0x150 obj_cc2538dk/uip-icmp6.o
                0x0000000000207e44                uip_icmp6_error_output
 .text.uip_icmp6_send
                0x0000000000207f94       0x78 obj_cc2538dk/uip-icmp6.o
                0x0000000000207f94                uip_icmp6_send
 .text.uip_icmp6_init
                0x000000000020800c       0x1c obj_cc2538dk/uip-icmp6.o
                0x000000000020800c                uip_icmp6_init
 .text.node_matches_address.part.0
                0x0000000000208028       0x28 obj_cc2538dk/uip-sr.o
 .text.uip_sr_get_node
                0x0000000000208050       0x38 obj_cc2538dk/uip-sr.o
                0x0000000000208050                uip_sr_get_node
 .text.uip_sr_is_addr_reachable
                0x0000000000208088       0x44 obj_cc2538dk/uip-sr.o
                0x0000000000208088                uip_sr_is_addr_reachable
 .text.uip_sr_update_node
                0x00000000002080cc       0xa4 obj_cc2538dk/uip-sr.o
                0x00000000002080cc                uip_sr_update_node
 .text.uip_sr_init
                0x0000000000208170       0x24 obj_cc2538dk/uip-sr.o
                0x0000000000208170                uip_sr_init
 .text.uip_sr_periodic
                0x0000000000208194       0x74 obj_cc2538dk/uip-sr.o
                0x0000000000208194                uip_sr_periodic
 .text.uip_sr_free_all
                0x0000000000208208       0x48 obj_cc2538dk/uip-sr.o
                0x0000000000208208                uip_sr_free_all
 .text.uip_ds6_prefix_add
                0x0000000000208250       0x64 obj_cc2538dk/uip-ds6.o
                0x0000000000208250                uip_ds6_prefix_add
 .text.uip_ds6_is_addr_onlink
                0x00000000002082b4       0x40 obj_cc2538dk/uip-ds6.o
                0x00000000002082b4                uip_ds6_is_addr_onlink
 .text.uip_ds6_addr_lookup
                0x00000000002082f4       0x2c obj_cc2538dk/uip-ds6.o
                0x00000000002082f4                uip_ds6_addr_lookup
 .text.uip_ds6_get_link_local
                0x0000000000208320       0x3c obj_cc2538dk/uip-ds6.o
                0x0000000000208320                uip_ds6_get_link_local
 .text.uip_ds6_maddr_add
                0x000000000020835c       0x4c obj_cc2538dk/uip-ds6.o
                0x000000000020835c                uip_ds6_maddr_add
 .text.uip_ds6_addr_add
                0x00000000002083a8       0x98 obj_cc2538dk/uip-ds6.o
                0x00000000002083a8                uip_ds6_addr_add
 .text.uip_ds6_maddr_lookup
                0x0000000000208440       0x2c obj_cc2538dk/uip-ds6.o
                0x0000000000208440                uip_ds6_maddr_lookup
 .text.uip_ds6_addr_rm
                0x000000000020846c       0x44 obj_cc2538dk/uip-ds6.o
                0x000000000020846c                uip_ds6_addr_rm
 .text.uip_ds6_periodic
                0x00000000002084b0       0x48 obj_cc2538dk/uip-ds6.o
                0x00000000002084b0                uip_ds6_periodic
 .text.uip_ds6_select_src
                0x00000000002084f8       0x94 obj_cc2538dk/uip-ds6.o
                0x00000000002084f8                uip_ds6_select_src
 .text.uip_ds6_compute_reachable_time
                0x000000000020858c       0x2c obj_cc2538dk/uip-ds6.o
                0x000000000020858c                uip_ds6_compute_reachable_time
 .text.uip_ds6_init
                0x00000000002085b8       0xe0 obj_cc2538dk/uip-ds6.o
                0x00000000002085b8                uip_ds6_init
 .text.uip_udp_packet_send
                0x0000000000208698       0x34 obj_cc2538dk/uip-udp-packet.o
                0x0000000000208698                uip_udp_packet_send
 .text.uip_ds6_route_init
                0x00000000002086cc       0x1c obj_cc2538dk/uip-ds6-route.o
                0x00000000002086cc                uip_ds6_route_init
 .text.uip_ds6_defrt_rm
                0x00000000002086e8       0x38 obj_cc2538dk/uip-ds6-route.o
                0x00000000002086e8                uip_ds6_defrt_rm
 .text.uip_ds6_defrt_lookup
                0x0000000000208720       0x34 obj_cc2538dk/uip-ds6-route.o
                0x0000000000208720                uip_ds6_defrt_lookup
 .text.uip_ds6_defrt_add
                0x0000000000208754       0x60 obj_cc2538dk/uip-ds6-route.o
                0x0000000000208754                uip_ds6_defrt_add
 .text.uip_ds6_defrt_choose
                0x00000000002087b4       0x30 obj_cc2538dk/uip-ds6-route.o
                0x00000000002087b4                uip_ds6_defrt_choose
 .text.uip_ds6_defrt_periodic
                0x00000000002087e4       0x3c obj_cc2538dk/uip-ds6-route.o
                0x00000000002087e4                uip_ds6_defrt_periodic
 .text.uip_ds6_nbr_rm
                0x0000000000208820       0x24 obj_cc2538dk/uip-ds6-nbr.o
                0x0000000000208820                uip_ds6_nbr_rm
 .text.uip_ds6_neighbors_init
                0x0000000000208844       0x1c obj_cc2538dk/uip-ds6-nbr.o
                0x0000000000208844                uip_ds6_neighbors_init
 .text.uip_ds6_nbr_add
                0x0000000000208860       0x44 obj_cc2538dk/uip-ds6-nbr.o
                0x0000000000208860                uip_ds6_nbr_add
 .text.uip_ds6_nbr_get_ll
                0x00000000002088a4       0x10 obj_cc2538dk/uip-ds6-nbr.o
                0x00000000002088a4                uip_ds6_nbr_get_ll
 .text.uip_ds6_nbr_lookup
                0x00000000002088b4       0x38 obj_cc2538dk/uip-ds6-nbr.o
                0x00000000002088b4                uip_ds6_nbr_lookup
 .text.uip_ds6_nbr_ll_lookup
                0x00000000002088ec       0x10 obj_cc2538dk/uip-ds6-nbr.o
                0x00000000002088ec                uip_ds6_nbr_ll_lookup
 .text.tcpip_output
                0x00000000002088fc       0x40 obj_cc2538dk/tcpip.o
                0x00000000002088fc                tcpip_output
 .text.udp_new  0x000000000020893c       0x18 obj_cc2538dk/tcpip.o
                0x000000000020893c                udp_new
 .text.tcpip_input
                0x0000000000208954       0x34 obj_cc2538dk/tcpip.o
                0x0000000000208954                tcpip_input
 .text.tcpip_ipv6_output
                0x0000000000208988      0x12c obj_cc2538dk/tcpip.o
                0x0000000000208988                tcpip_ipv6_output
 .text.packet_input
                0x0000000000208ab4       0x20 obj_cc2538dk/tcpip.o
 .text.process_thread_tcpip_process
                0x0000000000208ad4       0xc0 obj_cc2538dk/tcpip.o
 .text.tcpip_uipcall
                0x0000000000208b94       0x2c obj_cc2538dk/tcpip.o
                0x0000000000208b94                tcpip_uipcall
 .text.upper_layer_chksum
                0x0000000000208bc0       0x50 obj_cc2538dk/uip6.o
 .text.ext_hdr_options_process
                0x0000000000208c10       0xc0 obj_cc2538dk/uip6.o
 .text.uip_init
                0x0000000000208cd0       0x40 obj_cc2538dk/uip6.o
                0x0000000000208cd0                uip_init
 .text.remove_ext_hdr
                0x0000000000208d10       0x5c obj_cc2538dk/uip6.o
                0x0000000000208d10                remove_ext_hdr
 .text.uip_udp_new
                0x0000000000208d6c       0x90 obj_cc2538dk/uip6.o
                0x0000000000208d6c                uip_udp_new
 .text.uip_process
                0x0000000000208dfc      0x3e8 obj_cc2538dk/uip6.o
                0x0000000000208dfc                uip_process
 .text.uip_htonl
                0x00000000002091e4       0x1c obj_cc2538dk/uip6.o
                0x00000000002091e4                uip_htonl
 .text.ns_input
                0x0000000000209200      0x270 obj_cc2538dk/uip-nd6.o
 .text.uip_nd6_init
                0x0000000000209470        0xc obj_cc2538dk/uip-nd6.o
                0x0000000000209470                uip_nd6_init
 .text.process_thread_simple_udp_process
                0x000000000020947c       0xac obj_cc2538dk/simple-udp.o
 .text.simple_udp_register
                0x0000000000209528       0x80 obj_cc2538dk/simple-udp.o
                0x0000000000209528                simple_udp_register
 .text.clear_fragments
                0x00000000002095a8       0x3c obj_cc2538dk/sicslowpan.o
 .text.sicslowpan_init
                0x00000000002095e4       0x18 obj_cc2538dk/sicslowpan.o
                0x00000000002095e4                sicslowpan_init
 .text.set_packet_attrs
                0x00000000002095fc       0x40 obj_cc2538dk/sicslowpan.o
 .text.compress_addr_64
                0x000000000020963c       0x90 obj_cc2538dk/sicslowpan.o
 .text.addr_context_lookup_by_prefix
                0x00000000002096cc       0x24 obj_cc2538dk/sicslowpan.o
 .text.send_packet
                0x00000000002096f0       0x24 obj_cc2538dk/sicslowpan.o
 .text.fragment_copy_payload_and_send
                0x0000000000209714       0x6c obj_cc2538dk/sicslowpan.o
 .text.output   0x0000000000209780      0x74c obj_cc2538dk/sicslowpan.o
 .text.packet_sent
                0x0000000000209ecc       0x5c obj_cc2538dk/sicslowpan.o
 .text.store_fragment
                0x0000000000209f28       0x64 obj_cc2538dk/sicslowpan.o
 .text.uncompress_addr
                0x0000000000209f8c       0x94 obj_cc2538dk/sicslowpan.o
 .text.add_fragment
                0x000000000020a020      0x148 obj_cc2538dk/sicslowpan.o
 .text.input    0x000000000020a168      0x6e4 obj_cc2538dk/sicslowpan.o
 .text.uiplib_ipaddr_snprint
                0x000000000020a84c       0xf4 obj_cc2538dk/uiplib.o
                0x000000000020a84c                uiplib_ipaddr_snprint
 .text.uiplib_ipaddr_print
                0x000000000020a940       0x20 obj_cc2538dk/uiplib.o
                0x000000000020a940                uiplib_ipaddr_print
 .text.update_state
                0x000000000020a960       0x84 obj_cc2538dk/rpl-nbr-policy.o
 .text.rpl_nbr_policy_find_removable
                0x000000000020a9e4       0x50 obj_cc2538dk/rpl-nbr-policy.o
                0x000000000020a9e4                rpl_nbr_policy_find_removable
 .text.remove_neighbor
                0x000000000020aa34       0x3c obj_cc2538dk/rpl-neighbor.o
 .text.rpl_neighbor_get_from_lladdr
                0x000000000020aa70       0x10 obj_cc2538dk/rpl-neighbor.o
                0x000000000020aa70                rpl_neighbor_get_from_lladdr
 .text.rpl_neighbor_rank_via_nbr
                0x000000000020aa80       0x18 obj_cc2538dk/rpl-neighbor.o
                0x000000000020aa80                rpl_neighbor_rank_via_nbr
 .text.rpl_neighbor_get_lladdr
                0x000000000020aa98       0x10 obj_cc2538dk/rpl-neighbor.o
                0x000000000020aa98                rpl_neighbor_get_lladdr
 .text.best_parent
                0x000000000020aaa8       0x88 obj_cc2538dk/rpl-neighbor.o
 .text.rpl_neighbor_is_parent
                0x000000000020ab30       0x18 obj_cc2538dk/rpl-neighbor.o
                0x000000000020ab30                rpl_neighbor_is_parent
 .text.rpl_neighbor_set_preferred_parent
                0x000000000020ab48       0x4c obj_cc2538dk/rpl-neighbor.o
                0x000000000020ab48                rpl_neighbor_set_preferred_parent
 .text.rpl_neighbor_remove_all
                0x000000000020ab94       0x2c obj_cc2538dk/rpl-neighbor.o
                0x000000000020ab94                rpl_neighbor_remove_all
 .text.rpl_neighbor_get_from_ipaddr
                0x000000000020abc0       0x1c obj_cc2538dk/rpl-neighbor.o
                0x000000000020abc0                rpl_neighbor_get_from_ipaddr
 .text.rpl_neighbor_select_best
                0x000000000020abdc       0x54 obj_cc2538dk/rpl-neighbor.o
                0x000000000020abdc                rpl_neighbor_select_best
 .text.rpl_neighbor_init
                0x000000000020ac30       0x14 obj_cc2538dk/rpl-neighbor.o
                0x000000000020ac30                rpl_neighbor_init
 .text.init_dag
                0x000000000020ac44       0x74 obj_cc2538dk/rpl-dag.o
 .text.init_dag_from_dio
                0x000000000020acb8       0x84 obj_cc2538dk/rpl-dag.o
 .text.rpl_dag_get_root_ipaddr
                0x000000000020ad3c       0x30 obj_cc2538dk/rpl-dag.o
                0x000000000020ad3c                rpl_dag_get_root_ipaddr
 .text.rpl_dag_leave
                0x000000000020ad6c       0x50 obj_cc2538dk/rpl-dag.o
                0x000000000020ad6c                rpl_dag_leave
 .text.rpl_dag_poison_and_leave
                0x000000000020adbc       0x10 obj_cc2538dk/rpl-dag.o
                0x000000000020adbc                rpl_dag_poison_and_leave
 .text.rpl_dag_periodic
                0x000000000020adcc       0x44 obj_cc2538dk/rpl-dag.o
                0x000000000020adcc                rpl_dag_periodic
 .text.rpl_is_addr_in_our_dag
                0x000000000020ae10       0x24 obj_cc2538dk/rpl-dag.o
                0x000000000020ae10                rpl_is_addr_in_our_dag
 .text.rpl_local_repair
                0x000000000020ae34       0x34 obj_cc2538dk/rpl-dag.o
                0x000000000020ae34                rpl_local_repair
 .text.rpl_global_repair
                0x000000000020ae68       0x38 obj_cc2538dk/rpl-dag.o
                0x000000000020ae68                rpl_global_repair
 .text.rpl_dag_ready_to_advertise
                0x000000000020aea0       0x24 obj_cc2538dk/rpl-dag.o
                0x000000000020aea0                rpl_dag_ready_to_advertise
 .text.rpl_dag_update_state
                0x000000000020aec4      0x118 obj_cc2538dk/rpl-dag.o
                0x000000000020aec4                rpl_dag_update_state
 .text.rpl_process_dio
                0x000000000020afdc      0x190 obj_cc2538dk/rpl-dag.o
                0x000000000020afdc                rpl_process_dio
 .text.rpl_process_dis
                0x000000000020b16c       0x2c obj_cc2538dk/rpl-dag.o
                0x000000000020b16c                rpl_process_dis
 .text.rpl_process_dao
                0x000000000020b198       0x4c obj_cc2538dk/rpl-dag.o
                0x000000000020b198                rpl_process_dao
 .text.rpl_process_dao_ack
                0x000000000020b1e4       0x54 obj_cc2538dk/rpl-dag.o
                0x000000000020b1e4                rpl_process_dao_ack
 .text.rpl_dag_init_root
                0x000000000020b238       0xa8 obj_cc2538dk/rpl-dag.o
                0x000000000020b238                rpl_dag_init_root
 .text.rpl_dag_init
                0x000000000020b2e0       0x10 obj_cc2538dk/rpl-dag.o
                0x000000000020b2e0                rpl_dag_init
 .text.new_dio_interval
                0x000000000020b2f0       0x68 obj_cc2538dk/rpl-timers.o
 .text.handle_unicast_dio_timer
                0x000000000020b358       0x1c obj_cc2538dk/rpl-timers.o
 .text.handle_dao_timer
                0x000000000020b374       0xd8 obj_cc2538dk/rpl-timers.o
 .text.handle_dao_ack_timer
                0x000000000020b44c       0x14 obj_cc2538dk/rpl-timers.o
 .text.handle_leaving_timer
                0x000000000020b460       0x10 obj_cc2538dk/rpl-timers.o
 .text.handle_dio_timer
                0x000000000020b470       0x70 obj_cc2538dk/rpl-timers.o
 .text.rpl_timers_schedule_periodic_dis
                0x000000000020b4e0       0x38 obj_cc2538dk/rpl-timers.o
                0x000000000020b4e0                rpl_timers_schedule_periodic_dis
 .text.handle_dis_timer
                0x000000000020b518       0x34 obj_cc2538dk/rpl-timers.o
 .text.handle_periodic_timer
                0x000000000020b54c       0x44 obj_cc2538dk/rpl-timers.o
 .text.rpl_timers_dio_reset
                0x000000000020b590       0x28 obj_cc2538dk/rpl-timers.o
                0x000000000020b590                rpl_timers_dio_reset
 .text.rpl_timers_schedule_unicast_dio
                0x000000000020b5b8       0x28 obj_cc2538dk/rpl-timers.o
                0x000000000020b5b8                rpl_timers_schedule_unicast_dio
 .text.rpl_timers_schedule_dao
                0x000000000020b5e0       0x4c obj_cc2538dk/rpl-timers.o
                0x000000000020b5e0                rpl_timers_schedule_dao
 .text.rpl_timers_schedule_dao_ack
                0x000000000020b62c       0x48 obj_cc2538dk/rpl-timers.o
                0x000000000020b62c                rpl_timers_schedule_dao_ack
 .text.get_probing_target
                0x000000000020b674       0xbc obj_cc2538dk/rpl-timers.o
                0x000000000020b674                get_probing_target
 .text.rpl_schedule_probing
                0x000000000020b730       0x28 obj_cc2538dk/rpl-timers.o
                0x000000000020b730                rpl_schedule_probing
 .text.rpl_schedule_probing_now
                0x000000000020b758       0x2c obj_cc2538dk/rpl-timers.o
                0x000000000020b758                rpl_schedule_probing_now
 .text.rpl_timers_unschedule_leaving
                0x000000000020b784       0x24 obj_cc2538dk/rpl-timers.o
                0x000000000020b784                rpl_timers_unschedule_leaving
 .text.rpl_timers_schedule_leaving
                0x000000000020b7a8       0x30 obj_cc2538dk/rpl-timers.o
                0x000000000020b7a8                rpl_timers_schedule_leaving
 .text.rpl_timers_init
                0x000000000020b7d8       0x20 obj_cc2538dk/rpl-timers.o
                0x000000000020b7d8                rpl_timers_init
 .text.rpl_timers_stop_dag_timers
                0x000000000020b7f8       0x44 obj_cc2538dk/rpl-timers.o
                0x000000000020b7f8                rpl_timers_stop_dag_timers
 .text.rpl_timers_unschedule_state_update
                0x000000000020b83c       0x14 obj_cc2538dk/rpl-timers.o
                0x000000000020b83c                rpl_timers_unschedule_state_update
 .text.rpl_timers_schedule_state_update
                0x000000000020b850       0x1c obj_cc2538dk/rpl-timers.o
                0x000000000020b850                rpl_timers_schedule_state_update
 .text.update_hbh_header
                0x000000000020b86c       0x60 obj_cc2538dk/rpl-ext-header.o
 .text.rpl_ext_header_srh_get_next_hop
                0x000000000020b8cc       0xc8 obj_cc2538dk/rpl-ext-header.o
                0x000000000020b8cc                rpl_ext_header_srh_get_next_hop
 .text.rpl_ext_header_srh_update
                0x000000000020b994       0xe4 obj_cc2538dk/rpl-ext-header.o
                0x000000000020b994                rpl_ext_header_srh_update
 .text.rpl_ext_header_hbh_update
                0x000000000020ba78       0xb8 obj_cc2538dk/rpl-ext-header.o
                0x000000000020ba78                rpl_ext_header_hbh_update
 .text.rpl_ext_header_remove
                0x000000000020bb30       0xa0 obj_cc2538dk/rpl-ext-header.o
                0x000000000020bb30                rpl_ext_header_remove
 .text.rpl_ext_header_update
                0x000000000020bbd0      0x288 obj_cc2538dk/rpl-ext-header.o
                0x000000000020bbd0                rpl_ext_header_update
 .text.rpl_has_joined
                0x000000000020be58       0x18 obj_cc2538dk/rpl.o
                0x000000000020be58                rpl_has_joined
 .text.rpl_is_reachable
                0x000000000020be70       0x18 obj_cc2538dk/rpl.o
                0x000000000020be70                rpl_is_reachable
 .text.set_ip_from_prefix
                0x000000000020be88       0x2c obj_cc2538dk/rpl.o
 .text.init     0x000000000020beb4       0x40 obj_cc2538dk/rpl.o
 .text.rpl_link_callback
                0x000000000020bef4       0x2c obj_cc2538dk/rpl.o
                0x000000000020bef4                rpl_link_callback
 .text.get_sr_node_ipaddr
                0x000000000020bf20       0x2c obj_cc2538dk/rpl.o
 .text.rpl_get_global_address
                0x000000000020bf4c       0x70 obj_cc2538dk/rpl.o
                0x000000000020bf4c                rpl_get_global_address
 .text.rpl_reset_prefix
                0x000000000020bfbc       0x28 obj_cc2538dk/rpl.o
                0x000000000020bfbc                rpl_reset_prefix
 .text.rpl_set_prefix_from_addr
                0x000000000020bfe4       0x68 obj_cc2538dk/rpl.o
                0x000000000020bfe4                rpl_set_prefix_from_addr
 .text.rpl_get_leaf_only
                0x000000000020c04c        0xc obj_cc2538dk/rpl.o
                0x000000000020c04c                rpl_get_leaf_only
 .text.update_metric_container
                0x000000000020c058        0xc obj_cc2538dk/rpl-mrhof.o
 .text.within_hysteresis
                0x000000000020c064       0x3c obj_cc2538dk/rpl-mrhof.o
 .text.rank_via_nbr
                0x000000000020c0a0       0x30 obj_cc2538dk/rpl-mrhof.o
 .text.best_parent
                0x000000000020c0d0       0x68 obj_cc2538dk/rpl-mrhof.o
 .text.dao_ack_input
                0x000000000020c138       0x44 obj_cc2538dk/rpl-icmp6.o
 .text.dao_input
                0x000000000020c17c      0x110 obj_cc2538dk/rpl-icmp6.o
 .text.dio_input
                0x000000000020c28c      0x22c obj_cc2538dk/rpl-icmp6.o
 .text.dis_input
                0x000000000020c4b8       0x3c obj_cc2538dk/rpl-icmp6.o
 .text.rpl_icmp6_dis_output
                0x000000000020c4f4       0x38 obj_cc2538dk/rpl-icmp6.o
                0x000000000020c4f4                rpl_icmp6_dis_output
 .text.rpl_icmp6_dio_output
                0x000000000020c52c      0x1c8 obj_cc2538dk/rpl-icmp6.o
                0x000000000020c52c                rpl_icmp6_dio_output
 .text.rpl_icmp6_dao_output
                0x000000000020c6f4       0xc4 obj_cc2538dk/rpl-icmp6.o
                0x000000000020c6f4                rpl_icmp6_dao_output
 .text.rpl_icmp6_dao_ack_output
                0x000000000020c7b8       0x44 obj_cc2538dk/rpl-icmp6.o
                0x000000000020c7b8                rpl_icmp6_dao_ack_output
 .text.rpl_icmp6_init
                0x000000000020c7fc       0x30 obj_cc2538dk/rpl-icmp6.o
                0x000000000020c7fc                rpl_icmp6_init
 .text.rpl_dag_root_set_prefix
                0x000000000020c82c       0x64 obj_cc2538dk/rpl-dag-root.o
                0x000000000020c82c                rpl_dag_root_set_prefix
 .text.rpl_dag_root_start
                0x000000000020c890       0x68 obj_cc2538dk/rpl-dag-root.o
                0x000000000020c890                rpl_dag_root_start
 .text.rpl_dag_root_is_root
                0x000000000020c8f8       0x18 obj_cc2538dk/rpl-dag-root.o
                0x000000000020c8f8                rpl_dag_root_is_root
 .text.process_thread_unicast_receiver_process
                0x000000000020c910       0x38 test.o
 .text.receiver
                0x000000000020c948       0x88 test.o
 .text          0x000000000020c9d0       0xa0 /usr/bin/../lib/gcc/arm-none-eabi/7.3.1/thumb/v7-m/libgcc.a(_aeabi_ldivmod.o)
                0x000000000020c9d0                __aeabi_ldivmod
 .text          0x000000000020ca70       0x30 /usr/bin/../lib/gcc/arm-none-eabi/7.3.1/thumb/v7-m/libgcc.a(_aeabi_uldivmod.o)
                0x000000000020ca70                __aeabi_uldivmod
 .text          0x000000000020caa0      0x2d0 /usr/bin/../lib/gcc/arm-none-eabi/7.3.1/thumb/v7-m/libgcc.a(_udivmoddi4.o)
                0x000000000020caa0                __udivmoddi4
 .text          0x000000000020cd70        0x4 /usr/bin/../lib/gcc/arm-none-eabi/7.3.1/thumb/v7-m/libgcc.a(_dvmd_tls.o)
                0x000000000020cd70                __aeabi_ldiv0
                0x000000000020cd70                __aeabi_idiv0
 .text.memcmp   0x000000000020cd74       0x64 /usr/bin/../lib/gcc/arm-none-eabi/7.3.1/../../../../arm-none-eabi/lib/thumb/v7-m/libc.a(lib_a-memcmp.o)
                0x000000000020cd74                memcmp
 .text          0x000000000020cdd8       0xec /usr/bin/../lib/gcc/arm-none-eabi/7.3.1/../../../../arm-none-eabi/lib/thumb/v7-m/libc.a(lib_a-memcpy.o)
                0x000000000020cdd8                memcpy
 .text.memmove  0x000000000020cec4       0xc4 /usr/bin/../lib/gcc/arm-none-eabi/7.3.1/../../../../arm-none-eabi/lib/thumb/v7-m/libc.a(lib_a-memmove.o)
                0x000000000020cec4                memmove
 .text.memset   0x000000000020cf88       0x94 /usr/bin/../lib/gcc/arm-none-eabi/7.3.1/../../../../arm-none-eabi/lib/thumb/v7-m/libc.a(lib_a-memset.o)
                0x000000000020cf88                memset
 .text.strlen   0x000000000020d01c       0x5c /usr/bin/../lib/gcc/arm-none-eabi/7.3.1/../../../../arm-none-eabi/lib/thumb/v7-m/libc.a(lib_a-strlen-stub.o)
                0x000000000020d01c                strlen
 .text.default_handler
                0x000000000020d078        0x2 obj_cc2538dk/startup-gcc.o
                0x000000000020d078                default_handler
 .text.nmi_handler
                0x000000000020d07a        0x6 obj_cc2538dk/startup-gcc.o
                0x000000000020d07a                nmi_handler
 .text.fade     0x000000000020d080       0x58 obj_cc2538dk/platform.o
 .text.platform_init_stage_one
                0x000000000020d0d8       0x14 obj_cc2538dk/platform.o
                0x000000000020d0d8                platform_init_stage_one
 .text.platform_idle
                0x000000000020d0ec        0x4 obj_cc2538dk/platform.o
                0x000000000020d0ec                platform_idle
 .text.soc_init
                0x000000000020d0f0       0x22 obj_cc2538dk/soc.o
                0x000000000020d0f0                soc_init
 .text.clock_isr
                0x000000000020d112        0x4 obj_cc2538dk/clock.o
                0x000000000020d112                clock_isr
 .text.rtimer_arch_init
                0x000000000020d116        0x2 obj_cc2538dk/rtimer-arch.o
                0x000000000020d116                rtimer_arch_init
 .text.uart0_isr
                0x000000000020d118        0x6 obj_cc2538dk/uart.o
                0x000000000020d118                uart0_isr
 .text.uart1_isr
                0x000000000020d11e        0x6 obj_cc2538dk/uart.o
                0x000000000020d11e                uart1_isr
 .text.gpio_port_a_isr
                0x000000000020d124        0x6 obj_cc2538dk/gpio.o
                0x000000000020d124                gpio_port_a_isr
 .text.gpio_port_b_isr
                0x000000000020d12a        0x6 obj_cc2538dk/gpio.o
                0x000000000020d12a                gpio_port_b_isr
 .text.gpio_port_c_isr
                0x000000000020d130        0x6 obj_cc2538dk/gpio.o
                0x000000000020d130                gpio_port_c_isr
 .text.gpio_port_d_isr
                0x000000000020d136        0x6 obj_cc2538dk/gpio.o
                0x000000000020d136                gpio_port_d_isr
 .text.gpio_hal_arch_write_pin
                0x000000000020d13c       0x24 obj_cc2538dk/gpio-hal-arch.o
                0x000000000020d13c                gpio_hal_arch_write_pin
 .text.send     0x000000000020d160       0x12 obj_cc2538dk/cc2538-rf.o
 .text.int_master_read_and_disable
                0x000000000020d172        0x8 obj_cc2538dk/int-master.o
                0x000000000020d172                int_master_read_and_disable
 .text.int_master_status_set
                0x000000000020d17a        0x6 obj_cc2538dk/int-master.o
                0x000000000020d17a                int_master_status_set
 .text.dbg_putchar
                0x000000000020d180       0x10 obj_cc2538dk/dbg.o
                0x000000000020d180                dbg_putchar
 .text.dbg_send_bytes
                0x000000000020d190       0x20 obj_cc2538dk/dbg.o
                0x000000000020d190                dbg_send_bytes
 .text.configure
                0x000000000020d1b0        0x4 obj_cc2538dk/cc2538-temp-sensor.o
 .text.status   0x000000000020d1b4        0x4 obj_cc2538dk/cc2538-temp-sensor.o
 .text.value    0x000000000020d1b8       0x34 obj_cc2538dk/cc2538-temp-sensor.o
 .text.configure
                0x000000000020d1ec        0x4 obj_cc2538dk/vdd3-sensor.o
 .text.status   0x000000000020d1f0        0x4 obj_cc2538dk/vdd3-sensor.o
 .text.value    0x000000000020d1f4       0x2a obj_cc2538dk/vdd3-sensor.o
 .text.stimer_set
                0x000000000020d21e        0xe obj_cc2538dk/stimer.o
                0x000000000020d21e                stimer_set
 .text.autostart_start
                0x000000000020d22c       0x14 obj_cc2538dk/autostart.o
                0x000000000020d22c                autostart_start
 .text.energest_init
                0x000000000020d240        0x2 obj_cc2538dk/energest.o
                0x000000000020d240                energest_init
 .text.etimer_set
                0x000000000020d242       0x12 obj_cc2538dk/etimer.o
                0x000000000020d242                etimer_set
 .text.etimer_reset
                0x000000000020d254       0x12 obj_cc2538dk/etimer.o
                0x000000000020d254                etimer_reset
 .text.etimer_expired
                0x000000000020d266        0xa obj_cc2538dk/etimer.o
                0x000000000020d266                etimer_expired
 .text.call_process
                0x000000000020d270        0xc obj_cc2538dk/process.o
 .text.rtimer_init
                0x000000000020d27c        0x4 obj_cc2538dk/rtimer.o
                0x000000000020d27c                rtimer_init
 .text.timer_set
                0x000000000020d280        0xe obj_cc2538dk/timer.o
                0x000000000020d280                timer_set
 .text.timer_reset
                0x000000000020d28e        0xa obj_cc2538dk/timer.o
                0x000000000020d28e                timer_reset
 .text.timer_expired
                0x000000000020d298       0x1c obj_cc2538dk/timer.o
                0x000000000020d298                timer_expired
 .text.button_hal_get_state
                0x000000000020d2b4       0x28 obj_cc2538dk/button-hal.o
                0x000000000020d2b4                button_hal_get_state
 .text.gpio_hal_arch_toggle_pin
                0x000000000020d2dc       0x2a obj_cc2538dk/gpio-hal.o
                0x000000000020d2dc                gpio_hal_arch_toggle_pin
 .text.ringbufindex_init
                0x000000000020d306        0xc obj_cc2538dk/ringbufindex.o
                0x000000000020d306                ringbufindex_init
 .text.ringbufindex_put
                0x000000000020d312       0x1c obj_cc2538dk/ringbufindex.o
                0x000000000020d312                ringbufindex_put
 .text.ringbufindex_peek_put
                0x000000000020d32e       0x16 obj_cc2538dk/ringbufindex.o
                0x000000000020d32e                ringbufindex_peek_put
 .text.ringbufindex_get
                0x000000000020d344       0x1c obj_cc2538dk/ringbufindex.o
                0x000000000020d344                ringbufindex_get
 .text.ringbufindex_peek_get
                0x000000000020d360       0x14 obj_cc2538dk/ringbufindex.o
                0x000000000020d360                ringbufindex_peek_get
 .text.ringbufindex_elements
                0x000000000020d374        0xc obj_cc2538dk/ringbufindex.o
                0x000000000020d374                ringbufindex_elements
 .text.ringbufindex_empty
                0x000000000020d380        0xe obj_cc2538dk/ringbufindex.o
                0x000000000020d380                ringbufindex_empty
 .text.list_init
                0x000000000020d38e        0x6 obj_cc2538dk/list.o
                0x000000000020d38e                list_init
 .text.list_head
                0x000000000020d394        0x4 obj_cc2538dk/list.o
                0x000000000020d394                list_head
 .text.list_tail
                0x000000000020d398       0x10 obj_cc2538dk/list.o
                0x000000000020d398                list_tail
 .text.list_remove
                0x000000000020d3a8       0x26 obj_cc2538dk/list.o
                0x000000000020d3a8                list_remove
 .text.list_add
                0x000000000020d3ce       0x1a obj_cc2538dk/list.o
                0x000000000020d3ce                list_add
 .text.list_push
                0x000000000020d3e8       0x10 obj_cc2538dk/list.o
                0x000000000020d3e8                list_push
 .text.list_item_next
                0x000000000020d3f8        0x6 obj_cc2538dk/list.o
                0x000000000020d3f8                list_item_next
 .text.memb_init
                0x000000000020d3fe       0x20 obj_cc2538dk/memb.o
                0x000000000020d3fe                memb_init
 .text.memb_alloc
                0x000000000020d41e       0x28 obj_cc2538dk/memb.o
                0x000000000020d41e                memb_alloc
 .text.memb_free
                0x000000000020d446       0x2c obj_cc2538dk/memb.o
                0x000000000020d446                memb_free
 .text.memb_inmemb
                0x000000000020d472       0x1c obj_cc2538dk/memb.o
                0x000000000020d472                memb_inmemb
 .text.memb_numfree
                0x000000000020d48e       0x1c obj_cc2538dk/memb.o
                0x000000000020d48e                memb_numfree
 .text.ringbuf_init
                0x000000000020d4aa        0xe obj_cc2538dk/ringbuf.o
                0x000000000020d4aa                ringbuf_init
 .text.ringbuf_put
                0x000000000020d4b8       0x26 obj_cc2538dk/ringbuf.o
                0x000000000020d4b8                ringbuf_put
 .text.ringbuf_get
                0x000000000020d4de       0x20 obj_cc2538dk/ringbuf.o
                0x000000000020d4de                ringbuf_get
 .text.queuebuf_datalen
                0x000000000020d4fe        0x8 obj_cc2538dk/queuebuf.o
                0x000000000020d4fe                queuebuf_datalen
 .text.item_from_index
                0x000000000020d506       0x14 obj_cc2538dk/nbr-table.o
 .text.index_from_item
                0x000000000020d51a       0x16 obj_cc2538dk/nbr-table.o
 .text.nbr_set_bit
                0x000000000020d530       0x3a obj_cc2538dk/nbr-table.o
 .text.nbr_table_get_from_lladdr
                0x000000000020d56a       0x26 obj_cc2538dk/nbr-table.o
                0x000000000020d56a                nbr_table_get_from_lladdr
 .text.packetbuf_remaininglen
                0x000000000020d590        0xe obj_cc2538dk/packetbuf.o
                0x000000000020d590                packetbuf_remaininglen
 .text.linkaddr_copy
                0x000000000020d59e        0x6 obj_cc2538dk/linkaddr.o
                0x000000000020d59e                linkaddr_copy
 .text.linkaddr_cmp
                0x000000000020d5a4       0x10 obj_cc2538dk/linkaddr.o
                0x000000000020d5a4                linkaddr_cmp
 .text.link_stats_is_fresh
                0x000000000020d5b4       0x24 obj_cc2538dk/link-stats.o
                0x000000000020d5b4                link_stats_is_fresh
 .text.guess_etx_from_rssi
                0x000000000020d5d8       0x42 obj_cc2538dk/link-stats.o
                0x000000000020d5d8                guess_etx_from_rssi
 .text.mac_call_sent_callback
                0x000000000020d61a       0x18 obj_cc2538dk/mac.o
                0x000000000020d61a                mac_call_sent_callback
 .text.frame80215e_create_ie_header_ack_nack_time_correction
                0x000000000020d632       0x2c obj_cc2538dk/frame802154e-ie.o
                0x000000000020d632                frame80215e_create_ie_header_ack_nack_time_correction
 .text.frame80215e_create_ie_header_list_termination_1
                0x000000000020d65e       0x18 obj_cc2538dk/frame802154e-ie.o
                0x000000000020d65e                frame80215e_create_ie_header_list_termination_1
 .text.frame80215e_create_ie_mlme
                0x000000000020d676       0x20 obj_cc2538dk/frame802154e-ie.o
                0x000000000020d676                frame80215e_create_ie_mlme
 .text.frame80215e_create_ie_tsch_synchronization
                0x000000000020d696       0x32 obj_cc2538dk/frame802154e-ie.o
                0x000000000020d696                frame80215e_create_ie_tsch_synchronization
 .text.frame80215e_create_ie_tsch_slotframe_and_link
                0x000000000020d6c8       0x96 obj_cc2538dk/frame802154e-ie.o
                0x000000000020d6c8                frame80215e_create_ie_tsch_slotframe_and_link
 .text.frame80215e_create_ie_tsch_timeslot
                0x000000000020d75e       0x44 obj_cc2538dk/frame802154e-ie.o
                0x000000000020d75e                frame80215e_create_ie_tsch_timeslot
 .text.frame80215e_create_ie_tsch_channel_hopping_sequence
                0x000000000020d7a2       0x72 obj_cc2538dk/frame802154e-ie.o
                0x000000000020d7a2                frame80215e_create_ie_tsch_channel_hopping_sequence
 .text.parse    0x000000000020d814       0x8a obj_cc2538dk/framer-802154.o
 .text.framer_802154_setup_params.part.0
                0x000000000020d89e       0x7e obj_cc2538dk/framer-802154.o
 .text.create   0x000000000020d91c        0x6 obj_cc2538dk/framer-802154.o
 .text.hdr_length
                0x000000000020d922        0x6 obj_cc2538dk/framer-802154.o
 .text.framer_802154_setup_params
                0x000000000020d928        0xa obj_cc2538dk/framer-802154.o
                0x000000000020d928                framer_802154_setup_params
 .text.frame802154_has_panid
                0x000000000020d932       0xbc obj_cc2538dk/frame802154.o
                0x000000000020d932                frame802154_has_panid
 .text.field_len
                0x000000000020d9ee       0x84 obj_cc2538dk/frame802154.o
 .text.frame802154_is_broadcast_addr
                0x000000000020da72       0x1e obj_cc2538dk/frame802154.o
                0x000000000020da72                frame802154_is_broadcast_addr
 .text.frame802154_hdrlen
                0x000000000020da90       0x32 obj_cc2538dk/frame802154.o
                0x000000000020da90                frame802154_hdrlen
 .text.frame802154_create_fcf
                0x000000000020dac2       0x5e obj_cc2538dk/frame802154.o
                0x000000000020dac2                frame802154_create_fcf
 .text.frame802154_create
                0x000000000020db20       0x8e obj_cc2538dk/frame802154.o
                0x000000000020db20                frame802154_create
 .text.frame802154_parse_fcf
                0x000000000020dbae       0x66 obj_cc2538dk/frame802154.o
                0x000000000020dbae                frame802154_parse_fcf
 .text.write_str
                0x000000000020dc14       0x10 obj_cc2538dk/printf.o
 .text.buffer_str
                0x000000000020dc24       0x16 obj_cc2538dk/sprintf.o
 .text.buffer_str
                0x000000000020dc3a       0x28 obj_cc2538dk/snprintf.o
 .text.snprintf
                0x000000000020dc62       0x1a obj_cc2538dk/snprintf.o
                0x000000000020dc62                snprintf
 .text.putchar  0x000000000020dc7c        0xc obj_cc2538dk/putchar.o
                0x000000000020dc7c                putchar
 .text.tsch_queue_packet_count
                0x000000000020dc88       0x22 obj_cc2538dk/tsch-queue.o
                0x000000000020dc88                tsch_queue_packet_count
 .text.tsch_queue_remove_packet_from_queue
                0x000000000020dcaa       0x28 obj_cc2538dk/tsch-queue.o
                0x000000000020dcaa                tsch_queue_remove_packet_from_queue
 .text.tsch_queue_is_empty
                0x000000000020dcd2       0x20 obj_cc2538dk/tsch-queue.o
                0x000000000020dcd2                tsch_queue_is_empty
 .text.tsch_queue_flush_nbr_queue
                0x000000000020dcf2       0x32 obj_cc2538dk/tsch-queue.o
 .text.tsch_queue_get_packet_for_nbr
                0x000000000020dd24       0x3c obj_cc2538dk/tsch-queue.o
                0x000000000020dd24                tsch_queue_get_packet_for_nbr
 .text.tsch_queue_backoff_inc
                0x000000000020dd60       0x26 obj_cc2538dk/tsch-queue.o
                0x000000000020dd60                tsch_queue_backoff_inc
 .text.tsch_queue_packet_sent
                0x000000000020dd86       0x50 obj_cc2538dk/tsch-queue.o
                0x000000000020dd86                tsch_queue_packet_sent
 .text.tsch_schedule_get_link_by_timeslot
                0x000000000020ddd6       0x2a obj_cc2538dk/tsch-schedule.o
                0x000000000020ddd6                tsch_schedule_get_link_by_timeslot
 .text.tsch_schedule_remove_link_by_timeslot
                0x000000000020de00       0x1a obj_cc2538dk/tsch-schedule.o
                0x000000000020de00                tsch_schedule_remove_link_by_timeslot
 .text.tsch_packet_parse_eb
                0x000000000020de1a       0x72 obj_cc2538dk/tsch-packet.o
                0x000000000020de1a                tsch_packet_parse_eb
 .text.tsch_packet_set_frame_pending
                0x000000000020de8c        0xa obj_cc2538dk/tsch-packet.o
                0x000000000020de8c                tsch_packet_set_frame_pending
 .text.tsch_packet_get_frame_pending
                0x000000000020de96        0x8 obj_cc2538dk/tsch-packet.o
                0x000000000020de96                tsch_packet_get_frame_pending
 .text.tsch_rpl_callback_joining_network
                0x000000000020de9e        0x2 obj_cc2538dk/tsch-rpl.o
                0x000000000020de9e                tsch_rpl_callback_joining_network
 .text.uip_sr_expire_parent
                0x000000000020dea0       0x28 obj_cc2538dk/uip-sr.o
                0x000000000020dea0                uip_sr_expire_parent
 .text.uip_ds6_list_loop
                0x000000000020dec8       0x4c obj_cc2538dk/uip-ds6.o
                0x000000000020dec8                uip_ds6_list_loop
 .text.uip_ds6_maddr_rm
                0x000000000020df14        0x8 obj_cc2538dk/uip-ds6.o
                0x000000000020df14                uip_ds6_maddr_rm
 .text.uip_ds6_set_addr_iid
                0x000000000020df1c       0x16 obj_cc2538dk/uip-ds6.o
                0x000000000020df1c                uip_ds6_set_addr_iid
 .text.uip_ds6_set_lladdr_from_iid
                0x000000000020df32       0x16 obj_cc2538dk/uip-ds6.o
                0x000000000020df32                uip_ds6_set_lladdr_from_iid
 .text.get_match_length
                0x000000000020df48       0x36 obj_cc2538dk/uip-ds6.o
                0x000000000020df48                get_match_length
 .text.uip_udp_packet_sendto
                0x000000000020df7e       0x50 obj_cc2538dk/uip-udp-packet.o
                0x000000000020df7e                uip_udp_packet_sendto
 .text.uip_ds6_route_nexthop
                0x000000000020dfce        0x4 obj_cc2538dk/uip-ds6-route.o
                0x000000000020dfce                uip_ds6_route_nexthop
 .text.uip_ds6_route_lookup
                0x000000000020dfd2        0x4 obj_cc2538dk/uip-ds6-route.o
                0x000000000020dfd2                uip_ds6_route_lookup
 .text.uip_ds6_route_rm
                0x000000000020dfd6        0x2 obj_cc2538dk/uip-ds6-route.o
                0x000000000020dfd6                uip_ds6_route_rm
 .text.uip_ds6_nbr_update_ll
                0x000000000020dfd8       0x5e obj_cc2538dk/uip-ds6-nbr.o
                0x000000000020dfd8                uip_ds6_nbr_update_ll
 .text.uip_ds6_nbr_ipaddr_from_lladdr
                0x000000000020e036        0x4 obj_cc2538dk/uip-ds6-nbr.o
                0x000000000020e036                uip_ds6_nbr_ipaddr_from_lladdr
 .text.uip_ds6_nbr_lladdr_from_ipaddr
                0x000000000020e03a       0x12 obj_cc2538dk/uip-ds6-nbr.o
                0x000000000020e03a                uip_ds6_nbr_lladdr_from_ipaddr
 .text.uip_ds6_link_callback
                0x000000000020e04c        0x2 obj_cc2538dk/uip-ds6-nbr.o
                0x000000000020e04c                uip_ds6_link_callback
 .text.chksum   0x000000000020e04e       0x38 obj_cc2538dk/uip6.o
 .text.uip_icmp6chksum
                0x000000000020e086        0x6 obj_cc2538dk/uip6.o
                0x000000000020e086                uip_icmp6chksum
 .text.uip_udpchksum
                0x000000000020e08c        0x6 obj_cc2538dk/uip6.o
                0x000000000020e08c                uip_udpchksum
 .text.simple_udp_sendto
                0x000000000020e092       0x1e obj_cc2538dk/simple-udp.o
                0x000000000020e092                simple_udp_sendto
 .text.rpl_neighbor_get_ipaddr
                0x000000000020e0b0        0xe obj_cc2538dk/rpl-neighbor.o
                0x000000000020e0b0                rpl_neighbor_get_ipaddr
 .text.rpl_neighbor_get_link_stats
                0x000000000020e0be        0xe obj_cc2538dk/rpl-neighbor.o
                0x000000000020e0be                rpl_neighbor_get_link_stats
 .text.rpl_neighbor_is_fresh
                0x000000000020e0cc        0xe obj_cc2538dk/rpl-neighbor.o
                0x000000000020e0cc                rpl_neighbor_is_fresh
 .text.rpl_process_hbh
                0x000000000020e0da       0x1c obj_cc2538dk/rpl-dag.o
                0x000000000020e0da                rpl_process_hbh
 .text.handle_state_update
                0x000000000020e0f6        0x4 obj_cc2538dk/rpl-timers.o
 .text.get_probing_delay
                0x000000000020e0fa       0x1a obj_cc2538dk/rpl-timers.o
                0x000000000020e0fa                get_probing_delay
 .text.handle_probing_timer
                0x000000000020e114       0x24 obj_cc2538dk/rpl-timers.o
 .text.neighbor_state_changed
                0x000000000020e138        0x2 obj_cc2538dk/rpl.o
 .text.drop_route
                0x000000000020e13a        0x2 obj_cc2538dk/rpl.o
 .text.rpl_lollipop_greater_than
                0x000000000020e13c       0x34 obj_cc2538dk/rpl.o
                0x000000000020e13c                rpl_lollipop_greater_than
 .text.reset    0x000000000020e170        0x2 obj_cc2538dk/rpl-mrhof.o
 .text.nbr_link_metric
                0x000000000020e172       0x12 obj_cc2538dk/rpl-mrhof.o
 .text.nbr_path_cost
                0x000000000020e184       0x28 obj_cc2538dk/rpl-mrhof.o
 .text.nbr_has_usable_link
                0x000000000020e1ac       0x12 obj_cc2538dk/rpl-mrhof.o
 .text.nbr_is_acceptable_parent
                0x000000000020e1be       0x1e obj_cc2538dk/rpl-mrhof.o
 .text.get32    0x000000000020e1dc       0x18 obj_cc2538dk/rpl-icmp6.o
 .text.set32    0x000000000020e1f4       0x12 obj_cc2538dk/rpl-icmp6.o
 .text.get16    0x000000000020e206        0xc obj_cc2538dk/rpl-icmp6.o
 .text.set16    0x000000000020e212        0xa obj_cc2538dk/rpl-icmp6.o
 .text.rpl_icmp6_update_nbr_table
                0x000000000020e21c       0x2e obj_cc2538dk/rpl-icmp6.o
                0x000000000020e21c                rpl_icmp6_update_nbr_table
 *(SORT_BY_ALIGNMENT(.rodata*))
 *fill*         0x000000000020e24a        0x2 00000000
 .rodata.uart_regs
                0x000000000020e24c       0x58 obj_cc2538dk/uart.o
 .rodata.cc2538_rf_driver
                0x000000000020e2a4       0x38 obj_cc2538dk/cc2538-rf.o
                0x000000000020e2a4                cc2538_rf_driver
 .rodata.output_power
                0x000000000020e2dc       0x70 obj_cc2538dk/cc2538-rf.o
 .rodata.cc2538_temp_sensor
                0x000000000020e34c       0x10 obj_cc2538dk/cc2538-temp-sensor.o
                0x000000000020e34c                cc2538_temp_sensor
 .rodata.vdd3_sensor
                0x000000000020e35c       0x10 obj_cc2538dk/vdd3-sensor.o
                0x000000000020e35c                vdd3_sensor
 .rodata.framer_802154
                0x000000000020e36c        0xc obj_cc2538dk/framer-802154.o
                0x000000000020e36c                framer_802154
 .rodata.tschmac_driver
                0x000000000020e378       0x18 obj_cc2538dk/tsch.o
                0x000000000020e378                tschmac_driver
 .rodata.sicslowpan_driver
                0x000000000020e390       0x10 obj_cc2538dk/sicslowpan.o
                0x000000000020e390                sicslowpan_driver
 .rodata.rpl_lite_driver
                0x000000000020e3a0       0x50 obj_cc2538dk/rpl.o
                0x000000000020e3a0                rpl_lite_driver
 .rodata.autostart_processes
                0x000000000020e3f0        0x8 test.o
                0x000000000020e3f0                autostart_processes
 .rodata.linkaddr_null
                0x000000000020e3f8        0x8 obj_cc2538dk/linkaddr.o
                0x000000000020e3f8                linkaddr_null
 .rodata.tsch_broadcast_address
                0x000000000020e400        0x8 obj_cc2538dk/tsch.o
                0x000000000020e400                tsch_broadcast_address
 .rodata.tsch_default_timing_us
                0x000000000020e408       0x18 obj_cc2538dk/tsch.o
 .rodata.tsch_eb_address
                0x000000000020e420        0x8 obj_cc2538dk/tsch.o
                0x000000000020e420                tsch_eb_address
 .rodata.leds_arch_leds
                0x000000000020e428        0x6 obj_cc2538dk/leds-arch.o
                0x000000000020e428                leds_arch_leds
 .rodata.platform_init_stage_three.str1.1
                0x000000000020e42e       0x41 obj_cc2538dk/platform.o
                                         0x45 (size before relaxing)
 .rodata.str1.1
                0x000000000020e46f        0x8 obj_cc2538dk/sensors.o
 .rodata.str1.1
                0x000000000020e477        0xb obj_cc2538dk/board-buttons.o
 .rodata.str1.1
                0x000000000020e482       0x11 obj_cc2538dk/cc2538-rf.o
 .rodata.str1.1
                0x000000000020e493       0x14 obj_cc2538dk/cc2538-temp-sensor.o
 .rodata.str1.1
                0x000000000020e4a7        0x5 obj_cc2538dk/vdd3-sensor.o
 .rodata.main.str1.1
                0x000000000020e4ac       0xf6 obj_cc2538dk/contiki-main.o
                                        0x10c (size before relaxing)
 .rodata.str1.1
                0x000000000020e5a2        0xc obj_cc2538dk/etimer.o
 .rodata.log_6addr.str1.1
                0x000000000020e5ae        0x3 obj_cc2538dk/log.o
 .rodata.log_lladdr.str1.1
                0x000000000020e5b1       0x16 obj_cc2538dk/log.o
 .rodata.str1.1
                0x000000000020e5c7        0xf obj_cc2538dk/ctimer.o
 .rodata.process_thread_stack_check_process.str1.1
                0x000000000020e5d6       0x23 obj_cc2538dk/stack-check.o
                                         0x32 (size before relaxing)
 .rodata.str1.1
                0x000000000020e5f9        0xc obj_cc2538dk/stack-check.o
 .rodata.str1.1
                0x000000000020e605       0x13 obj_cc2538dk/button-hal.o
 .rodata.str1.1
                0x000000000020e618        0xe obj_cc2538dk/serial-line.o
 .rodata.buffer.5319
                0x000000000020e626       0x10 obj_cc2538dk/strformat.o
 .rodata.buffer.5328
                0x000000000020e636       0x10 obj_cc2538dk/strformat.o
 .rodata.format_str_v.str1.1
                0x000000000020e646       0x35 obj_cc2538dk/strformat.o
                                         0x37 (size before relaxing)
 .rodata        0x000000000020e67b        0x4 obj_cc2538dk/tsch.o
 .rodata.str1.1
                0x000000000020e67f       0x39 obj_cc2538dk/tsch.o
 .rodata.tsch_rpl_callback_leaving_network.str1.1
                0x000000000020e6b8        0xd obj_cc2538dk/tsch-rpl.o
 .rodata.str1.1
                0x000000000020e6c5        0xd obj_cc2538dk/tcpip.o
 .rodata.tcpip_ipv6_output.str1.1
                0x000000000020e6d2       0x1c obj_cc2538dk/tcpip.o
 .rodata.str1.1
                0x000000000020e6ee       0x13 obj_cc2538dk/simple-udp.o
 .rodata        0x000000000020e701        0x2 obj_cc2538dk/sicslowpan.o
 .rodata.llprefix
                0x000000000020e703        0x2 obj_cc2538dk/sicslowpan.o
                0x000000000020e703                llprefix
 .rodata.str1.1
                0x000000000020e705        0xb obj_cc2538dk/sicslowpan.o
 .rodata.ttl_values
                0x000000000020e710        0x4 obj_cc2538dk/sicslowpan.o
 .rodata.unc_ctxconf
                0x000000000020e714        0x4 obj_cc2538dk/sicslowpan.o
                0x000000000020e714                unc_ctxconf
 .rodata.unc_llconf
                0x000000000020e718        0x4 obj_cc2538dk/sicslowpan.o
                0x000000000020e718                unc_llconf
 .rodata.unc_mxconf
                0x000000000020e71c        0x4 obj_cc2538dk/sicslowpan.o
                0x000000000020e71c                unc_mxconf
 .rodata.uiplib_ipaddr_print.str1.1
                0x000000000020e720        0x3 obj_cc2538dk/uiplib.o
 .rodata.uiplib_ipaddr_snprint.str1.1
                0x000000000020e720       0x28 obj_cc2538dk/uiplib.o
                                         0x2a (size before relaxing)
 .rodata.rpl_dag_init_root.str1.1
                0x000000000020e748        0xa obj_cc2538dk/rpl-dag.o
 .rodata.rpl_dag_update_state.str1.1
                0x000000000020e752       0x31 obj_cc2538dk/rpl-dag.o
 .rodata.rpl_global_repair.str1.1
                0x000000000020e783        0xe obj_cc2538dk/rpl-dag.o
 .rodata.rpl_local_repair.str1.1
                0x000000000020e791        0xd obj_cc2538dk/rpl-dag.o
 .rodata.rpl_process_dao_ack.str1.1
                0x000000000020e79e        0xa obj_cc2538dk/rpl-dag.o
 .rodata.rpl_process_dio.str1.1
                0x000000000020e7a8       0x3a obj_cc2538dk/rpl-dag.o
 .rodata.rpl_process_dis.str1.1