Archive member included to satisfy reference by file (symbol)

contiki-ng-native.a(webserver.o)
                              border-router.o (webserver_nogui_process)
contiki-ng-native.a(contiki-main.o)
                              /usr/lib/gcc/x86_64-linux-gnu/7/../../../x86_64-linux-gnu/Scrt1.o (main)
contiki-ng-native.a(autostart.o)
                              contiki-ng-native.a(contiki-main.o) (autostart_start)
contiki-ng-native.a(energest.o)
                              contiki-ng-native.a(contiki-main.o) (energest_init)
contiki-ng-native.a(etimer.o)
                              contiki-ng-native.a(contiki-main.o) (etimer_process)
contiki-ng-native.a(log.o)    contiki-ng-native.a(contiki-main.o) (curr_log_level_main)
contiki-ng-native.a(ctimer.o)
                              contiki-ng-native.a(contiki-main.o) (ctimer_init)
contiki-ng-native.a(process.o)
                              contiki-ng-native.a(etimer.o) (process_current)
contiki-ng-native.a(rtimer.o)
                              contiki-ng-native.a(contiki-main.o) (rtimer_init)
contiki-ng-native.a(node-id.o)
                              contiki-ng-native.a(contiki-main.o) (node_id)
contiki-ng-native.a(timer.o)  contiki-ng-native.a(etimer.o) (timer_set)
contiki-ng-native.a(list.o)   contiki-ng-native.a(ctimer.o) (list_init)
contiki-ng-native.a(nbr-table.o)
                              contiki-ng-native.a(webserver.o) (nbr_table_head)
contiki-ng-native.a(netstack.o)
                              contiki-ng-native.a(contiki-main.o) (netstack_init)
contiki-ng-native.a(linkaddr.o)
                              contiki-ng-native.a(contiki-main.o) (linkaddr_node_addr)
contiki-ng-native.a(uip-sr.o)
                              contiki-ng-native.a(webserver.o) (uip_sr_num_nodes)
contiki-ng-native.a(uip-ds6.o)
                              contiki-ng-native.a(contiki-main.o) (uip_ds6_get_link_local)
contiki-ng-native.a(uip-ds6-route.o)
                              contiki-ng-native.a(uip-ds6.o) (uip_ds6_route_init)
contiki-ng-native.a(psock.o)  contiki-ng-native.a(webserver.o) (psock_send)
contiki-ng-native.a(uip-ds6-nbr.o)
                              contiki-ng-native.a(webserver.o) (ds6_neighbors)
contiki-ng-native.a(tcpip.o)  contiki-ng-native.a(webserver.o) (tcpip_event)
contiki-ng-native.a(uip6.o)   contiki-ng-native.a(contiki-main.o) (uip_lladdr)
contiki-ng-native.a(uip-nd6.o)
                              contiki-ng-native.a(uip6.o) (uip_nd6_init)
contiki-ng-native.a(sicslowpan.o)
                              contiki-ng-native.a(contiki-main.o) (sicslowpan_driver)
contiki-ng-native.a(uiplib.o)
                              contiki-ng-native.a(log.o) (uiplib_ipaddr_snprint)
contiki-ng-native.a(rpl-nbr-policy.)
                              contiki-ng-native.a(nbr-table.o) (rpl_nbr_policy_find_removable)
contiki-ng-native.a(rpl-neighbor.o)
                              contiki-ng-native.a(rpl-nbr-policy.) (rpl_neighbor_rank_via_nbr)
contiki-ng-native.a(rpl-dag.o)
                              contiki-ng-native.a(rpl-nbr-policy.) (curr_instance)
contiki-ng-native.a(rpl-timers.o)
                              contiki-ng-native.a(rpl-dag.o) (rpl_timers_schedule_periodic_dis)
contiki-ng-native.a(rpl.o)    contiki-ng-native.a(rpl-dag.o) (rpl_lollipop_greater_than)
contiki-ng-native.a(rpl-mrhof.o)
                              contiki-ng-native.a(rpl-dag.o) (rpl_mrhof)
contiki-ng-native.a(rpl-icmp6.o)
                              contiki-ng-native.a(rpl-dag.o) (rpl_icmp6_update_nbr_table)
contiki-ng-native.a(rpl-dag-root.o)
                              contiki-ng-native.a(rpl-timers.o) (rpl_dag_root_print_links)
contiki-ng-native.a(tun-bridge.o)
                              contiki-ng-native.a(tcpip.o) (rpl_interface)
contiki-ng-native.a(slip-dev.o)
                              contiki-ng-native.a(tun-bridge.o) (slip_init)
contiki-ng-native.a(slip-config.o)
                              contiki-ng-native.a(slip-dev.o) (slip_config_verbose)
contiki-ng-native.a(border-router-m)
                              contiki-ng-native.a(contiki-main.o) (border_router_mac_driver)
contiki-ng-native.a(border-router-c)
                              contiki-ng-native.a(slip-dev.o) (command_context)
contiki-ng-native.a(cmd.o)    contiki-ng-native.a(slip-dev.o) (cmd_input)
contiki-ng-native.a(packetutils.o)
                              contiki-ng-native.a(border-router-m) (packetutils_serialize_atts)
contiki-ng-native.a(shell.o)  contiki-ng-native.a(border-router-c) (shell_input)
contiki-ng-native.a(shell-commands.)
                              contiki-ng-native.a(shell.o) (shell_commands_init)
contiki-ng-native.a(platform.o)
                              contiki-ng-native.a(tun-bridge.o) (select_set_callback)
contiki-ng-native.a(clock.o)  contiki-ng-native.a(etimer.o) (clock_time)
contiki-ng-native.a(rtimer-arch.o)
                              contiki-ng-native.a(rtimer.o) (rtimer_arch_init)
contiki-ng-native.a(watchdog.o)
[...]
Memory Configuration

Name             Origin             Length             Attributes
*default*        0x0000000000000000 0xffffffffffffffff

Linker script and memory map

LOAD /usr/lib/gcc/x86_64-linux-gnu/7/../../../x86_64-linux-gnu/Scrt1.o
LOAD /usr/lib/gcc/x86_64-linux-gnu/7/../../../x86_64-linux-gnu/crti.o
LOAD /usr/lib/gcc/x86_64-linux-gnu/7/crtbeginS.o
LOAD border-router.o
LOAD contiki-ng-native.a
LOAD /usr/lib/gcc/x86_64-linux-gnu/7/../../../x86_64-linux-gnu/librt.so
LOAD /usr/lib/gcc/x86_64-linux-gnu/7/libgcc.a
LOAD /usr/lib/gcc/x86_64-linux-gnu/7/libgcc_s.so
START GROUP
LOAD /usr/lib/gcc/x86_64-linux-gnu/7/libgcc_s.so.1
LOAD /usr/lib/gcc/x86_64-linux-gnu/7/libgcc.a
END GROUP
LOAD /usr/lib/gcc/x86_64-linux-gnu/7/../../../x86_64-linux-gnu/libc.so
START GROUP
LOAD /lib/x86_64-linux-gnu/libc.so.6
LOAD /usr/lib/x86_64-linux-gnu/libc_nonshared.a
LOAD /lib/x86_64-linux-gnu/ld-linux-x86-64.so.2
END GROUP
LOAD /usr/lib/gcc/x86_64-linux-gnu/7/libgcc.a
LOAD /usr/lib/gcc/x86_64-linux-gnu/7/libgcc_s.so
START GROUP
LOAD /usr/lib/gcc/x86_64-linux-gnu/7/libgcc_s.so.1
LOAD /usr/lib/gcc/x86_64-linux-gnu/7/libgcc.a
END GROUP
LOAD /usr/lib/gcc/x86_64-linux-gnu/7/crtendS.o
LOAD /usr/lib/gcc/x86_64-linux-gnu/7/../../../x86_64-linux-gnu/crtn.o
                [!provide]                        PROVIDE (__executable_start = SEGMENT_START ("text-segment", 0x0))
                0x0000000000000238                . = (SEGMENT_START ("text-segment", 0x0) + SIZEOF_HEADERS)

.interp         0x0000000000000238       0x1c
 *(.interp)
 .interp        0x0000000000000238       0x1c /usr/lib/gcc/x86_64-linux-gnu/7/../../../x86_64-linux-gnu/Scrt1.o

.note.ABI-tag   0x0000000000000254       0x20
 .note.ABI-tag  0x0000000000000254       0x20 /usr/lib/gcc/x86_64-linux-gnu/7/../../../x86_64-linux-gnu/Scrt1.o

.note.gnu.build-id
                0x0000000000000274       0x24
 *(.note.gnu.build-id)
 .note.gnu.build-id
                0x0000000000000274       0x24 /usr/lib/gcc/x86_64-linux-gnu/7/../../../x86_64-linux-gnu/Scrt1.o

.hash
 *(.hash)

.gnu.hash       0x0000000000000298     0x1340
 *(.gnu.hash)
 .gnu.hash      0x0000000000000298     0x1340 /usr/lib/gcc/x86_64-linux-gnu/7/../../../x86_64-linux-gnu/Scrt1.o

.dynsym         0x00000000000015d8     0x3c78
 *(.dynsym)
 .dynsym        0x00000000000015d8     0x3c78 /usr/lib/gcc/x86_64-linux-gnu/7/../../../x86_64-linux-gnu/Scrt1.o

.dynstr         0x0000000000005250     0x2abe
 *(.dynstr)
 .dynstr        0x0000000000005250     0x2abe /usr/lib/gcc/x86_64-linux-gnu/7/../../../x86_64-linux-gnu/Scrt1.o

.gnu.version    0x0000000000007d0e      0x50a
 *(.gnu.version)
 .gnu.version   0x0000000000007d0e      0x50a /usr/lib/gcc/x86_64-linux-gnu/7/../../../x86_64-linux-gnu/Scrt1.o

.gnu.version_d  0x0000000000008218        0x0
 *(.gnu.version_d)
 .gnu.version_d
                0x0000000000008218        0x0 /usr/lib/gcc/x86_64-linux-gnu/7/../../../x86_64-linux-gnu/Scrt1.o

.gnu.version_r  0x0000000000008218       0x60
 *(.gnu.version_r)
 .gnu.version_r
                0x0000000000008218       0x60 /usr/lib/gcc/x86_64-linux-gnu/7/../../../x86_64-linux-gnu/Scrt1.o

.rela.dyn       0x0000000000008278     0x12d8
 *(.rela.init)
 *(.rela.text .rela.text.* .rela.gnu.linkonce.t.*)
 .rela.text     0x0000000000008278        0x0 /usr/lib/gcc/x86_64-linux-gnu/7/../../../x86_64-linux-gnu/Scrt1.o
 *(.rela.fini)
 *(.rela.rodata .rela.rodata.* .rela.gnu.linkonce.r.*)
 *(.rela.data .rela.data.* .rela.gnu.linkonce.d.*)
 .rela.data.rel.ro
                0x0000000000008278      0x210 /usr/lib/gcc/x86_64-linux-gnu/7/../../../x86_64-linux-gnu/Scrt1.o
 .rela.data.rel.local
                0x0000000000008488      0x8b8 /usr/lib/gcc/x86_64-linux-gnu/7/../../../x86_64-linux-gnu/Scrt1.o
 .rela.data.rel.ro.local
                0x0000000000008d40      0x708 /usr/lib/gcc/x86_64-linux-gnu/7/../../../x86_64-linux-gnu/Scrt1.o
 *(.rela.tdata .rela.tdata.* .rela.gnu.linkonce.td.*)
 *(.rela.tbss .rela.tbss.* .rela.gnu.linkonce.tb.*)
 *(.rela.ctors)
 *(.rela.dtors)
 *(.rela.got)
 .rela.got      0x0000000000009448       0x78 /usr/lib/gcc/x86_64-linux-gnu/7/../../../x86_64-linux-gnu/Scrt1.o
 *(.rela.bss .rela.bss.* .rela.gnu.linkonce.b.*)
 .rela.bss      0x00000000000094c0       0x60 /usr/lib/gcc/x86_64-linux-gnu/7/../../../x86_64-linux-gnu/Scrt1.o
 *(.rela.ldata .rela.ldata.* .rela.gnu.linkonce.l.*)
 *(.rela.lbss .rela.lbss.* .rela.gnu.linkonce.lb.*)
 *(.rela.lrodata .rela.lrodata.* .rela.gnu.linkonce.lr.*)
 *(.rela.ifunc)
 .rela.ifunc    0x0000000000009520        0x0 /usr/lib/gcc/x86_64-linux-gnu/7/../../../x86_64-linux-gnu/Scrt1.o
 .rela.fini_array
                0x0000000000009520       0x18 /usr/lib/gcc/x86_64-linux-gnu/7/../../../x86_64-linux-gnu/Scrt1.o
 .rela.init_array
                0x0000000000009538       0x18 /usr/lib/gcc/x86_64-linux-gnu/7/../../../x86_64-linux-gnu/Scrt1.o

.rela.plt       0x0000000000009550      0x5a0
 *(.rela.plt)
 .rela.plt      0x0000000000009550      0x5a0 /usr/lib/gcc/x86_64-linux-gnu/7/../../../x86_64-linux-gnu/Scrt1.o
                [!provide]                        PROVIDE (__rela_iplt_start = .)
 *(.rela.iplt)
                [!provide]                        PROVIDE (__rela_iplt_end = .)

.init           0x0000000000009af0       0x17
 *(SORT_NONE(.init))
 .init          0x0000000000009af0       0x12 /usr/lib/gcc/x86_64-linux-gnu/7/../../../x86_64-linux-gnu/crti.o
                0x0000000000009af0                _init
 .init          0x0000000000009b02        0x5 /usr/lib/gcc/x86_64-linux-gnu/7/../../../x86_64-linux-gnu/crtn.o

.plt            0x0000000000009b10      0x3d0
 *(.plt)
 .plt           0x0000000000009b10      0x3d0 /usr/lib/gcc/x86_64-linux-gnu/7/../../../x86_64-linux-gnu/Scrt1.o
 *(.iplt)

.plt.got        0x0000000000009ee0        0x8
 *(.plt.got)
 .plt.got       0x0000000000009ee0        0x8 /usr/lib/gcc/x86_64-linux-gnu/7/../../../x86_64-linux-gnu/Scrt1.o

.plt.sec
 *(.plt.sec)

.text           0x0000000000009ef0    0x1eb9e
 *(.text.unlikely .text.*_unlikely .text.unlikely.*)
 *(.text.exit .text.exit.*)
 *(.text.startup .text.startup.*)
 *(.text.hot .text.hot.*)
 *(.text .stub .text.* .gnu.linkonce.t.*)
 .text          0x0000000000009ef0       0x2b /usr/lib/gcc/x86_64-linux-gnu/7/../../../x86_64-linux-gnu/Scrt1.o
                0x0000000000009ef0                _start
 .text          0x0000000000009f1b        0x0 /usr/lib/gcc/x86_64-linux-gnu/7/../../../x86_64-linux-gnu/crti.o
 *fill*         0x0000000000009f1b        0x5 
 .text          0x0000000000009f20       0xda /usr/lib/gcc/x86_64-linux-gnu/7/crtbeginS.o
 .text          0x0000000000009ffa       0x77 border-router.o
 .text          0x000000000000a071      0x90f contiki-ng-native.a(webserver.o)
                0x000000000000a96f                httpd_simple_get_script
 .text          0x000000000000a980      0x363 contiki-ng-native.a(contiki-main.o)
                0x000000000000a980                main
 .text          0x000000000000ace3       0xb3 contiki-ng-native.a(autostart.o)
                0x000000000000ace3                autostart_start
                0x000000000000ad3f                autostart_exit
 .text          0x000000000000ad96       0x19 contiki-ng-native.a(energest.o)
                0x000000000000ad96                energest_init
                0x000000000000ad9d                energest_flush
                0x000000000000ada4                energest_get_total_time
 .text          0x000000000000adaf      0x537 contiki-ng-native.a(etimer.o)
                0x000000000000b04f                etimer_request_poll
                0x000000000000b0f0                etimer_set
                0x000000000000b122                etimer_reset_with_new_interval
                0x000000000000b159                etimer_reset
                0x000000000000b180                etimer_restart
                0x000000000000b1a7                etimer_adjust
                0x000000000000b1d4                etimer_expired
                0x000000000000b1ef                etimer_expiration_time
                0x000000000000b20b                etimer_start_time
                0x000000000000b21c                etimer_pending
                0x000000000000b232                etimer_next_expiration_time
                0x000000000000b24f                etimer_stop
 .text          0x000000000000b2e6      0x49a contiki-ng-native.a(log.o)
                0x000000000000b2e6                log_6addr
                0x000000000000b345                log_6addr_compact_snprint
                0x000000000000b41c                log_6addr_compact
                0x000000000000b47b                log_lladdr
                0x000000000000b4f1                log_lladdr_compact
                0x000000000000b565                log_set_level
                0x000000000000b667                log_get_level
                0x000000000000b719                log_level_to_str
 .text          0x000000000000b780      0x3f4 contiki-ng-native.a(ctimer.o)
                0x000000000000b8d2                ctimer_init
                0x000000000000b900                ctimer_set
                0x000000000000b93d                ctimer_set_with_process
                0x000000000000b9ea                ctimer_reset
                0x000000000000ba4e                ctimer_restart
                0x000000000000bab2                ctimer_stop
                0x000000000000bb0c                ctimer_expired
 .text          0x000000000000bb74      0x602 contiki-ng-native.a(process.o)
                0x000000000000bb74                process_alloc_event
                0x000000000000bb8a                process_start
                0x000000000000bdc8                process_exit
                0x000000000000bded                process_init
                0x000000000000bfce                process_run
                0x000000000000bfff                process_nevents
                0x000000000000c01b                process_post
                0x000000000000c0df                process_post_synch
                0x000000000000c123                process_poll
                0x000000000000c15c                process_is_running
 .text          0x000000000000c176       0xee contiki-ng-native.a(rtimer.o)
                0x000000000000c176                rtimer_init
                0x000000000000c182                rtimer_set
                0x000000000000c1f9                rtimer_run_next
 .text          0x000000000000c264       0x27 contiki-ng-native.a(node-id.o)
                0x000000000000c264                node_id_init
 .text          0x000000000000c28b       0xdf contiki-ng-native.a(timer.o)
                0x000000000000c28b                timer_set
                0x000000000000c2b9                timer_reset
                0x000000000000c2dd                timer_restart
                0x000000000000c2fb                timer_expired
                0x000000000000c338                timer_remaining
 .text          0x000000000000c36a      0x367 contiki-ng-native.a(list.o)
                0x000000000000c36a                list_init
                0x000000000000c380                list_head
                0x000000000000c391                list_copy
                0x000000000000c3ae                list_tail
                0x000000000000c3f3                list_add
                0x000000000000c453                list_push
                0x000000000000c492                list_chop
                0x000000000000c51b                list_pop
                0x000000000000c551                list_remove
                0x000000000000c5d9                list_length
                0x000000000000c610                list_insert
                0x000000000000c66f                list_item_next
                0x000000000000c68e                list_contains
 .text          0x000000000000c6d1      0x99b contiki-ng-native.a(nbr-table.o)
                0x000000000000cc79                nbr_table_register
                0x000000000000cd07                nbr_table_is_registered
                0x000000000000cd5a                nbr_table_head
                0x000000000000cdc1                nbr_table_next
                0x000000000000ce37                nbr_table_add_lladdr
                0x000000000000cf29                nbr_table_get_from_lladdr
                0x000000000000cf81                nbr_table_remove
                0x000000000000cfd1                nbr_table_lock
                0x000000000000cfff                nbr_table_unlock
                0x000000000000d02d                nbr_table_get_lladdr
 .text          0x000000000000d06c      0x110 contiki-ng-native.a(netstack.o)
                0x000000000000d06c                netstack_process_ip_callback
                0x000000000000d109                netstack_ip_packet_processor_add
                0x000000000000d135                uip_ds6_ip_packet_processor_rm
                0x000000000000d15a                netstack_init
 .text          0x000000000000d17c       0x71 contiki-ng-native.a(linkaddr.o)
                0x000000000000d17c                linkaddr_copy
                0x000000000000d199                linkaddr_cmp
                0x000000000000d1cb                linkaddr_set_node_addr
 .text          0x000000000000d1ed      0x77a contiki-ng-native.a(uip-sr.o)
                0x000000000000d1ed                uip_sr_num_nodes
                0x000000000000d28c                uip_sr_get_node
                0x000000000000d2f0                uip_sr_is_addr_reachable
                0x000000000000d3b0                uip_sr_expire_parent
                0x000000000000d40f                uip_sr_update_node
                0x000000000000d57c                uip_sr_init
                0x000000000000d5a8                uip_sr_node_head
                0x000000000000d5bd                uip_sr_node_next
                0x000000000000d5d7                uip_sr_periodic
                0x000000000000d6f5                uip_sr_free_all
                0x000000000000d76c                uip_sr_link_snprint
 .text          0x000000000000d967      0xcba contiki-ng-native.a(uip-ds6.o)
                0x000000000000d967                uip_ds6_init
                0x000000000000db16                uip_ds6_periodic
                0x000000000000dba6                uip_ds6_list_loop
                0x000000000000dc8b                uip_ds6_prefix_add
                0x000000000000dd55                uip_ds6_prefix_rm
                0x000000000000dd6f                uip_ds6_prefix_lookup
                0x000000000000ddbf                uip_ds6_is_addr_onlink
                0x000000000000de4b                uip_ds6_addr_add
                0x000000000000df88                uip_ds6_addr_rm
                0x000000000000e03c                uip_ds6_addr_lookup
                0x000000000000e086                uip_ds6_get_link_local
                0x000000000000e11c                uip_ds6_get_global
                0x000000000000e1b2                uip_ds6_maddr_add
                0x000000000000e220                uip_ds6_maddr_rm
                0x000000000000e23a                uip_ds6_maddr_lookup
                0x000000000000e284                uip_ds6_aaddr_add
                0x000000000000e2f2                uip_ds6_aaddr_rm
                0x000000000000e30c                uip_ds6_aaddr_lookup
                0x000000000000e356                uip_ds6_select_src
                0x000000000000e4d1                uip_ds6_set_addr_iid
                0x000000000000e506                uip_ds6_set_lladdr_from_iid
                0x000000000000e539                get_match_length
                0x000000000000e5e3                uip_ds6_compute_reachable_time
 .text          0x000000000000e621      0x399 contiki-ng-native.a(uip-ds6-route.o)
                0x000000000000e671                uip_ds6_route_init
                0x000000000000e693                uip_ds6_route_nexthop
                0x000000000000e6a2                uip_ds6_route_head
                0x000000000000e6ad                uip_ds6_route_next
                0x000000000000e6bc                uip_ds6_route_is_nexthop
                0x000000000000e6cb                uip_ds6_route_num_routes
                0x000000000000e6d6                uip_ds6_route_lookup
                0x000000000000e6e5                uip_ds6_route_add
                0x000000000000e6fd                uip_ds6_route_rm
                0x000000000000e708                uip_ds6_route_rm_by_nexthop
                0x000000000000e713                uip_ds6_defrt_head
                0x000000000000e728                uip_ds6_defrt_add
                0x000000000000e7e1                uip_ds6_defrt_rm
                0x000000000000e850                uip_ds6_defrt_lookup
                0x000000000000e8c3                uip_ds6_defrt_choose
                0x000000000000e942                uip_ds6_defrt_periodic
 .text          0x000000000000e9ba      0x7ac contiki-ng-native.a(psock.o)
                0x000000000000ed3b                psock_send
                0x000000000000edca                psock_generator_send
                0x000000000000eee7                psock_datalen
                0x000000000000ef06                psock_newdata
                0x000000000000ef5c                psock_readto
                0x000000000000f02d                psock_readbuf_len
                0x000000000000f10f                psock_init
 .text          0x000000000000f166      0x3dd contiki-ng-native.a(uip-ds6-nbr.o)
                0x000000000000f166                uip_ds6_neighbors_init
                0x000000000000f188                uip_ds6_nbr_add
                0x000000000000f21b                uip_ds6_nbr_rm
                0x000000000000f26d                uip_ds6_nbr_update_ll
                0x000000000000f371                uip_ds6_nbr_get_ipaddr
                0x000000000000f38d                uip_ds6_nbr_get_ll
                0x000000000000f3b1                uip_ds6_nbr_num
                0x000000000000f3ff                uip_ds6_nbr_head
                0x000000000000f414                uip_ds6_nbr_next
                0x000000000000f438                uip_ds6_nbr_lookup
                0x000000000000f4aa                uip_ds6_nbr_ll_lookup
                0x000000000000f4ce                uip_ds6_nbr_ipaddr_from_lladdr
                0x000000000000f4fe                uip_ds6_nbr_lladdr_from_ipaddr
                0x000000000000f536                uip_ds6_link_callback
 .text          0x000000000000f543      0xbc5 contiki-ng-native.a(tcpip.o)
                0x000000000000f56c                tcpip_output
                0x000000000000f64a                tcp_connect
                0x000000000000f6ad                tcp_unlisten
                0x000000000000f715                tcp_listen
                0x000000000000f779                tcp_attach
                0x000000000000f7a3                udp_attach
                0x000000000000f7cd                udp_new
                0x000000000000f824                udp_broadcast_new
                0x000000000000faf4                tcpip_input
                0x000000000000fcd1                tcpip_ipv6_output
                0x000000000000ff11                tcpip_poll_udp
                0x000000000000ff38                tcpip_poll_tcp
                0x000000000000ff5f                tcpip_uipcall
 .text          0x0000000000010108     0x2c9d contiki-ng-native.a(uip6.o)
                0x0000000000010108                uip_add32
                0x00000000000102c3                uip_chksum
                0x00000000000103b2                uip_icmp6chksum
                0x00000000000103c2                uip_tcpchksum
                0x00000000000103d2                uip_udpchksum
                0x00000000000103e2                uip_init
                0x000000000001049a                uip_connect
                0x0000000000010640                remove_ext_hdr
                0x0000000000010742                uip_udp_new
                0x00000000000108a1                uip_unlisten
                0x00000000000108f2                uip_listen
                0x0000000000010bde                uip_process
                0x0000000000012c7d                uip_htons
                0x0000000000012c9c                uip_htonl
                0x0000000000012ce0                uip_send
 .text          0x0000000000012da5      0x77c contiki-ng-native.a(uip-nd6.o)
                0x000000000001350e                uip_nd6_init
 .text          0x0000000000013521     0x3027 contiki-ng-native.a(sicslowpan.o)
                0x0000000000013b79                netstack_sniffer_add
                0x0000000000013b8f                netstack_sniffer_remove
                0x0000000000016514                sicslowpan_init
                0x000000000001653c                sicslowpan_get_last_rssi
 .text          0x0000000000016548      0x590 contiki-ng-native.a(uiplib.o)
                0x0000000000016548                uiplib_ip6addrconv
                0x000000000001672a                uiplib_ip4addrconv
                0x00000000000167f8                uiplib_ipaddr_print
                0x0000000000016857                uiplib_ipaddr_snprint
 .text          0x0000000000016ad8      0x328 contiki-ng-native.a(rpl-nbr-policy.)
                0x0000000000016db2                rpl_nbr_policy_find_removable
 .text          0x0000000000016e00      0xcc2 contiki-ng-native.a(rpl-neighbor.o)
                0x0000000000016e7f                rpl_neighbor_snprint
                0x00000000000171a7                rpl_neighbor_print_list
                0x00000000000173d3                rpl_neighbor_count
                0x000000000001748e                rpl_neighbor_get_from_lladdr
                0x00000000000174b2                rpl_neighbor_is_acceptable_parent
                0x00000000000174f2                rpl_neighbor_get_link_metric
                0x0000000000017532                rpl_neighbor_rank_via_nbr
                0x0000000000017572                rpl_neighbor_get_lladdr
                0x0000000000017596                rpl_neighbor_get_ipaddr
                0x00000000000175c0                rpl_neighbor_get_link_stats
                0x00000000000175ea                rpl_neighbor_is_fresh
                0x0000000000017614                rpl_neighbor_is_reachable
                0x0000000000017664                rpl_neighbor_is_parent
                0x0000000000017695                rpl_neighbor_set_preferred_parent
                0x00000000000177d4                rpl_neighbor_remove_all
                0x000000000001785c                rpl_neighbor_get_from_ipaddr
                0x0000000000017974                rpl_neighbor_select_best
                0x0000000000017aa5                rpl_neighbor_init
 .text          0x0000000000017ac2     0x1837 contiki-ng-native.a(rpl-dag.o)
                0x0000000000017ac2                rpl_dag_state_to_str
                0x0000000000017b0f                rpl_dag_get_root_ipaddr
                0x0000000000017b50                rpl_dag_leave
                0x0000000000017c4c                rpl_dag_poison_and_leave
                0x0000000000017c62                rpl_dag_periodic
                0x0000000000017d73                rpl_is_addr_in_our_dag
                0x0000000000017dbc                rpl_get_default_instance
                0x0000000000017ddb                rpl_get_any_dag
                0x0000000000017e38                rpl_refresh_routes
                0x0000000000017ee7                rpl_global_repair
                0x0000000000018055                rpl_local_repair
                0x00000000000180e6                rpl_dag_ready_to_advertise
                0x000000000001812a                rpl_dag_update_state
                0x0000000000018dd2                rpl_process_dio
                0x0000000000018ea0                rpl_process_dis
                0x0000000000018f23                rpl_process_dao
                0x0000000000018ffb                rpl_process_dao_ack
                0x00000000000190d0                rpl_process_hbh
                0x000000000001912b                rpl_dag_init_root
                0x00000000000192dc                rpl_dag_init
 .text          0x00000000000192f9      0xc35 contiki-ng-native.a(rpl-timers.o)
                0x00000000000192f9                rpl_timers_schedule_periodic_dis
                0x0000000000019481                rpl_timers_dio_reset
                0x00000000000195c8                rpl_timers_schedule_unicast_dio
                0x000000000001978a                rpl_timers_schedule_dao
                0x00000000000198d2                rpl_timers_schedule_dao_ack
                0x000000000001995f                get_probing_delay
                0x0000000000019993                get_probing_target
                0x0000000000019cab                rpl_schedule_probing
                0x0000000000019cdd                rpl_schedule_probing_now
                0x0000000000019d51                rpl_timers_unschedule_leaving
                0x0000000000019d7f                rpl_timers_schedule_leaving
                0x0000000000019dbe                rpl_timers_init
                0x0000000000019e72                rpl_timers_stop_dag_timers
                0x0000000000019ecd                rpl_timers_unschedule_state_update
                0x0000000000019eeb                rpl_timers_schedule_state_update
 .text          0x0000000000019f2e      0x767 contiki-ng-native.a(rpl.o)
                0x0000000000019f2e                rpl_lollipop_greater_than
                0x0000000000019f8e                rpl_get_global_address
                0x000000000001a10e                rpl_link_callback
                0x000000000001a1ef                rpl_has_joined
                0x000000000001a216                rpl_is_reachable
                0x000000000001a2a9                rpl_reset_prefix
                0x000000000001a37f                rpl_set_prefix_from_addr
                0x000000000001a510                rpl_set_prefix
                0x000000000001a672                rpl_set_leaf_only
                0x000000000001a688                rpl_get_leaf_only
 .text          0x000000000001a695      0x377 contiki-ng-native.a(rpl-mrhof.o)
 .text          0x000000000001aa0c     0x20a6 contiki-ng-native.a(rpl-icmp6.o)
                0x000000000001ab90                rpl_icmp6_update_nbr_table
                0x000000000001ad94                rpl_icmp6_dis_output
                0x000000000001b827                rpl_icmp6_dio_output
                0x000000000001c364                rpl_icmp6_dao_output
                0x000000000001c95b                rpl_icmp6_dao_ack_output
                0x000000000001ca7b                rpl_icmp6_init
 .text          0x000000000001cab2      0x5a0 contiki-ng-native.a(rpl-dag-root.o)
                0x000000000001cab2                rpl_dag_root_print_links
                0x000000000001ce2a                rpl_dag_root_set_prefix
                0x000000000001ce62                rpl_dag_root_start
                0x000000000001d022                rpl_dag_root_is_root
 .text          0x000000000001d052      0x6e4 contiki-ng-native.a(tun-bridge.o)
                0x000000000001d052                ssystem
                0x000000000001d152                cleanup
                0x000000000001d189                sigcleanup
                0x000000000001d1bc                ifconf
                0x000000000001d21b                devopen
                0x000000000001d28d                tun_alloc
                0x000000000001d36c                tun_init
                0x000000000001d4ae                tun_input
 .text          0x000000000001d736     0x109c contiki-ng-native.a(slip-dev.o)
                0x000000000001d93d                is_sensible_string
                0x000000000001d9eb                slip_packet_input
                0x000000000001da3a                serial_input
                0x000000000001ded8                slip_empty
                0x000000000001deec                slip_flushbuf
                0x000000000001e1d1                write_to_slip
                0x000000000001e563                slip_init
 .text          0x000000000001e7d2      0x5bb contiki-ng-native.a(slip-config.o)
                0x000000000001e7d2                slip_config_handle_arguments
 .text          0x000000000001ed8d      0x2fb contiki-ng-native.a(border-router-m)
                0x000000000001ed8d                packet_sent
 .text          0x000000000001f088      0x765 contiki-ng-native.a(border-router-c)
                0x000000000001f28a                border_router_cmd_handler
                0x000000000001f686                border_router_cmd_output
 .text          0x000000000001f7ed       0x94 contiki-ng-native.a(cmd.o)
                0x000000000001f7ed                cmd_input
                0x000000000001f85e                cmd_send
 .text          0x000000000001f881      0x194 contiki-ng-native.a(packetutils.o)
                0x000000000001f881                packetutils_serialize_atts
                0x000000000001f948                packetutils_deserialize_atts
 .text          0x000000000001fa15      0x430 contiki-ng-native.a(shell.o)
                0x000000000001fa15                shell_output_6addr
                0x000000000001faac                shell_output_lladdr
                0x000000000001fc62                shell_input
                0x000000000001fe39                shell_init
 .text          0x000000000001fe45     0x23cb contiki-ng-native.a(shell-commands.)
                0x00000000000220e1                shell_commands_init
                0x0000000000022120                shell_command_set_register
                0x0000000000022145                shell_command_set_deregister
                0x0000000000022192                shell_command_lookup
 .text          0x0000000000022210      0x612 contiki-ng-native.a(platform.o)
                0x0000000000022210                select_set_callback
                0x000000000002252b                platform_process_args
                0x000000000002254d                platform_init_stage_one
                0x0000000000022563                platform_init_stage_two
                0x0000000000022574                platform_init_stage_three
                0x000000000002259e                platform_main_loop
                0x00000000000227be                log_message
                0x00000000000227f4                uip_log
 .text          0x0000000000022822      0x114 contiki-ng-native.a(clock.o)
                0x000000000002287c                clock_time
                0x00000000000228e8                clock_seconds
                0x0000000000022925                clock_delay
                0x000000000002292f                clock_init
 .text          0x0000000000022936       0xe1 contiki-ng-native.a(rtimer-arch.o)
                0x000000000002295a                rtimer_arch_init
                0x0000000000022972                rtimer_arch_schedule
 .text          0x0000000000022a17       0x2a contiki-ng-native.a(watchdog.o)
                0x0000000000022a17                watchdog_init
                0x0000000000022a1e                watchdog_start
                0x0000000000022a25                watchdog_periodic
                0x0000000000022a2c                watchdog_stop
                0x0000000000022a33                watchdog_reboot
 .text          0x0000000000022a41      0x6ac contiki-ng-native.a(httpd-simple.o)
                0x0000000000022f0d                httpd_appcall
                0x00000000000230d0                httpd_init
 .text          0x00000000000230ed      0x15b contiki-ng-native.a(rpl-border-rout)
                0x00000000000230ed                print_local_addresses
                0x00000000000231fc                set_prefix_64
                0x0000000000023230                rpl_border_router_init
 .text          0x0000000000023248      0x106 contiki-ng-native.a(stimer.o)
                0x0000000000023248                stimer_set
                0x0000000000023276                stimer_reset
                0x000000000002329a                stimer_restart
                0x00000000000232b8                stimer_expired
                0x00000000000232f9                stimer_remaining
                0x000000000002332b                stimer_elapsed
 .text          0x000000000002334e      0x49b contiki-ng-native.a(button-hal.o)
                0x00000000000234e5                button_hal_get_by_id
                0x000000000002352f                button_hal_get_by_index
                0x0000000000023566                button_hal_get_state
                0x00000000000235c5                button_hal_init
 .text          0x00000000000237e9      0x1fb contiki-ng-native.a(serial-line.o)
                0x00000000000237e9                serial_line_input_byte
                0x00000000000239b4                serial_line_init
 .text          0x00000000000239e4       0xa9 contiki-ng-native.a(leds.o)
                0x00000000000239e4                leds_init
                0x00000000000239fe                leds_single_on
                0x0000000000023a0a                leds_single_off
                0x0000000000023a16                leds_single_toggle
                0x0000000000023a22                leds_on
                0x0000000000023a33                leds_off
                0x0000000000023a44                leds_toggle
                0x0000000000023a55                leds_set
                0x0000000000023a7a                leds_get
 .text          0x0000000000023a8d       0xfd contiki-ng-native.a(nullradio.o)
 .text          0x0000000000023b8a       0xff contiki-ng-native.a(gpio-hal.o)
                0x0000000000023b8a                gpio_hal_register_handler
                0x0000000000023baf                gpio_hal_event_handler
                0x0000000000023c15                gpio_hal_init
                0x0000000000023c2b                gpio_hal_arch_toggle_pin
                0x0000000000023c61                gpio_hal_arch_toggle_pins
 .text          0x0000000000023c89      0x20e contiki-ng-native.a(memb.o)
                0x0000000000023c89                memb_init
                0x0000000000023ce8                memb_alloc
                0x0000000000023d60                memb_free
                0x0000000000023df8                memb_inmemb
                0x0000000000023e4b                memb_numfree
 .text          0x0000000000023e97       0x27 contiki-ng-native.a(random.o)
                0x0000000000023e97                random_init
                0x0000000000023eb3                random_rand
 .text          0x0000000000023ebe      0x189 contiki-ng-native.a(ringbuf.o)
                0x0000000000023ebe                ringbuf_init
                0x0000000000023efb                ringbuf_put
                0x0000000000023f86                ringbuf_get
                0x0000000000024000                ringbuf_size
                0x0000000000024018                ringbuf_elements
 .text          0x0000000000024047      0x330 contiki-ng-native.a(queuebuf.o)
                0x0000000000024058                queuebuf_init
                0x0000000000024077                queuebuf_numfree
                0x0000000000024089                queuebuf_new_from_packetbuf
                0x0000000000024132                queuebuf_update_attr_from_packetbuf
                0x0000000000024171                queuebuf_update_from_packetbuf
                0x00000000000241c9                queuebuf_free
                0x0000000000024218                queuebuf_to_packetbuf
                0x000000000002428a                queuebuf_dataptr
                0x00000000000242ca                queuebuf_datalen
                0x00000000000242f6                queuebuf_addr
                0x0000000000024339                queuebuf_attr
                0x0000000000024370                queuebuf_debug_print
 .text          0x0000000000024377      0x443 contiki-ng-native.a(packetbuf.o)
                0x0000000000024377                packetbuf_clear
                0x00000000000243a1                packetbuf_copyfrom
                0x00000000000243f7                packetbuf_copyto
                0x000000000002449a                packetbuf_hdralloc
                0x0000000000024525                packetbuf_hdrreduce
                0x0000000000024571                packetbuf_set_datalen
                0x0000000000024589                packetbuf_dataptr
                0x00000000000245ab                packetbuf_hdrptr
                0x00000000000245b8                packetbuf_datalen
                0x00000000000245c5                packetbuf_hdrlen
                0x00000000000245dd                packetbuf_totlen
                0x00000000000245f4                packetbuf_remaininglen
                0x0000000000024608                packetbuf_attr_clear
                0x0000000000024662                packetbuf_attr_copyto
                0x00000000000246a6                packetbuf_attr_copyfrom
                0x00000000000246ea                packetbuf_set_attr
                0x0000000000024719                packetbuf_attr
                0x0000000000024739                packetbuf_set_addr
                0x000000000002477b                packetbuf_addr
                0x00000000000247a1                packetbuf_holds_broadcast
 .text          0x00000000000247ba      0x3d9 contiki-ng-native.a(link-stats.o)
                0x00000000000247ba                link_stats_from_lladdr
                0x00000000000247de                link_stats_is_fresh
                0x0000000000024828                guess_etx_from_rssi
                0x00000000000248a9                link_stats_packet_sent
                0x00000000000249da                link_stats_input_callback
                0x0000000000024b04                link_stats_reset
                0x0000000000024b5b                link_stats_init
 .text          0x0000000000024b93       0x33 contiki-ng-native.a(mac.o)
                0x0000000000024b93                mac_call_sent_callback
 .text          0x0000000000024bc6      0x42f contiki-ng-native.a(framer-802154.o)
                0x0000000000024d5d                framer_802154_setup_params
 .text          0x0000000000024ff5      0xc72 contiki-ng-native.a(frame802154.o)
                0x0000000000025023                frame802154_get_pan_id
                0x0000000000025030                frame802154_set_pan_id
                0x0000000000025048                frame802154_has_panid
                0x0000000000025223                frame802154_check_dest_panid
                0x00000000000252be                frame802154_is_broadcast_addr
                0x0000000000025311                frame802154_extract_linkaddr
                0x00000000000255a1                frame802154_hdrlen
                0x000000000002561c                frame802154_create_fcf
                0x00000000000256ea                frame802154_create
                0x0000000000025890                frame802154_parse_fcf
                0x0000000000025983                frame802154_parse
 .text          0x0000000000025c67      0x222 contiki-ng-native.a(uipbuf.o)
                0x0000000000025c67                uipbuf_get_next_header
                0x0000000000025ceb                uipbuf_get_last_header
                0x0000000000025d8f                uipbuf_get_attr
                0x0000000000025dbc                uipbuf_set_attr
                0x0000000000025df8                uipbuf_clear_attr
                0x0000000000025e24                uipbuf_set_attr_flag
                0x0000000000025e43                uipbuf_clr_attr_flag
                0x0000000000025e68                uipbuf_is_attr_flag
 .text          0x0000000000025e89      0xa64 contiki-ng-native.a(uip-icmp6.o)
                0x0000000000025f02                uip_icmp6_input
                0x0000000000025f5c                uip_icmp6_register_input_handler
                0x000000000002618f                uip_icmp6_error_output
                0x000000000002655d                uip_icmp6_send
                0x0000000000026866                uip_icmp6_echo_reply_callback_add
                0x00000000000268a9                uip_icmp6_echo_reply_callback_rm
                0x00000000000268ce                uip_icmp6_init
 .text          0x00000000000268ed      0x197 contiki-ng-native.a(uip-packetqueue)
                0x0000000000026925                uip_packetqueue_new
                0x000000000002693b                uip_packetqueue_alloc
                0x00000000000269b1                uip_packetqueue_free
                0x0000000000026a02                uip_packetqueue_buf
                0x0000000000026a2a                uip_packetqueue_buflen
                0x0000000000026a55                uip_packetqueue_set_buflen
 .text          0x0000000000026a84     0x198b contiki-ng-native.a(rpl-ext-header.)
                0x0000000000026a84                rpl_ext_header_srh_get_next_hop
                0x0000000000026c6a                rpl_ext_header_srh_update
                0x00000000000277c4                rpl_ext_header_hbh_update
                0x0000000000028101                rpl_ext_header_update
                0x000000000002818f                rpl_ext_header_remove
 .text          0x000000000002840f      0x32a contiki-ng-native.a(border-router-n)
                0x0000000000028427                border_router_set_mac
                0x0000000000028489                border_router_print_stat
 .text          0x0000000000028739        0x0 contiki-ng-native.a(buttons.o)
 .text          0x0000000000028739       0x51 contiki-ng-native.a(int-master.o)
                0x0000000000028739                int_master_enable
                0x000000000002874a                int_master_read_and_disable
                0x0000000000028766                int_master_status_set
                0x0000000000028779                int_master_is_enabled
 .text          0x000000000002878a      0x276 contiki-ng-native.a(gpio-hal-arch.o)
                0x000000000002878a                gpio_hal_arch_interrupt_enable
                0x0000000000028799                gpio_hal_arch_interrupt_disable
                0x00000000000287a8                gpio_hal_arch_pin_cfg_set
                0x00000000000287d6                gpio_hal_arch_pin_cfg_get
                0x0000000000028800                gpio_hal_arch_pin_set_input
                0x000000000002880f                gpio_hal_arch_pin_set_output
                0x000000000002881e                gpio_hal_arch_set_pin
                0x0000000000028844                gpio_hal_arch_clear_pin
                0x000000000002886a                gpio_hal_arch_read_pin
                0x0000000000028894                gpio_hal_arch_write_pin
                0x00000000000288c2                gpio_hal_arch_set_pins
                0x000000000002890a                gpio_hal_arch_clear_pins
                0x0000000000028952                gpio_hal_arch_read_pins
                0x000000000002899d                gpio_hal_arch_write_pins
 .text          0x0000000000028a00       0x72 /usr/lib/x86_64-linux-gnu/libc_nonshared.a(elf-init.oS)
                0x0000000000028a00                __libc_csu_init
                0x0000000000028a70                __libc_csu_fini
 *fill*         0x0000000000028a72        0xe 
 .text          0x0000000000028a80        0xe /usr/lib/x86_64-linux-gnu/libc_nonshared.a(atexit.oS)
                0x0000000000028a80                atexit
 .text          0x0000000000028a8e        0x0 /usr/lib/gcc/x86_64-linux-gnu/7/crtendS.o
 .text          0x0000000000028a8e        0x0 /usr/lib/gcc/x86_64-linux-gnu/7/../../../x86_64-linux-gnu/crtn.o
 *(.gnu.warning)

.fini           0x0000000000028a90        0x9
 *(SORT_NONE(.fini))
 .fini          0x0000000000028a90        0x4 /usr/lib/gcc/x86_64-linux-gnu/7/../../../x86_64-linux-gnu/crti.o
                0x0000000000028a90                _fini
 .fini          0x0000000000028a94        0x5 /usr/lib/gcc/x86_64-linux-gnu/7/../../../x86_64-linux-gnu/crtn.o
                [!provide]                        PROVIDE (__etext = .)
                [!provide]                        PROVIDE (_etext = .)
                [!provide]                        PROVIDE (etext = .)

.rodata         0x0000000000028aa0     0x2c89
 *(.rodata .rodata.* .gnu.linkonce.r.*)
 .rodata.cst4   0x0000000000028aa0        0x4 /usr/lib/gcc/x86_64-linux-gnu/7/../../../x86_64-linux-gnu/Scrt1.o
                0x0000000000028aa0                _IO_stdin_used
 *fill*         0x0000000000028aa4        0x4 
 .rodata        0x0000000000028aa8       0x59 border-router.o
 *fill*         0x0000000000028b01        0x7 
 .rodata        0x0000000000028b08       0xc3 contiki-ng-native.a(webserver.o)
 *fill*         0x0000000000028bcb        0x5 
 .rodata        0x0000000000028bd0      0x104 contiki-ng-native.a(contiki-main.o)
 .rodata        0x0000000000028cd4        0xc contiki-ng-native.a(etimer.o)
 .rodata        0x0000000000028ce0       0xbc contiki-ng-native.a(log.o)
 .rodata        0x0000000000028d9c        0xf contiki-ng-native.a(ctimer.o)
 *fill*         0x0000000000028dab        0x5 
 .rodata        0x0000000000028db0        0x8 contiki-ng-native.a(linkaddr.o)
                0x0000000000028db0                linkaddr_null
 .rodata        0x0000000000028db8       0x44 contiki-ng-native.a(uip-sr.o)
 *fill*         0x0000000000028dfc        0x4 
 .rodata        0x0000000000028e00       0x4c contiki-ng-native.a(uip-ds6-route.o)
 .rodata        0x0000000000028e4c        0xd contiki-ng-native.a(tcpip.o)
 *fill*         0x0000000000028e59        0x3 
 .rodata        0x0000000000028e5c      0x13c contiki-ng-native.a(uip6.o)
 .rodata        0x0000000000028f98       0x1d contiki-ng-native.a(sicslowpan.o)
                0x0000000000028f98                unc_llconf
                0x0000000000028f9c                unc_ctxconf
                0x0000000000028fa0                unc_mxconf
                0x0000000000028fa4                llprefix
 .rodata        0x0000000000028fb5       0x2d contiki-ng-native.a(uiplib.o)
 *fill*         0x0000000000028fe2        0x6 
 .rodata        0x0000000000028fe8       0xe7 contiki-ng-native.a(rpl-nbr-policy.)
 *fill*         0x00000000000290cf        0x1 
 .rodata        0x00000000000290d0      0x156 contiki-ng-native.a(rpl-neighbor.o)
 *fill*         0x0000000000029226        0x2 
 .rodata        0x0000000000029228      0x61c contiki-ng-native.a(rpl-dag.o)
 .rodata        0x0000000000029844       0x88 contiki-ng-native.a(rpl-timers.o)
 *fill*         0x00000000000298cc        0x4 
 .rodata        0x00000000000298d0       0xd6 contiki-ng-native.a(rpl.o)
 .rodata        0x00000000000299a6       0x24 contiki-ng-native.a(rpl-mrhof.o)
 *fill*         0x00000000000299ca        0x6 
 .rodata        0x00000000000299d0      0x5a3 contiki-ng-native.a(rpl-icmp6.o)
 *fill*         0x0000000000029f73        0x5 
 .rodata        0x0000000000029f78       0xbf contiki-ng-native.a(rpl-dag-root.o)
 *fill*         0x000000000002a037        0x1 
 .rodata        0x000000000002a038      0x10e contiki-ng-native.a(tun-bridge.o)
 *fill*         0x000000000002a146        0x2 
 .rodata        0x000000000002a148      0x208 contiki-ng-native.a(slip-dev.o)
 .rodata        0x000000000002a350      0x610 contiki-ng-native.a(slip-config.o)
 .rodata        0x000000000002a960        0x7 contiki-ng-native.a(border-router-m)
 .rodata        0x000000000002a967       0x80 contiki-ng-native.a(border-router-c)
 .rodata        0x000000000002a9e7        0x8 contiki-ng-native.a(shell.o)
 *fill*         0x000000000002a9ef        0x1 
 .rodata        0x000000000002a9f0      0x69c contiki-ng-native.a(shell-commands.)
 .rodata        0x000000000002b08c       0x47 contiki-ng-native.a(platform.o)
 *fill*         0x000000000002b0d3        0xd 
 .rodata        0x000000000002b0e0      0x154 contiki-ng-native.a(httpd-simple.o)
                0x000000000002b140                http_content_type_html
                0x000000000002b160                http_header_200
                0x000000000002b1c0                http_header_404
                0x000000000002b21d                http_get
                0x000000000002b228                http_index_html
 .rodata        0x000000000002b234       0x31 contiki-ng-native.a(rpl-border-rout)
 .rodata        0x000000000002b265       0x13 contiki-ng-native.a(button-hal.o)
 .rodata        0x000000000002b278        0xe contiki-ng-native.a(serial-line.o)
 *fill*         0x000000000002b286        0x2 
 .rodata        0x000000000002b288      0x3e9 contiki-ng-native.a(rpl-ext-header.)
 *fill*         0x000000000002b671        0x7 
 .rodata        0x000000000002b678       0xb0 contiki-ng-native.a(border-router-n)
 .rodata        0x000000000002b728        0x1 contiki-ng-native.a(buttons.o)
                0x000000000002b728                button_hal_button_count

.rodata1
 *(.rodata1)

.eh_frame_hdr   0x000000000002b72c     0x14fc
 *(.eh_frame_hdr)
 .eh_frame_hdr  0x000000000002b72c     0x14fc /usr/lib/gcc/x86_64-linux-gnu/7/../../../x86_64-linux-gnu/Scrt1.o
                0x000000000002b72c                __GNU_EH_FRAME_HDR
 *(.eh_frame_entry .eh_frame_entry.*)

.eh_frame       0x000000000002cc28     0x5498
 *(.eh_frame)
 .eh_frame      0x000000000002cc28       0x30 /usr/lib/gcc/x86_64-linux-gnu/7/../../../x86_64-linux-gnu/Scrt1.o
                                         0x2c (size before relaxing)
 *fill*         0x000000000002cc58        0x0 
 .eh_frame      0x000000000002cc58       0x40 /usr/lib/gcc/x86_64-linux-gnu/7/../../../x86_64-linux-gnu/Scrt1.o
 .eh_frame      0x000000000002cc98       0x18 /usr/lib/gcc/x86_64-linux-gnu/7/../../../x86_64-linux-gnu/Scrt1.o
                                         0x30 (size before relaxing)
 .eh_frame      0x000000000002ccb0       0x20 border-router.o
                                         0x38 (size before relaxing)
 .eh_frame      0x000000000002ccd0       0x80 contiki-ng-native.a(webserver.o)
                                         0x98 (size before relaxing)
 .eh_frame      0x000000000002cd50       0x20 contiki-ng-native.a(contiki-main.o)
                                         0x38 (size before relaxing)
 .eh_frame      0x000000000002cd70       0x40 contiki-ng-native.a(autostart.o)
                                         0x58 (size before relaxing)
 .eh_frame      0x000000000002cdb0       0x60 contiki-ng-native.a(energest.o)
                                         0x78 (size before relaxing)
 .eh_frame      0x000000000002ce10      0x1e0 contiki-ng-native.a(etimer.o)
                                        0x1f8 (size before relaxing)
 .eh_frame      0x000000000002cff0      0x100 contiki-ng-native.a(log.o)
                                        0x118 (size before relaxing)
 .eh_frame      0x000000000002d0f0      0x100 contiki-ng-native.a(ctimer.o)
                                        0x118 (size before relaxing)
 .eh_frame      0x000000000002d1f0      0x1c8 contiki-ng-native.a(process.o)
                                        0x1e0 (size before relaxing)
 .eh_frame      0x000000000002d3b8       0x60 contiki-ng-native.a(rtimer.o)
                                         0x78 (size before relaxing)
 .eh_frame      0x000000000002d418       0x20 contiki-ng-native.a(node-id.o)
                                         0x38 (size before relaxing)
 .eh_frame      0x000000000002d438       0xa0 contiki-ng-native.a(timer.o)
                                         0xb8 (size before relaxing)
 .eh_frame      0x000000000002d4d8      0x1a0 contiki-ng-native.a(list.o)
                                        0x1b8 (size before relaxing)
 .eh_frame      0x000000000002d678      0x2a0 contiki-ng-native.a(nbr-table.o)
                                        0x2b8 (size before relaxing)
 .eh_frame      0x000000000002d918       0x80 contiki-ng-native.a(netstack.o)
                                         0x98 (size before relaxing)
 .eh_frame      0x000000000002d998       0x60 contiki-ng-native.a(linkaddr.o)
                                         0x78 (size before relaxing)
 .eh_frame      0x000000000002d9f8      0x180 contiki-ng-native.a(uip-sr.o)
                                        0x198 (size before relaxing)
 .eh_frame      0x000000000002db78      0x2e8 contiki-ng-native.a(uip-ds6.o)
                                        0x300 (size before relaxing)
 .eh_frame      0x000000000002de60      0x220 contiki-ng-native.a(uip-ds6-route.o)
                                        0x238 (size before relaxing)
 .eh_frame      0x000000000002e080      0x178 contiki-ng-native.a(psock.o)
                                        0x190 (size before relaxing)
 .eh_frame      0x000000000002e1f8      0x1c0 contiki-ng-native.a(uip-ds6-nbr.o)
                                        0x1d8 (size before relaxing)
 .eh_frame      0x000000000002e3b8      0x308 contiki-ng-native.a(tcpip.o)
                                        0x320 (size before relaxing)
 .eh_frame      0x000000000002e6c0      0x270 contiki-ng-native.a(uip6.o)
                                        0x288 (size before relaxing)
 .eh_frame      0x000000000002e930       0x80 contiki-ng-native.a(uip-nd6.o)
                                         0x98 (size before relaxing)
 .eh_frame      0x000000000002e9b0      0x2e0 contiki-ng-native.a(sicslowpan.o)
                                        0x2f8 (size before relaxing)
 .eh_frame      0x000000000002ec90       0x80 contiki-ng-native.a(uiplib.o)
                                         0x98 (size before relaxing)
 .eh_frame      0x000000000002ed10       0x80 contiki-ng-native.a(rpl-nbr-policy.)
                                         0x98 (size before relaxing)
 .eh_frame      0x000000000002ed90      0x2d8 contiki-ng-native.a(rpl-neighbor.o)
                                        0x2f0 (size before relaxing)
 .eh_frame      0x000000000002f068      0x360 contiki-ng-native.a(rpl-dag.o)
                                        0x378 (size before relaxing)
 .eh_frame      0x000000000002f3c8      0x368 contiki-ng-native.a(rpl-timers.o)
                                        0x380 (size before relaxing)
 .eh_frame      0x000000000002f730      0x1e0 contiki-ng-native.a(rpl.o)
                                        0x1f8 (size before relaxing)
 .eh_frame      0x000000000002f910      0x148 contiki-ng-native.a(rpl-mrhof.o)
                                        0x160 (size before relaxing)
 .eh_frame      0x000000000002fa58      0x1c0 contiki-ng-native.a(rpl-icmp6.o)
                                        0x1d8 (size before relaxing)
 .eh_frame      0x000000000002fc18       0xa0 contiki-ng-native.a(rpl-dag-root.o)
                                         0xb8 (size before relaxing)
 .eh_frame      0x000000000002fcb8      0x1a0 contiki-ng-native.a(tun-bridge.o)
                                        0x1b8 (size before relaxing)
 .eh_frame      0x000000000002fe58      0x1c0 contiki-ng-native.a(slip-dev.o)
                                        0x1d8 (size before relaxing)
 .eh_frame      0x0000000000030018       0x20 contiki-ng-native.a(slip-config.o)
                                         0x38 (size before relaxing)
 .eh_frame      0x0000000000030038       0xe8 contiki-ng-native.a(border-router-m)
                                        0x100 (size before relaxing)
 .eh_frame      0x0000000000030120       0xc0 contiki-ng-native.a(border-router-c)
                                         0xd8 (size before relaxing)
 .eh_frame      0x00000000000301e0       0x40 contiki-ng-native.a(cmd.o)
                                         0x58 (size before relaxing)
 .eh_frame      0x0000000000030220       0x40 contiki-ng-native.a(packetutils.o)
                                         0x58 (size before relaxing)
 .eh_frame      0x0000000000030260       0xa0 contiki-ng-native.a(shell.o)
                                         0xb8 (size before relaxing)
 .eh_frame      0x0000000000030300      0x2e0 contiki-ng-native.a(shell-commands.)
                                        0x2f8 (size before relaxing)
 .eh_frame      0x00000000000305e0      0x180 contiki-ng-native.a(platform.o)
                                        0x198 (size before relaxing)
 .eh_frame      0x0000000000030760       0xa0 contiki-ng-native.a(clock.o)
                                         0xb8 (size before relaxing)
 .eh_frame      0x0000000000030800       0x60 contiki-ng-native.a(rtimer-arch.o)
                                         0x78 (size before relaxing)
 .eh_frame      0x0000000000030860       0xa0 contiki-ng-native.a(watchdog.o)
                                         0xb8 (size before relaxing)
 .eh_frame      0x0000000000030900       0xe0 contiki-ng-native.a(httpd-simple.o)
                                         0xf8 (size before relaxing)
 .eh_frame      0x00000000000309e0       0x60 contiki-ng-native.a(rpl-border-rout)
                                         0x78 (size before relaxing)
 .eh_frame      0x0000000000030a40       0xc0 contiki-ng-native.a(stimer.o)
                                         0xd8 (size before relaxing)
 .eh_frame      0x0000000000030b00      0x140 contiki-ng-native.a(button-hal.o)
                                        0x158 (size before relaxing)
 .eh_frame      0x0000000000030c40       0x60 contiki-ng-native.a(serial-line.o)
                                         0x78 (size before relaxing)
 .eh_frame      0x0000000000030ca0      0x120 contiki-ng-native.a(leds.o)
                                        0x138 (size before relaxing)
 .eh_frame      0x0000000000030dc0      0x1c0 contiki-ng-native.a(nullradio.o)
                                        0x1d8 (size before relaxing)
 .eh_frame      0x0000000000030f80       0xa0 contiki-ng-native.a(gpio-hal.o)
                                         0xb8 (size before relaxing)
 .eh_frame      0x0000000000031020       0xa0 contiki-ng-native.a(memb.o)
                                         0xb8 (size before relaxing)
 .eh_frame      0x00000000000310c0       0x40 contiki-ng-native.a(random.o)
                                         0x58 (size before relaxing)
 .eh_frame      0x0000000000031100       0xa0 contiki-ng-native.a(ringbuf.o)
                                         0xb8 (size before relaxing)
 .eh_frame      0x00000000000311a0      0x1a0 contiki-ng-native.a(queuebuf.o)
                                        0x1b8 (size before relaxing)
 .eh_frame      0x0000000000031340      0x288 contiki-ng-native.a(packetbuf.o)
                                        0x2a0 (size before relaxing)
 .eh_frame      0x00000000000315c8      0x100 contiki-ng-native.a(link-stats.o)
                                        0x118 (size before relaxing)
 .eh_frame      0x00000000000316c8       0x20 contiki-ng-native.a(mac.o)
                                         0x38 (size before relaxing)
 .eh_frame      0x00000000000316e8       0xa8 contiki-ng-native.a(framer-802154.o)
                                         0xc0 (size before relaxing)
 .eh_frame      0x0000000000031790      0x1a8 contiki-ng-native.a(frame802154.o)
                                        0x1c0 (size before relaxing)
 .eh_frame      0x0000000000031938      0x100 contiki-ng-native.a(uipbuf.o)
                                        0x118 (size before relaxing)
 .eh_frame      0x0000000000031a38      0x148 contiki-ng-native.a(uip-icmp6.o)
                                        0x160 (size before relaxing)
 .eh_frame      0x0000000000031b80       0xe0 contiki-ng-native.a(uip-packetqueue)
                                         0xf8 (size before relaxing)
 .eh_frame      0x0000000000031c60      0x128 contiki-ng-native.a(rpl-ext-header.)
                                        0x140 (size before relaxing)
 .eh_frame      0x0000000000031d88       0x80 contiki-ng-native.a(border-router-n)
                                         0x98 (size before relaxing)
 .eh_frame      0x0000000000031e08       0x80 contiki-ng-native.a(int-master.o)
                                         0x98 (size before relaxing)
 .eh_frame      0x0000000000031e88      0x1c0 contiki-ng-native.a(gpio-hal-arch.o)
                                        0x1d8 (size before relaxing)
 .eh_frame      0x0000000000032048       0x60 /usr/lib/x86_64-linux-gnu/libc_nonshared.a(elf-init.oS)
                                         0x78 (size before relaxing)
 .eh_frame      0x00000000000320a8       0x14 /usr/lib/x86_64-linux-gnu/libc_nonshared.a(atexit.oS)
                                         0x30 (size before relaxing)
 .eh_frame      0x00000000000320bc        0x4 /usr/lib/gcc/x86_64-linux-gnu/7/crtendS.o
 *(.eh_frame.*)

.gcc_except_table
 *(.gcc_except_table .gcc_except_table.*)

.gnu_extab
 *(.gnu_extab*)

.exception_ranges
 *(.exception_ranges .exception_ranges*)
                0x0000000000232850                . = DATA_SEGMENT_ALIGN (CONSTANT (MAXPAGESIZE), CONSTANT (COMMONPAGESIZE))

.eh_frame
 *(.eh_frame)
 *(.eh_frame.*)

.gnu_extab
 *(.gnu_extab)

.gcc_except_table
 *(.gcc_except_table .gcc_except_table.*)

.exception_ranges
 *(.exception_ranges .exception_ranges*)

.tdata
 *(.tdata .tdata.* .gnu.linkonce.td.*)

.tbss
 *(.tbss .tbss.* .gnu.linkonce.tb.*)
 *(.tcommon)

.preinit_array  0x0000000000232850        0x0
                [!provide]                        PROVIDE (__preinit_array_start = .)
 *(.preinit_array)
                [!provide]                        PROVIDE (__preinit_array_end = .)

.init_array     0x0000000000232850        0x8
                0x0000000000232850                PROVIDE (__init_array_start = .)
 *(SORT_BY_INIT_PRIORITY(.init_array.*) SORT_BY_INIT_PRIORITY(.ctors.*))
 *(.init_array EXCLUDE_FILE(*crtend?.o *crtend.o *crtbegin?.o *crtbegin.o) .ctors)
 .init_array    0x0000000000232850        0x8 /usr/lib/gcc/x86_64-linux-gnu/7/crtbeginS.o
                0x0000000000232858                PROVIDE (__init_array_end = .)

.fini_array     0x0000000000232858        0x8
                [!provide]                        PROVIDE (__fini_array_start = .)
 *(SORT_BY_INIT_PRIORITY(.fini_array.*) SORT_BY_INIT_PRIORITY(.dtors.*))
 *(.fini_array EXCLUDE_FILE(*crtend?.o *crtend.o *crtbegin?.o *crtbegin.o) .dtors)
 .fini_array    0x0000000000232858        0x8 /usr/lib/gcc/x86_64-linux-gnu/7/crtbeginS.o
                [!provide]                        PROVIDE (__fini_array_end = .)

.ctors
 *crtbegin.o(.ctors)
 *crtbegin?.o(.ctors)
 *(EXCLUDE_FILE(*crtend?.o *crtend.o) .ctors)
 *(SORT_BY_NAME(.ctors.*))
 *(.ctors)

.dtors
 *crtbegin.o(.dtors)
 *crtbegin?.o(.dtors)
 *(EXCLUDE_FILE(*crtend?.o *crtend.o) .dtors)
 *(SORT_BY_NAME(.dtors.*))
 *(.dtors)

.jcr
 *(.jcr)

.data.rel.ro    0x0000000000232860      0x370
 *(.data.rel.ro.local* .gnu.linkonce.d.rel.ro.local.*)
 .data.rel.ro.local
                0x0000000000232860       0x10 border-router.o
                0x0000000000232860                autostart_processes
 *fill*         0x0000000000232870       0x10 
 .data.rel.ro.local
                0x0000000000232880       0x20 contiki-ng-native.a(sicslowpan.o)
                0x0000000000232880                sicslowpan_driver
 .data.rel.ro.local
                0x00000000002328a0       0x20 contiki-ng-native.a(tun-bridge.o)
                0x00000000002328b0                rpl_interface
 .data.rel.ro.local
                0x00000000002328c0       0x10 contiki-ng-native.a(slip-dev.o)
 *fill*         0x00000000002328d0       0x10 
 .data.rel.ro.local
                0x00000000002328e0       0x30 contiki-ng-native.a(border-router-m)
                0x00000000002328e0                border_router_mac_driver
 *fill*         0x0000000000232910       0x10 
 .data.rel.ro.local
                0x0000000000232920      0x150 contiki-ng-native.a(shell-commands.)
                0x0000000000232920                builtin_shell_commands
 .data.rel.ro.local
                0x0000000000232a70       0x10 contiki-ng-native.a(platform.o)
 .data.rel.ro.local
                0x0000000000232a80       0x70 contiki-ng-native.a(nullradio.o)
                0x0000000000232a80                nullradio_driver
 .data.rel.ro.local
                0x0000000000232af0       0x18 contiki-ng-native.a(framer-802154.o)
                0x0000000000232af0                framer_802154
 *(.data.rel.ro .data.rel.ro.* .gnu.linkonce.d.rel.ro.*)
 .data.rel.ro   0x0000000000232b08        0x0 /usr/lib/gcc/x86_64-linux-gnu/7/../../../x86_64-linux-gnu/Scrt1.o
 .data.rel.ro   0x0000000000232b08        0x8 contiki-ng-native.a(rpl-dag.o)
 *fill*         0x0000000000232b10       0x10 
 .data.rel.ro   0x0000000000232b20       0xa0 contiki-ng-native.a(rpl.o)
                0x0000000000232b20                rpl_lite_driver
 .data.rel.ro   0x0000000000232bc0       0x10 contiki-ng-native.a(border-router-n)
                0x0000000000232bc0                cmd_handlers

.dynamic        0x0000000000232bd0      0x200
 *(.dynamic)
 .dynamic       0x0000000000232bd0      0x200 /usr/lib/gcc/x86_64-linux-gnu/7/../../../x86_64-linux-gnu/Scrt1.o
                0x0000000000232bd0                _DYNAMIC

.got            0x0000000000232dd0      0x220
 *(.got.plt)
 .got.plt       0x0000000000232dd0      0x1f8 /usr/lib/gcc/x86_64-linux-gnu/7/../../../x86_64-linux-gnu/Scrt1.o
                0x0000000000232dd0                _GLOBAL_OFFSET_TABLE_
 *(.igot.plt)
 *(.got)
 .got           0x0000000000232fc8       0x28 /usr/lib/gcc/x86_64-linux-gnu/7/../../../x86_64-linux-gnu/Scrt1.o
 *(.igot)
                0x0000000000233000                . = DATA_SEGMENT_RELRO_END (., 0x0)

.data           0x0000000000233000      0x600
 *(.data .data.* .gnu.linkonce.d.*)
 .data          0x0000000000233000        0x4 /usr/lib/gcc/x86_64-linux-gnu/7/../../../x86_64-linux-gnu/Scrt1.o
                0x0000000000233000                data_start
                0x0000000000233000                __data_start
 .data          0x0000000000233004        0x0 /usr/lib/gcc/x86_64-linux-gnu/7/../../../x86_64-linux-gnu/crti.o
 .data          0x0000000000233004        0x0 /usr/lib/gcc/x86_64-linux-gnu/7/crtbeginS.o
 *fill*         0x0000000000233004        0x4 
 .data.rel.local
                0x0000000000233008        0x8 /usr/lib/gcc/x86_64-linux-gnu/7/crtbeginS.o
                0x0000000000233008                __dso_handle
 .data          0x0000000000233010        0x0 border-router.o
 *fill*         0x0000000000233010       0x10 
 .data.rel.local
                0x0000000000233020       0x20 border-router.o
                0x0000000000233020                contiki_ng_br
 .data          0x0000000000233040        0x0 contiki-ng-native.a(webserver.o)
 .data.rel.local
                0x0000000000233040       0x40 contiki-ng-native.a(webserver.o)
                0x0000000000233060                webserver_nogui_process
 .data          0x0000000000233080        0x0 contiki-ng-native.a(contiki-main.o)
 .data          0x0000000000233080        0x0 contiki-ng-native.a(autostart.o)
 .data          0x0000000000233080        0x0 contiki-ng-native.a(energest.o)
 .data          0x0000000000233080        0x0 contiki-ng-native.a(etimer.o)
 .data.rel.local
                0x0000000000233080       0x20 contiki-ng-native.a(etimer.o)
                0x0000000000233080                etimer_process
 .data          0x00000000002330a0        0x8 contiki-ng-native.a(log.o)
                0x00000000002330a0                curr_log_level_rpl
                0x00000000002330a4                curr_log_level_main
 *fill*         0x00000000002330a8       0x18 
 .data.rel.local
                0x00000000002330c0      0x120 contiki-ng-native.a(log.o)
                0x00000000002330c0                all_modules
 .data          0x00000000002331e0        0x0 contiki-ng-native.a(ctimer.o)
 .data.rel.local
                0x00000000002331e0       0x40 contiki-ng-native.a(ctimer.o)
                0x0000000000233200                ctimer_process
 .data          0x0000000000233220        0x0 contiki-ng-native.a(process.o)
 .data          0x0000000000233220        0x0 contiki-ng-native.a(rtimer.o)
 .data          0x0000000000233220        0x0 contiki-ng-native.a(node-id.o)
 .data          0x0000000000233220        0x0 contiki-ng-native.a(timer.o)
 .data          0x0000000000233220        0x0 contiki-ng-native.a(list.o)
 .data          0x0000000000233220        0x0 contiki-ng-native.a(nbr-table.o)
 .data.rel.local
                0x0000000000233220       0x20 contiki-ng-native.a(nbr-table.o)
 .data          0x0000000000233240        0x0 contiki-ng-native.a(netstack.o)
 .data.rel.local
                0x0000000000233240        0x8 contiki-ng-native.a(netstack.o)
 .data          0x0000000000233248        0x0 contiki-ng-native.a(linkaddr.o)
 .data          0x0000000000233248        0x0 contiki-ng-native.a(uip-sr.o)
 *fill*         0x0000000000233248        0x8 
 .data.rel.local
                0x0000000000233250       0x28 contiki-ng-native.a(uip-sr.o)
 .data          0x0000000000233278        0x0 contiki-ng-native.a(uip-ds6.o)
 .data          0x0000000000233278        0x0 contiki-ng-native.a(uip-ds6-route.o)
 *fill*         0x0000000000233278        0x8 
 .data.rel.local
                0x0000000000233280       0x28 contiki-ng-native.a(uip-ds6-route.o)
 .data          0x00000000002332a8        0x0 contiki-ng-native.a(psock.o)
 .data          0x00000000002332a8        0x0 contiki-ng-native.a(uip-ds6-nbr.o)
 *fill*         0x00000000002332a8        0x8 
 .data.rel.local
                0x00000000002332b0       0x20 contiki-ng-native.a(uip-ds6-nbr.o)
                0x00000000002332c8                ds6_neighbors
 .data          0x00000000002332d0        0x0 contiki-ng-native.a(tcpip.o)
 *fill*         0x00000000002332d0       0x10 
 .data.rel.local
                0x00000000002332e0       0x20 contiki-ng-native.a(tcpip.o)
                0x00000000002332e0                tcpip_process
 .data          0x0000000000233300        0x0 contiki-ng-native.a(uip6.o)
 .data          0x0000000000233300        0x0 contiki-ng-native.a(uip-nd6.o)
 .data.rel.local
                0x0000000000233300       0x18 contiki-ng-native.a(uip-nd6.o)
 .data          0x0000000000233318        0x0 contiki-ng-native.a(sicslowpan.o)
 .data          0x0000000000233318        0x0 contiki-ng-native.a(uiplib.o)
 .data          0x0000000000233318        0x0 contiki-ng-native.a(rpl-nbr-policy.)
 .data          0x0000000000233318        0x0 contiki-ng-native.a(rpl-neighbor.o)
 *fill*         0x0000000000233318        0x8 
 .data.rel.local
                0x0000000000233320       0x20 contiki-ng-native.a(rpl-neighbor.o)
                0x0000000000233338                rpl_neighbors
 .data          0x0000000000233340        0x0 contiki-ng-native.a(rpl-dag.o)
 .data          0x0000000000233340        0x0 contiki-ng-native.a(rpl-timers.o)
 .data          0x0000000000233340        0x0 contiki-ng-native.a(rpl.o)
 .data          0x0000000000233340        0x0 contiki-ng-native.a(rpl-mrhof.o)
 .data.rel.local
                0x0000000000233340       0x48 contiki-ng-native.a(rpl-mrhof.o)
                0x0000000000233340                rpl_mrhof
 .data          0x0000000000233388        0x0 contiki-ng-native.a(rpl-icmp6.o)
 *fill*         0x0000000000233388        0x8 
 .data.rel.local
                0x0000000000233390       0x78 contiki-ng-native.a(rpl-icmp6.o)
 .data          0x0000000000233408        0x0 contiki-ng-native.a(rpl-dag-root.o)
 .data          0x0000000000233408        0x0 contiki-ng-native.a(tun-bridge.o)
 .data          0x0000000000233408        0x8 contiki-ng-native.a(slip-dev.o)
 .data.rel.local
                0x0000000000233410       0x18 contiki-ng-native.a(slip-dev.o)
 .data          0x0000000000233428        0x4 contiki-ng-native.a(slip-config.o)
                0x0000000000233428                slip_config_b_rate
 .data          0x000000000023342c        0x0 contiki-ng-native.a(border-router-m)
 .data          0x000000000023342c        0x0 contiki-ng-native.a(border-router-c)
 *fill*         0x000000000023342c       0x14 
 .data.rel.local
                0x0000000000233440       0x20 contiki-ng-native.a(border-router-c)
                0x0000000000233440                border_router_cmd_process
 .data          0x0000000000233460        0x0 contiki-ng-native.a(cmd.o)
 .data          0x0000000000233460        0x0 contiki-ng-native.a(packetutils.o)
 .data          0x0000000000233460        0x0 contiki-ng-native.a(shell.o)
 .data          0x0000000000233460        0x0 contiki-ng-native.a(shell-commands.)
 .data.rel.local
                0x0000000000233460       0x18 contiki-ng-native.a(shell-commands.)
 .data          0x0000000000233478        0x8 contiki-ng-native.a(platform.o)
 .data          0x0000000000233480        0x0 contiki-ng-native.a(clock.o)
 .data          0x0000000000233480        0x0 contiki-ng-native.a(rtimer-arch.o)
 .data          0x0000000000233480        0x0 contiki-ng-native.a(watchdog.o)
 .data          0x0000000000233480        0x0 contiki-ng-native.a(httpd-simple.o)
 .data.rel.local
                0x0000000000233480       0x20 contiki-ng-native.a(httpd-simple.o)
 .data          0x00000000002334a0        0x0 contiki-ng-native.a(rpl-border-rout)
 .data          0x00000000002334a0        0x0 contiki-ng-native.a(stimer.o)
 .data          0x00000000002334a0        0x0 contiki-ng-native.a(button-hal.o)
 .data.rel.local
                0x00000000002334a0       0x20 contiki-ng-native.a(button-hal.o)
                0x00000000002334a0                button_hal_process
 .data          0x00000000002334c0        0x0 contiki-ng-native.a(serial-line.o)
 .data.rel.local
                0x00000000002334c0       0x20 contiki-ng-native.a(serial-line.o)
                0x00000000002334c0                serial_line_process
 .data          0x00000000002334e0        0x0 contiki-ng-native.a(leds.o)
 .data          0x00000000002334e0        0x0 contiki-ng-native.a(nullradio.o)
 .data          0x00000000002334e0        0x0 contiki-ng-native.a(gpio-hal.o)
 .data.rel.local
                0x00000000002334e0        0x8 contiki-ng-native.a(gpio-hal.o)
 .data          0x00000000002334e8        0x0 contiki-ng-native.a(memb.o)
 .data          0x00000000002334e8        0x0 contiki-ng-native.a(random.o)
 .data          0x00000000002334e8        0x0 contiki-ng-native.a(ringbuf.o)
 .data          0x00000000002334e8        0x0 contiki-ng-native.a(queuebuf.o)
 *fill*         0x00000000002334e8        0x8 
 .data.rel.local
                0x00000000002334f0       0x38 contiki-ng-native.a(queuebuf.o)
 .data          0x0000000000233528        0x0 contiki-ng-native.a(packetbuf.o)
 .data.rel.local
                0x0000000000233528        0x8 contiki-ng-native.a(packetbuf.o)
 .data          0x0000000000233530        0x0 contiki-ng-native.a(link-stats.o)
 .data.rel.local
                0x0000000000233530       0x20 contiki-ng-native.a(link-stats.o)
 .data          0x0000000000233550        0x0 contiki-ng-native.a(mac.o)
 .data          0x0000000000233550        0x0 contiki-ng-native.a(framer-802154.o)
 .data          0x0000000000233550        0x2 contiki-ng-native.a(frame802154.o)
 .data          0x0000000000233552        0x0 contiki-ng-native.a(uipbuf.o)
 .data          0x0000000000233552        0x0 contiki-ng-native.a(uip-icmp6.o)
 *fill*         0x0000000000233552        0xe 
 .data.rel.local
                0x0000000000233560       0x48 contiki-ng-native.a(uip-icmp6.o)
 .data          0x00000000002335a8        0x0 contiki-ng-native.a(uip-packetqueue)
 *fill*         0x00000000002335a8        0x8 
 .data.rel.local
                0x00000000002335b0       0x18 contiki-ng-native.a(uip-packetqueue)
 .data          0x00000000002335c8        0x0 contiki-ng-native.a(rpl-ext-header.)
 .data          0x00000000002335c8        0x0 contiki-ng-native.a(border-router-n)
 *fill*         0x00000000002335c8       0x18 
 .data.rel.local
                0x00000000002335e0       0x20 contiki-ng-native.a(border-router-n)
                0x00000000002335e0                border_router_process
 .data          0x0000000000233600        0x0 contiki-ng-native.a(buttons.o)
 .data          0x0000000000233600        0x0 contiki-ng-native.a(int-master.o)
 .data          0x0000000000233600        0x0 contiki-ng-native.a(gpio-hal-arch.o)
 .data          0x0000000000233600        0x0 /usr/lib/x86_64-linux-gnu/libc_nonshared.a(elf-init.oS)
 .data          0x0000000000233600        0x0 /usr/lib/x86_64-linux-gnu/libc_nonshared.a(atexit.oS)
 .data          0x0000000000233600        0x0 /usr/lib/gcc/x86_64-linux-gnu/7/crtendS.o
 .data          0x0000000000233600        0x0 /usr/lib/gcc/x86_64-linux-gnu/7/../../../x86_64-linux-gnu/crtn.o

.tm_clone_table
                0x0000000000233600        0x0
 .tm_clone_table
                0x0000000000233600        0x0 /usr/lib/gcc/x86_64-linux-gnu/7/crtbeginS.o
 .tm_clone_table
                0x0000000000233600        0x0 /usr/lib/gcc/x86_64-linux-gnu/7/crtendS.o

.data1
 *(.data1)
                0x0000000000233600                _edata = .
                [!provide]                        PROVIDE (edata = .)
                0x0000000000233600                . = .
                0x0000000000233600                __bss_start = .

.bss            0x0000000000233600    0x10380
 *(.dynbss)
 .dynbss        0x0000000000233600       0x28 /usr/lib/gcc/x86_64-linux-gnu/7/../../../x86_64-linux-gnu/Scrt1.o
                0x0000000000233600                stdout@@GLIBC_2.2.5
                0x0000000000233608                optind@@GLIBC_2.2.5
                0x0000000000233610                optarg@@GLIBC_2.2.5
                0x0000000000233620                stderr@@GLIBC_2.2.5
 *(.bss .bss.* .gnu.linkonce.b.*)
 .bss           0x0000000000233628        0x0 /usr/lib/gcc/x86_64-linux-gnu/7/../../../x86_64-linux-gnu/Scrt1.o
 .bss           0x0000000000233628        0x0 /usr/lib/gcc/x86_64-linux-gnu/7/../../../x86_64-linux-gnu/crti.o
 .bss           0x0000000000233628        0x1 /usr/lib/gcc/x86_64-linux-gnu/7/crtbeginS.o
 .bss           0x0000000000233629        0x0 border-router.o
 *fill*         0x0000000000233629       0x17 
 .bss           0x0000000000233640      0x118 contiki-ng-native.a(webserver.o)
 .bss           0x0000000000233758        0x0 contiki-ng-native.a(contiki-main.o)
 .bss           0x0000000000233758        0x0 contiki-ng-native.a(autostart.o)
 .bss           0x0000000000233758        0x0 contiki-ng-native.a(energest.o)
 .bss           0x0000000000233758       0x10 contiki-ng-native.a(etimer.o)
 .bss           0x0000000000233768       0x24 contiki-ng-native.a(log.o)
                0x0000000000233768                curr_log_level_tcpip
                0x000000000023376c                curr_log_level_ipv6
                0x0000000000233770                curr_log_level_6lowpan
                0x0000000000233774                curr_log_level_nullnet
                0x0000000000233778                curr_log_level_mac
                0x000000000023377c                curr_log_level_framer
                0x0000000000233780                curr_log_level_6top
                0x0000000000233784                curr_log_level_coap
                0x0000000000233788                curr_log_level_lwm2m
 *fill*         0x000000000023378c        0x4 
 .bss           0x0000000000233790        0x9 contiki-ng-native.a(ctimer.o)
 *fill*         0x0000000000233799        0x7 
 .bss           0x00000000002337a0      0x321 contiki-ng-native.a(process.o)
                0x00000000002337a0                process_list
                0x00000000002337a8                process_current
 *fill*         0x0000000000233ac1        0x7 
 .bss           0x0000000000233ac8        0x8 contiki-ng-native.a(rtimer.o)
 .bss           0x0000000000233ad0        0x2 contiki-ng-native.a(node-id.o)
                0x0000000000233ad0                node_id
 .bss           0x0000000000233ad2        0x0 contiki-ng-native.a(timer.o)
 .bss           0x0000000000233ad2        0x0 contiki-ng-native.a(list.o)
 *fill*         0x0000000000233ad2        0xe 
 .bss           0x0000000000233ae0     0x16e8 contiki-ng-native.a(nbr-table.o)
 .bss           0x00000000002351c8        0x8 contiki-ng-native.a(netstack.o)
 .bss           0x00000000002351d0        0x0 contiki-ng-native.a(linkaddr.o)
 *fill*         0x00000000002351d0       0x10 
 .bss           0x00000000002351e0     0x3040 contiki-ng-native.a(uip-sr.o)
 .bss           0x0000000000238220       0x30 contiki-ng-native.a(uip-ds6.o)
 *fill*         0x0000000000238250       0x10 
 .bss           0x0000000000238260       0x80 contiki-ng-native.a(uip-ds6-route.o)
 .bss           0x00000000002382e0        0x0 contiki-ng-native.a(psock.o)
 .bss           0x00000000002382e0     0x2580 contiki-ng-native.a(uip-ds6-nbr.o)
 .bss           0x000000000023a860      0x168 contiki-ng-native.a(tcpip.o)
 .bss           0x000000000023a9c8        0xa contiki-ng-native.a(uip6.o)
                0x000000000023a9c8                uip_ext_bitmap
                0x000000000023a9c9                uip_ext_len
                0x000000000023a9ca                uip_ext_opt_offset
 *fill*         0x000000000023a9d2        0x6 
 .bss           0x000000000023a9d8       0x20 contiki-ng-native.a(uip-nd6.o)
 *fill*         0x000000000023a9f8        0x8 
 .bss           0x000000000023aa00      0x738 contiki-ng-native.a(sicslowpan.o)
 .bss           0x000000000023b138        0x0 contiki-ng-native.a(uiplib.o)
 .bss           0x000000000023b138       0x12 contiki-ng-native.a(rpl-nbr-policy.)
 *fill*         0x000000000023b14a       0x16 
 .bss           0x000000000023b160     0x12c0 contiki-ng-native.a(rpl-neighbor.o)
 .bss           0x000000000023c420        0x0 contiki-ng-native.a(rpl-dag.o)
 .bss           0x000000000023c420       0x80 contiki-ng-native.a(rpl-timers.o)
 .bss           0x000000000023c4a0        0x1 contiki-ng-native.a(rpl.o)
 .bss           0x000000000023c4a1        0x0 contiki-ng-native.a(rpl-mrhof.o)
 .bss           0x000000000023c4a1        0x0 contiki-ng-native.a(rpl-icmp6.o)
 *fill*         0x000000000023c4a1        0xf 
 .bss           0x000000000023c4b0       0x11 contiki-ng-native.a(rpl-dag-root.o)
 *fill*         0x000000000023c4c1        0x3 
 .bss           0x000000000023c4c4       0x10 contiki-ng-native.a(tun-bridge.o)
 *fill*         0x000000000023c4d4        0xc 
 .bss           0x000000000023c4e0      0x840 contiki-ng-native.a(slip-dev.o)
                0x000000000023c4e0                slip_sent
                0x000000000023c4e8                slip_received
                0x000000000023c4f0                slipfd
 .bss           0x000000000023cd20       0x62 contiki-ng-native.a(slip-config.o)
                0x000000000023cd20                slip_config_verbose
                0x000000000023cd24                slip_config_flowcontrol
                0x000000000023cd28                slip_config_timestamp
                0x000000000023cd30                slip_config_siodev
                0x000000000023cd38                slip_config_host
                0x000000000023cd40                slip_config_port
                0x000000000023cd60                slip_config_tundev
                0x000000000023cd80                slip_config_basedelay
 *fill*         0x000000000023cd82       0x1e 
 .bss           0x000000000023cda0      0x420 contiki-ng-native.a(border-router-m)
 .bss           0x000000000023d1c0        0x2 contiki-ng-native.a(border-router-c)
 .bss           0x000000000023d1c2        0x0 contiki-ng-native.a(cmd.o)
 .bss           0x000000000023d1c2        0x0 contiki-ng-native.a(packetutils.o)
 *fill*         0x000000000023d1c2        0x6 
 .bss           0x000000000023d1c8       0x12 contiki-ng-native.a(shell.o)
 *fill*         0x000000000023d1da        0x6 
 .bss           0x000000000023d1e0       0x80 contiki-ng-native.a(shell-commands.)
 .bss           0x000000000023d260       0x80 contiki-ng-native.a(platform.o)
                0x000000000023d260                contiki_argc
 .bss           0x000000000023d2e0        0x0 contiki-ng-native.a(clock.o)
 .bss           0x000000000023d2e0        0x0 contiki-ng-native.a(rtimer-arch.o)
 .bss           0x000000000023d2e0        0x0 contiki-ng-native.a(watchdog.o)
 .bss           0x000000000023d2e0      0x1a0 contiki-ng-native.a(httpd-simple.o)
 .bss           0x000000000023d480        0x0 contiki-ng-native.a(rpl-border-rout)
 .bss           0x000000000023d480        0x0 contiki-ng-native.a(stimer.o)
 .bss           0x000000000023d480       0x28 contiki-ng-native.a(button-hal.o)
 *fill*         0x000000000023d4a8       0x18 
 .bss           0x000000000023d4c0      0x140 contiki-ng-native.a(serial-line.o)
 .bss           0x000000000023d600        0x8 contiki-ng-native.a(leds.o)
 .bss           0x000000000023d608        0x0 contiki-ng-native.a(nullradio.o)
 .bss           0x000000000023d608        0x8 contiki-ng-native.a(gpio-hal.o)
 .bss           0x000000000023d610        0x0 contiki-ng-native.a(memb.o)
 .bss           0x000000000023d610        0x0 contiki-ng-native.a(random.o)
 .bss           0x000000000023d610        0x0 contiki-ng-native.a(ringbuf.o)
 *fill*         0x000000000023d610       0x10 
 .bss           0x000000000023d620     0x2d80 contiki-ng-native.a(queuebuf.o)
 .bss           0x00000000002403a0       0xa0 contiki-ng-native.a(packetbuf.o)
 .bss           0x0000000000240440     0x12c0 contiki-ng-native.a(link-stats.o)
 .bss           0x0000000000241700        0x0 contiki-ng-native.a(mac.o)
 .bss           0x0000000000241700        0x2 contiki-ng-native.a(framer-802154.o)
 .bss           0x0000000000241702        0x0 contiki-ng-native.a(frame802154.o)
 *fill*         0x0000000000241702        0x6 
 .bss           0x0000000000241708        0xc contiki-ng-native.a(uipbuf.o)
 *fill*         0x0000000000241714        0xc 
 .bss           0x0000000000241720       0x20 contiki-ng-native.a(uip-icmp6.o)
 .bss           0x0000000000241740      0xad0 contiki-ng-native.a(uip-packetqueue)
 .bss           0x0000000000242210        0x0 contiki-ng-native.a(rpl-ext-header.)
 *fill*         0x0000000000242210       0x10 
 .bss           0x0000000000242220       0x40 contiki-ng-native.a(border-router-n)
 .bss           0x0000000000242260        0x8 contiki-ng-native.a(buttons.o)
                0x0000000000242260                button_hal_buttons
 .bss           0x0000000000242268        0x4 contiki-ng-native.a(int-master.o)
 *fill*         0x000000000024226c       0x14 
 .bss           0x0000000000242280       0x40 contiki-ng-native.a(gpio-hal-arch.o)
 .bss           0x00000000002422c0        0x0 /usr/lib/x86_64-linux-gnu/libc_nonshared.a(elf-init.oS)
 .bss           0x00000000002422c0        0x0 /usr/lib/x86_64-linux-gnu/libc_nonshared.a(atexit.oS)
 .bss           0x00000000002422c0        0x0 /usr/lib/gcc/x86_64-linux-gnu/7/crtendS.o
 .bss           0x00000000002422c0        0x0 /usr/lib/gcc/x86_64-linux-gnu/7/../../../x86_64-linux-gnu/crtn.o
 *(COMMON)
 COMMON         0x00000000002422c0       0xe8 contiki-ng-native.a(contiki-main.o)
                0x00000000002422c0                eb_per_time_source
                0x0000000000242300                unicast_per_neighbor_rpl_storing
                0x0000000000242340                unicast_per_neighbor_rpl_ns
                0x0000000000242380                default_common
 COMMON         0x00000000002423a8        0x8 contiki-ng-native.a(linkaddr.o)
                0x00000000002423a8                linkaddr_node_addr
 *fill*         0x00000000002423b0       0x10 
 COMMON         0x00000000002423c0      0x1c1 contiki-ng-native.a(uip-ds6.o)
                0x00000000002423c0                uip_ds6_prefix_list
                0x0000000000242420                uip_ds6_timer_periodic
                0x0000000000242440                uip_ds6_netif_addr_list_offset
                0x0000000000242460                uip_ds6_if
                0x0000000000242570                uip_ds6_timer_ra
                0x0000000000242580                uip_ds6_addr_size
 COMMON         0x0000000000242581        0x1 contiki-ng-native.a(tcpip.o)
                0x0000000000242581                tcpip_event
 *fill*         0x0000000000242582       0x1e 
 COMMON         0x00000000002425a0      0x898 contiki-ng-native.a(uip6.o)
                0x00000000002425a0                uip_slen
                0x00000000002425a2                uip_acc32
                0x00000000002425c0                uip_conns
                0x0000000000242780                uip_lladdr
                0x0000000000242788                uip_appdata
                0x0000000000242790                uip_flags
                0x00000000002427a0                uip_aligned_buf
                0x0000000000242ca0                uip_listenports
                0x0000000000242cc8                uip_len
                0x0000000000242cd0                uip_sappdata
                0x0000000000242ce0                uip_udp_conns
                0x0000000000242e20                uip_udp_conn
                0x0000000000242e28                uip_next_hdr
                0x0000000000242e30                uip_conn
 *fill*         0x0000000000242e38        0x8 
 COMMON         0x0000000000242e40      0x260 contiki-ng-native.a(rpl-dag.o)
                0x0000000000242e40                curr_instance
 COMMON         0x00000000002430a0       0x10 contiki-ng-native.a(rpl.o)
                0x00000000002430a0                rpl_multicast_addr
 *fill*         0x00000000002430b0       0x10 
 COMMON         0x00000000002430c0      0x824 contiki-ng-native.a(slip-dev.o)
                0x00000000002430c0                slip_packet_end
                0x00000000002430c4                slip_begin
                0x00000000002430c8                slip_end
                0x00000000002430e0                slip_buf
                0x00000000002438e0                slip_packet_count
 *fill*         0x00000000002438e4        0x4 
 COMMON         0x00000000002438e8        0x8 contiki-ng-native.a(slip-config.o)
                0x00000000002438e8                slip_config_ipaddr
 COMMON         0x00000000002438f0        0x1 contiki-ng-native.a(border-router-c)
                0x00000000002438f0                command_context
 *fill*         0x00000000002438f1        0x7 
 COMMON         0x00000000002438f8        0x8 contiki-ng-native.a(platform.o)
                0x00000000002438f8                contiki_argv
 COMMON         0x0000000000243900        0x1 contiki-ng-native.a(rpl-border-rout)
                0x0000000000243900                prefix_set
 COMMON         0x0000000000243901        0x3 contiki-ng-native.a(button-hal.o)
                0x0000000000243901                button_hal_periodic_event
                0x0000000000243902                button_hal_press_event
                0x0000000000243903                button_hal_release_event
 COMMON         0x0000000000243904        0x1 contiki-ng-native.a(serial-line.o)
                0x0000000000243904                serial_line_event_message
 *fill*         0x0000000000243905        0xb 
 COMMON         0x0000000000243910       0x30 contiki-ng-native.a(packetbuf.o)
                0x0000000000243910                packetbuf_attrs
                0x0000000000243930                packetbuf_addrs
 COMMON         0x0000000000243940       0x40 contiki-ng-native.a(link-stats.o)
                0x0000000000243940                periodic_timer
                0x0000000000243980                . = ALIGN ((. != 0x0)?0x8:0x1)

.lbss
 *(.dynlbss)
 *(.lbss .lbss.* .gnu.linkonce.lb.*)
 *(LARGE_COMMON)
                0x0000000000243980                . = ALIGN (0x8)
                0x0000000000243980                . = SEGMENT_START ("ldata-segment", .)

.lrodata
 *(.lrodata .lrodata.* .gnu.linkonce.lr.*)

.ldata          0x0000000000643980        0x0
 *(.ldata .ldata.* .gnu.linkonce.l.*)
                0x0000000000643980                . = ALIGN ((. != 0x0)?0x8:0x1)
                0x0000000000643980                . = ALIGN (0x8)
                0x0000000000643980                _end = .
                [!provide]                        PROVIDE (end = .)
                0x0000000000643980                . = DATA_SEGMENT_END (.)

.stab
 *(.stab)

.stabstr
 *(.stabstr)

.stab.excl
 *(.stab.excl)

.stab.exclstr
 *(.stab.exclstr)

.stab.index
 *(.stab.index)

.stab.indexstr
 *(.stab.indexstr)

.comment        0x0000000000000000       0x2a
 *(.comment)
 .comment       0x0000000000000000       0x2a /usr/lib/gcc/x86_64-linux-gnu/7/crtbeginS.o
                                         0x2b (size before relaxing)
 .comment       0x000000000000002a       0x2b border-router.o
 .comment       0x000000000000002a       0x2b contiki-ng-native.a(webserver.o)
 .comment       0x000000000000002a       0x2b contiki-ng-native.a(contiki-main.o)
 .comment       0x000000000000002a       0x2b contiki-ng-native.a(autostart.o)
 .comment       0x000000000000002a       0x2b contiki-ng-native.a(energest.o)
 .comment       0x000000000000002a       0x2b contiki-ng-native.a(etimer.o)
 .comment       0x000000000000002a       0x2b contiki-ng-native.a(log.o)
 .comment       0x000000000000002a       0x2b contiki-ng-native.a(ctimer.o)
 .comment       0x000000000000002a       0x2b contiki-ng-native.a(process.o)
 .comment       0x000000000000002a       0x2b contiki-ng-native.a(rtimer.o)
 .comment       0x000000000000002a       0x2b contiki-ng-native.a(node-id.o)
 .comment       0x000000000000002a       0x2b contiki-ng-native.a(timer.o)
 .comment       0x000000000000002a       0x2b contiki-ng-native.a(list.o)
 .comment       0x000000000000002a       0x2b contiki-ng-native.a(nbr-table.o)
 .comment       0x000000000000002a       0x2b contiki-ng-native.a(netstack.o)
 .comment       0x000000000000002a       0x2b contiki-ng-native.a(linkaddr.o)
 .comment       0x000000000000002a       0x2b contiki-ng-native.a(uip-sr.o)
 .comment       0x000000000000002a       0x2b contiki-ng-native.a(uip-ds6.o)
 .comment       0x000000000000002a       0x2b contiki-ng-native.a(uip-ds6-route.o)
 .comment       0x000000000000002a       0x2b contiki-ng-native.a(psock.o)
 .comment       0x000000000000002a       0x2b contiki-ng-native.a(uip-ds6-nbr.o)
 .comment       0x000000000000002a       0x2b contiki-ng-native.a(tcpip.o)
 .comment       0x000000000000002a       0x2b contiki-ng-native.a(uip6.o)