Archive member included to satisfy reference by file (symbol)

/usr/bin/../lib/gcc/arm-none-eabi/7.3.1/thumb/v7-m/libgcc.a(_aeabi_ldivmod.o)
                              obj_cc2538dk/spi-legacy.o (__aeabi_ldivmod)
/usr/bin/../lib/gcc/arm-none-eabi/7.3.1/thumb/v7-m/libgcc.a(_aeabi_uldivmod.o)
                              obj_cc2538dk/spi-legacy.o (__aeabi_uldivmod)
/usr/bin/../lib/gcc/arm-none-eabi/7.3.1/thumb/v7-m/libgcc.a(_udivmoddi4.o)
                              /usr/bin/../lib/gcc/arm-none-eabi/7.3.1/thumb/v7-m/libgcc.a(_aeabi_ldivmod.o) (__udivmoddi4)
/usr/bin/../lib/gcc/arm-none-eabi/7.3.1/thumb/v7-m/libgcc.a(_dvmd_tls.o)
                              /usr/bin/../lib/gcc/arm-none-eabi/7.3.1/thumb/v7-m/libgcc.a(_aeabi_ldivmod.o) (__aeabi_ldiv0)
/usr/bin/../lib/gcc/arm-none-eabi/7.3.1/../../../../arm-none-eabi/lib/thumb/v7-m/libc.a(lib_a-locale.o)
                              obj_cc2538dk/resolv.o (__locale_ctype_ptr)
/usr/bin/../lib/gcc/arm-none-eabi/7.3.1/../../../../arm-none-eabi/lib/thumb/v7-m/libc.a(lib_a-mbtowc_r.o)
                              /usr/bin/../lib/gcc/arm-none-eabi/7.3.1/../../../../arm-none-eabi/lib/thumb/v7-m/libc.a(lib_a-locale.o) (__ascii_mbtowc)
/usr/bin/../lib/gcc/arm-none-eabi/7.3.1/../../../../arm-none-eabi/lib/thumb/v7-m/libc.a(lib_a-memcmp.o)
                              obj_cc2538dk/linkaddr.o (memcmp)
/usr/bin/../lib/gcc/arm-none-eabi/7.3.1/../../../../arm-none-eabi/lib/thumb/v7-m/libc.a(lib_a-memcpy.o)
                              obj_cc2538dk/ecc-algorithm.o (memcpy)
/usr/bin/../lib/gcc/arm-none-eabi/7.3.1/../../../../arm-none-eabi/lib/thumb/v7-m/libc.a(lib_a-memmove.o)
                              obj_cc2538dk/uip-icmp6.o (memmove)
/usr/bin/../lib/gcc/arm-none-eabi/7.3.1/../../../../arm-none-eabi/lib/thumb/v7-m/libc.a(lib_a-memset.o)
                              obj_cc2538dk/udma.o (memset)
/usr/bin/../lib/gcc/arm-none-eabi/7.3.1/../../../../arm-none-eabi/lib/thumb/v7-m/libc.a(lib_a-reent.o)
                              obj_cc2538dk/syscalls.o (errno)
/usr/bin/../lib/gcc/arm-none-eabi/7.3.1/../../../../arm-none-eabi/lib/thumb/v7-m/libc.a(lib_a-strcasecmp.o)
                              obj_cc2538dk/resolv.o (strcasecmp)
/usr/bin/../lib/gcc/arm-none-eabi/7.3.1/../../../../arm-none-eabi/lib/thumb/v7-m/libc.a(lib_a-strcmp.o)
                              obj_cc2538dk/cfs-coffee.o (strcmp)
/usr/bin/../lib/gcc/arm-none-eabi/7.3.1/../../../../arm-none-eabi/lib/thumb/v7-m/libc.a(lib_a-strlen-stub.o)
                              obj_cc2538dk/sensors.o (strlen)
/usr/bin/../lib/gcc/arm-none-eabi/7.3.1/../../../../arm-none-eabi/lib/thumb/v7-m/libc.a(lib_a-strncasecmp.o)
                              obj_cc2538dk/resolv.o (strncasecmp)
/usr/bin/../lib/gcc/arm-none-eabi/7.3.1/../../../../arm-none-eabi/lib/thumb/v7-m/libc.a(lib_a-strncat.o)
                              obj_cc2538dk/resolv.o (strncat)
/usr/bin/../lib/gcc/arm-none-eabi/7.3.1/../../../../arm-none-eabi/lib/thumb/v7-m/libc.a(lib_a-strncmp.o)
                              obj_cc2538dk/sensors.o (strncmp)
/usr/bin/../lib/gcc/arm-none-eabi/7.3.1/../../../../arm-none-eabi/lib/thumb/v7-m/libc.a(lib_a-strncpy.o)
                              obj_cc2538dk/cfs-coffee.o (strncpy)
/usr/bin/../lib/gcc/arm-none-eabi/7.3.1/../../../../arm-none-eabi/lib/thumb/v7-m/libc.a(lib_a-wctomb_r.o)
                              /usr/bin/../lib/gcc/arm-none-eabi/7.3.1/../../../../arm-none-eabi/lib/thumb/v7-m/libc.a(lib_a-locale.o) (__ascii_wctomb)
/usr/bin/../lib/gcc/arm-none-eabi/7.3.1/../../../../arm-none-eabi/lib/thumb/v7-m/libc.a(lib_a-ctype_.o)
                              /usr/bin/../lib/gcc/arm-none-eabi/7.3.1/../../../../arm-none-eabi/lib/thumb/v7-m/libc.a(lib_a-locale.o) (_ctype_)
/usr/bin/../lib/gcc/arm-none-eabi/7.3.1/../../../../arm-none-eabi/lib/thumb/v7-m/libc.a(lib_a-freer.o)
                              /usr/bin/../lib/gcc/arm-none-eabi/7.3.1/../../../../arm-none-eabi/lib/thumb/v7-m/libc.a(lib_a-reent.o) (_free_r)
/usr/bin/../lib/gcc/arm-none-eabi/7.3.1/../../../../arm-none-eabi/lib/thumb/v7-m/libc.a(lib_a-impure.o)
                              /usr/bin/../lib/gcc/arm-none-eabi/7.3.1/../../../../arm-none-eabi/lib/thumb/v7-m/libc.a(lib_a-locale.o) (_impure_ptr)
/usr/bin/../lib/gcc/arm-none-eabi/7.3.1/../../../../arm-none-eabi/lib/thumb/v7-m/libc.a(lib_a-mallocr.o)
                              /usr/bin/../lib/gcc/arm-none-eabi/7.3.1/../../../../arm-none-eabi/lib/thumb/v7-m/libc.a(lib_a-freer.o) (__malloc_current_mallinfo)
/usr/bin/../lib/gcc/arm-none-eabi/7.3.1/../../../../arm-none-eabi/lib/thumb/v7-m/libc.a(lib_a-mlock.o)
                              /usr/bin/../lib/gcc/arm-none-eabi/7.3.1/../../../../arm-none-eabi/lib/thumb/v7-m/libc.a(lib_a-freer.o) (__malloc_lock)
/usr/bin/../lib/gcc/arm-none-eabi/7.3.1/../../../../arm-none-eabi/lib/thumb/v7-m/libc.a(lib_a-sbrkr.o)
                              /usr/bin/../lib/gcc/arm-none-eabi/7.3.1/../../../../arm-none-eabi/lib/thumb/v7-m/libc.a(lib_a-freer.o) (_sbrk_r)
[...]
Memory Configuration

Name             Origin             Length             Attributes
FLASH_FW         0x0000000000202000 0x000000000007dfd4 xr
FLASH_CCA        0x000000000027ffd4 0x000000000000002c xr
NRSRAM           0x0000000020000000 0x0000000000000000 xrw
FRSRAM           0x0000000020000000 0x0000000000008000 xrw
*default*        0x0000000000000000 0xffffffffffffffff

Linker script and memory map

LOAD obj_cc2538dk/startup-gcc.o
LOAD obj_cc2538dk/leds-arch.o
LOAD obj_cc2538dk/platform.o
LOAD obj_cc2538dk/sensors.o
LOAD obj_cc2538dk/smartrf-sensors.o
LOAD obj_cc2538dk/board-buttons.o
LOAD obj_cc2538dk/als-sensor.o
LOAD obj_cc2538dk/soc.o
LOAD obj_cc2538dk/clock.o
LOAD obj_cc2538dk/rtimer-arch.o
LOAD obj_cc2538dk/uart.o
LOAD obj_cc2538dk/watchdog.o
LOAD obj_cc2538dk/nvic.o
LOAD obj_cc2538dk/sys-ctrl.o
LOAD obj_cc2538dk/gpio.o
LOAD obj_cc2538dk/ioc.o
LOAD obj_cc2538dk/spi-legacy.o
LOAD obj_cc2538dk/adc.o
LOAD obj_cc2538dk/spi-arch.o
LOAD obj_cc2538dk/crypto.o
LOAD obj_cc2538dk/aes.o
LOAD obj_cc2538dk/ecb.o
LOAD obj_cc2538dk/cbc.o
LOAD obj_cc2538dk/ctr.o
LOAD obj_cc2538dk/cbc-mac.o
LOAD obj_cc2538dk/gcm.o
LOAD obj_cc2538dk/ccm.o
LOAD obj_cc2538dk/sha256.o
LOAD obj_cc2538dk/gpio-hal-arch.o
LOAD obj_cc2538dk/cc2538-aes-128.o
LOAD obj_cc2538dk/cc2538-ccm-star.o
LOAD obj_cc2538dk/cc2538-rf.o
LOAD obj_cc2538dk/udma.o
LOAD obj_cc2538dk/lpm.o
LOAD obj_cc2538dk/int-master.o
LOAD obj_cc2538dk/pka.o
LOAD obj_cc2538dk/bignum-driver.o
LOAD obj_cc2538dk/ecc-driver.o
LOAD obj_cc2538dk/ecc-algorithm.o
LOAD obj_cc2538dk/ecc-curve.o
LOAD obj_cc2538dk/dbg.o
LOAD obj_cc2538dk/ieee-addr.o
LOAD obj_cc2538dk/slip-arch.o
LOAD obj_cc2538dk/slip.o
LOAD obj_cc2538dk/i2c.o
LOAD obj_cc2538dk/cc2538-temp-sensor.o
LOAD obj_cc2538dk/vdd3-sensor.o
LOAD obj_cc2538dk/cfs-coffee.o
LOAD obj_cc2538dk/cfs-coffee-arch.o
LOAD obj_cc2538dk/pwm.o
LOAD obj_cc2538dk/usb-core.o
LOAD obj_cc2538dk/cdc-acm.o
LOAD obj_cc2538dk/usb-arch.o
LOAD obj_cc2538dk/usb-serial.o
LOAD obj_cc2538dk/cdc-acm-descriptors.o
LOAD obj_cc2538dk/simple-energest.o
LOAD obj_cc2538dk/contiki-main.o
LOAD obj_cc2538dk/stimer.o
LOAD obj_cc2538dk/autostart.o
LOAD obj_cc2538dk/energest.o
LOAD obj_cc2538dk/etimer.o
LOAD obj_cc2538dk/log.o
LOAD obj_cc2538dk/mutex.o
LOAD obj_cc2538dk/ctimer.o
LOAD obj_cc2538dk/compower.o
LOAD obj_cc2538dk/process.o
LOAD obj_cc2538dk/rtimer.o
LOAD obj_cc2538dk/node-id.o
LOAD obj_cc2538dk/timer.o
LOAD obj_cc2538dk/stack-check.o
LOAD obj_cc2538dk/button-hal.o
LOAD obj_cc2538dk/serial-line.o
LOAD obj_cc2538dk/spi.o
LOAD obj_cc2538dk/leds.o
LOAD obj_cc2538dk/nullradio.o
LOAD obj_cc2538dk/gpio-hal.o
LOAD obj_cc2538dk/dbl-circ-list.o
LOAD obj_cc2538dk/crc16.o
LOAD obj_cc2538dk/ifft.o
LOAD obj_cc2538dk/trickle-timer.o
LOAD obj_cc2538dk/ccm-star.o
LOAD obj_cc2538dk/dbl-list.o
LOAD obj_cc2538dk/ringbufindex.o
LOAD obj_cc2538dk/list.o
LOAD obj_cc2538dk/circular-list.o
LOAD obj_cc2538dk/aes-128.o
LOAD obj_cc2538dk/memb.o
LOAD obj_cc2538dk/heapmem.o
LOAD obj_cc2538dk/random.o
LOAD obj_cc2538dk/assert.o
LOAD obj_cc2538dk/ringbuf.o
LOAD obj_cc2538dk/queuebuf.o
LOAD obj_cc2538dk/nbr-table.o
LOAD obj_cc2538dk/packetbuf.o
LOAD obj_cc2538dk/netstack.o
LOAD obj_cc2538dk/linkaddr.o
LOAD obj_cc2538dk/net-debug.o
LOAD obj_cc2538dk/link-stats.o
LOAD obj_cc2538dk/mac-sequence.o
LOAD obj_cc2538dk/mac.o
LOAD obj_cc2538dk/frame802154e-ie.o
LOAD obj_cc2538dk/framer-802154.o
LOAD obj_cc2538dk/nullframer.o
LOAD obj_cc2538dk/frame802154.o
LOAD obj_cc2538dk/strformat.o
LOAD obj_cc2538dk/printf.o
LOAD obj_cc2538dk/sprintf.o
LOAD obj_cc2538dk/snprintf.o
LOAD obj_cc2538dk/puts.o
LOAD obj_cc2538dk/putchar.o
LOAD obj_cc2538dk/syscalls.o
LOAD obj_cc2538dk/csma.o
LOAD obj_cc2538dk/csma-output.o
LOAD obj_cc2538dk/uipbuf.o
LOAD obj_cc2538dk/uip-icmp6.o
LOAD obj_cc2538dk/uip-sr.o
LOAD obj_cc2538dk/uip-ds6.o
LOAD obj_cc2538dk/uip-packetqueue.o
LOAD obj_cc2538dk/tcp-socket.o
LOAD obj_cc2538dk/ip64-addr.o
LOAD obj_cc2538dk/uip-udp-packet.o
LOAD obj_cc2538dk/uip-ds6-route.o
LOAD obj_cc2538dk/psock.o
LOAD obj_cc2538dk/uip-ds6-nbr.o
LOAD obj_cc2538dk/tcpip.o
LOAD obj_cc2538dk/uip6.o
LOAD obj_cc2538dk/resolv.o
LOAD obj_cc2538dk/uip-nameserver.o
LOAD obj_cc2538dk/uip-nd6.o
LOAD obj_cc2538dk/udp-socket.o
LOAD obj_cc2538dk/simple-udp.o
LOAD obj_cc2538dk/sicslowpan.o
LOAD obj_cc2538dk/uiplib.o
LOAD obj_cc2538dk/rpl-nbr-policy.o
LOAD obj_cc2538dk/rpl-of0.o
LOAD obj_cc2538dk/rpl-neighbor.o
LOAD obj_cc2538dk/rpl-dag.o
LOAD obj_cc2538dk/rpl-timers.o
LOAD obj_cc2538dk/rpl-ext-header.o
LOAD obj_cc2538dk/rpl.o
LOAD obj_cc2538dk/rpl-mrhof.o
LOAD obj_cc2538dk/rpl-icmp6.o
LOAD obj_cc2538dk/rpl-dag-root.o
LOAD test.o
LOAD /usr/bin/../lib/gcc/arm-none-eabi/7.3.1/../../../../arm-none-eabi/lib/thumb/v7-m/libm.a
START GROUP
LOAD /usr/bin/../lib/gcc/arm-none-eabi/7.3.1/thumb/v7-m/libgcc.a
LOAD /usr/bin/../lib/gcc/arm-none-eabi/7.3.1/../../../../arm-none-eabi/lib/thumb/v7-m/libc.a
END GROUP

.text           0x0000000000202000     0xa445
                0x0000000000202000                _text = .
 *(SORT_BY_ALIGNMENT(.vectors))
 .vectors       0x0000000000202000      0x28c obj_cc2538dk/startup-gcc.o
                0x0000000000202000                vectors
 *(SORT_BY_ALIGNMENT(.text*))
 .text.reset_handler
                0x000000000020228c       0x40 obj_cc2538dk/startup-gcc.o
                0x000000000020228c                reset_handler
 .text.platform_init_stage_two
                0x00000000002022cc       0x4c obj_cc2538dk/platform.o
                0x00000000002022cc                platform_init_stage_two
 .text.platform_init_stage_three
                0x0000000000202318       0x8c obj_cc2538dk/platform.o
                0x0000000000202318                platform_init_stage_three
 .text.process_thread_sensors_process
                0x00000000002023a4       0xd4 obj_cc2538dk/sensors.o
 .text.value    0x0000000000202478       0x24 obj_cc2538dk/als-sensor.o
 .text.configure
                0x000000000020249c       0x54 obj_cc2538dk/als-sensor.o
 .text.soc_get_rev
                0x00000000002024f0       0x18 obj_cc2538dk/soc.o
                0x00000000002024f0                soc_get_rev
 .text.soc_print_info
                0x0000000000202508       0x10 obj_cc2538dk/soc.o
                0x0000000000202508                soc_print_info
 .text.update_ticks
                0x0000000000202518       0x58 obj_cc2538dk/clock.o
 .text.clock_init
                0x0000000000202570       0x4c obj_cc2538dk/clock.o
                0x0000000000202570                clock_init
 .text.clock_time
                0x00000000002025bc       0x14 obj_cc2538dk/clock.o
                0x00000000002025bc                clock_time
 .text.clock_seconds
                0x00000000002025d0       0x14 obj_cc2538dk/clock.o
                0x00000000002025d0                clock_seconds
 .text.clock_delay_usec
                0x00000000002025e4       0x1c obj_cc2538dk/clock.o
                0x00000000002025e4                clock_delay_usec
 .text.clock_adjust
                0x0000000000202600       0x20 obj_cc2538dk/clock.o
                0x0000000000202600                clock_adjust
 .text.rtimer_arch_next_trigger
                0x0000000000202620        0xc obj_cc2538dk/rtimer-arch.o
                0x0000000000202620                rtimer_arch_next_trigger
 .text.rtimer_arch_now
                0x000000000020262c       0x24 obj_cc2538dk/rtimer-arch.o
                0x000000000020262c                rtimer_arch_now
 .text.rtimer_arch_schedule
                0x0000000000202650       0x58 obj_cc2538dk/rtimer-arch.o
                0x0000000000202650                rtimer_arch_schedule
 .text.rtimer_isr
                0x00000000002026a8       0x2c obj_cc2538dk/rtimer-arch.o
                0x00000000002026a8                rtimer_isr
 .text.permit_pm1
                0x00000000002026d4       0x24 obj_cc2538dk/uart.o
 .text.uart_isr
                0x00000000002026f8       0x60 obj_cc2538dk/uart.o
 .text.uart_init
                0x0000000000202758      0x198 obj_cc2538dk/uart.o
                0x0000000000202758                uart_init
 .text.uart_set_input
                0x00000000002028f0       0x10 obj_cc2538dk/uart.o
                0x00000000002028f0                uart_set_input
 .text.uart_write_byte
                0x0000000000202900       0x1c obj_cc2538dk/uart.o
                0x0000000000202900                uart_write_byte
 .text.watchdog_init
                0x000000000020291c        0xc obj_cc2538dk/watchdog.o
                0x000000000020291c                watchdog_init
 .text.watchdog_start
                0x0000000000202928        0xc obj_cc2538dk/watchdog.o
                0x0000000000202928                watchdog_start
 .text.watchdog_periodic
                0x0000000000202934       0x10 obj_cc2538dk/watchdog.o
                0x0000000000202934                watchdog_periodic
 .text.nvic_init
                0x0000000000202944       0x10 obj_cc2538dk/nvic.o
                0x0000000000202944                nvic_init
 .text.sys_ctrl_init
                0x0000000000202954       0x74 obj_cc2538dk/sys-ctrl.o
                0x0000000000202954                sys_ctrl_init
 .text.gpio_port_isr
                0x00000000002029c8       0x48 obj_cc2538dk/gpio.o
 .text.ioc_init
                0x0000000000202a10       0x1c obj_cc2538dk/ioc.o
                0x0000000000202a10                ioc_init
 .text.ioc_set_over
                0x0000000000202a2c       0x14 obj_cc2538dk/ioc.o
                0x0000000000202a2c                ioc_set_over
 .text.ioc_set_sel
                0x0000000000202a40       0x14 obj_cc2538dk/ioc.o
                0x0000000000202a40                ioc_set_sel
 .text.adc_init
                0x0000000000202a54       0x10 obj_cc2538dk/adc.o
                0x0000000000202a54                adc_init
 .text.adc_get  0x0000000000202a64       0x74 obj_cc2538dk/adc.o
                0x0000000000202a64                adc_get
 .text.permit_pm1
                0x0000000000202ad8       0x10 obj_cc2538dk/crypto.o
 .text.crypto_isr
                0x0000000000202ae8       0x28 obj_cc2538dk/crypto.o
                0x0000000000202ae8                crypto_isr
 .text.crypto_enable
                0x0000000000202b10       0x20 obj_cc2538dk/crypto.o
                0x0000000000202b10                crypto_enable
 .text.crypto_init
                0x0000000000202b30       0x3c obj_cc2538dk/crypto.o
                0x0000000000202b30                crypto_init
 .text.crypto_disable
                0x0000000000202b6c       0x20 obj_cc2538dk/crypto.o
                0x0000000000202b6c                crypto_disable
 .text.gpio_hal_arch_pin_cfg_set
                0x0000000000202b8c       0xd8 obj_cc2538dk/gpio-hal-arch.o
                0x0000000000202b8c                gpio_hal_arch_pin_cfg_set
 .text.receiving_packet
                0x0000000000202c64       0x18 obj_cc2538dk/cc2538-rf.o
 .text.pending_packet
                0x0000000000202c7c       0x10 obj_cc2538dk/cc2538-rf.o
 .text.energest_switch
                0x0000000000202c8c       0x58 obj_cc2538dk/cc2538-rf.o
 .text.set_poll_mode
                0x0000000000202ce4       0x98 obj_cc2538dk/cc2538-rf.o
 .text.set_object
                0x0000000000202d7c       0x30 obj_cc2538dk/cc2538-rf.o
 .text.read     0x0000000000202dac       0xe4 obj_cc2538dk/cc2538-rf.o
 .text.get_object
                0x0000000000202e90      0x148 obj_cc2538dk/cc2538-rf.o
 .text.off      0x0000000000202fd8       0x78 obj_cc2538dk/cc2538-rf.o
 .text.on       0x0000000000203050       0x48 obj_cc2538dk/cc2538-rf.o
 .text.set_channel
                0x0000000000203098       0x48 obj_cc2538dk/cc2538-rf.o
 .text.init     0x00000000002030e0       0xe0 obj_cc2538dk/cc2538-rf.o
 .text.set_value
                0x00000000002031c0       0xf4 obj_cc2538dk/cc2538-rf.o
 .text.get_value
                0x00000000002032b4      0x160 obj_cc2538dk/cc2538-rf.o
 .text.channel_clear
                0x0000000000203414       0x3c obj_cc2538dk/cc2538-rf.o
 .text.prepare  0x0000000000203450       0x64 obj_cc2538dk/cc2538-rf.o
 .text.process_thread_cc2538_rf_process
                0x00000000002034b4       0x90 obj_cc2538dk/cc2538-rf.o
 .text.transmit
                0x0000000000203544       0xac obj_cc2538dk/cc2538-rf.o
 .text.cc2538_rf_rx_tx_isr
                0x00000000002035f0       0x24 obj_cc2538dk/cc2538-rf.o
                0x00000000002035f0                cc2538_rf_rx_tx_isr
 .text.cc2538_rf_err_isr
                0x0000000000203614       0x28 obj_cc2538dk/cc2538-rf.o
                0x0000000000203614                cc2538_rf_err_isr
 .text.udma_init
                0x000000000020363c       0x34 obj_cc2538dk/udma.o
                0x000000000020363c                udma_init
 .text.udma_set_channel_src
                0x0000000000203670       0x10 obj_cc2538dk/udma.o
                0x0000000000203670                udma_set_channel_src
 .text.udma_set_channel_dst
                0x0000000000203680       0x14 obj_cc2538dk/udma.o
                0x0000000000203680                udma_set_channel_dst
 .text.udma_set_channel_control_word
                0x0000000000203694       0x14 obj_cc2538dk/udma.o
                0x0000000000203694                udma_set_channel_control_word
 .text.udma_channel_enable
                0x00000000002036a8       0x18 obj_cc2538dk/udma.o
                0x00000000002036a8                udma_channel_enable
 .text.udma_channel_mask_set
                0x00000000002036c0       0x18 obj_cc2538dk/udma.o
                0x00000000002036c0                udma_channel_mask_set
 .text.udma_channel_sw_request
                0x00000000002036d8       0x18 obj_cc2538dk/udma.o
                0x00000000002036d8                udma_channel_sw_request
 .text.udma_channel_get_mode
                0x00000000002036f0       0x1c obj_cc2538dk/udma.o
                0x00000000002036f0                udma_channel_get_mode
 .text.udma_isr
                0x000000000020370c       0x10 obj_cc2538dk/udma.o
                0x000000000020370c                udma_isr
 .text.udma_err_isr
                0x000000000020371c        0xc obj_cc2538dk/udma.o
                0x000000000020371c                udma_err_isr
 .text.select_32_mhz_xosc
                0x0000000000203728       0x2c obj_cc2538dk/lpm.o
 .text.energest_switch
                0x0000000000203754       0x58 obj_cc2538dk/lpm.o
 .text.lpm_exit
                0x00000000002037ac       0x44 obj_cc2538dk/lpm.o
                0x00000000002037ac                lpm_exit
 .text.lpm_enter
                0x00000000002037f0       0xcc obj_cc2538dk/lpm.o
                0x00000000002037f0                lpm_enter
 .text.lpm_register_peripheral
                0x00000000002038bc       0x20 obj_cc2538dk/lpm.o
                0x00000000002038bc                lpm_register_peripheral
 .text.lpm_init
                0x00000000002038dc       0x24 obj_cc2538dk/lpm.o
                0x00000000002038dc                lpm_init
 .text.pka_isr  0x0000000000203900       0x28 obj_cc2538dk/pka.o
                0x0000000000203900                pka_isr
 .text.ieee_addr_cpy_to
                0x0000000000203928       0x5c obj_cc2538dk/ieee-addr.o
                0x0000000000203928                ieee_addr_cpy_to
 .text.process_thread_simple_energest_process
                0x0000000000203984      0x22c obj_cc2538dk/simple-energest.o
 .text.simple_energest_init
                0x0000000000203bb0       0x50 obj_cc2538dk/simple-energest.o
                0x0000000000203bb0                simple_energest_init
 .text.startup.main
                0x0000000000203c00      0x1ec obj_cc2538dk/contiki-main.o
                0x0000000000203c00                main
 .text.stimer_expired
                0x0000000000203dec       0x20 obj_cc2538dk/stimer.o
                0x0000000000203dec                stimer_expired
 .text.energest_init
                0x0000000000203e0c       0x3c obj_cc2538dk/energest.o
                0x0000000000203e0c                energest_init
 .text.energest_flush
                0x0000000000203e48       0x48 obj_cc2538dk/energest.o
                0x0000000000203e48                energest_flush
 .text.energest_get_total_time
                0x0000000000203e90       0x2c obj_cc2538dk/energest.o
                0x0000000000203e90                energest_get_total_time
 .text.update_time
                0x0000000000203ebc       0x44 obj_cc2538dk/etimer.o
 .text.etimer_request_poll
                0x0000000000203f00        0xc obj_cc2538dk/etimer.o
                0x0000000000203f00                etimer_request_poll
 .text.process_thread_etimer_process
                0x0000000000203f0c       0xac obj_cc2538dk/etimer.o
 .text.add_timer
                0x0000000000203fb8       0x40 obj_cc2538dk/etimer.o
 .text.etimer_pending
                0x0000000000203ff8       0x10 obj_cc2538dk/etimer.o
                0x0000000000203ff8                etimer_pending
 .text.etimer_stop
                0x0000000000204008       0x34 obj_cc2538dk/etimer.o
                0x0000000000204008                etimer_stop
 .text.log_6addr
                0x000000000020403c       0x20 obj_cc2538dk/log.o
                0x000000000020403c                log_6addr
 .text.log_lladdr
                0x000000000020405c       0x40 obj_cc2538dk/log.o
                0x000000000020405c                log_lladdr
 .text.process_thread_ctimer_process
                0x000000000020409c       0x7c obj_cc2538dk/ctimer.o
 .text.ctimer_init
                0x0000000000204118       0x28 obj_cc2538dk/ctimer.o
                0x0000000000204118                ctimer_init
 .text.ctimer_set_with_process
                0x0000000000204140       0x44 obj_cc2538dk/ctimer.o
                0x0000000000204140                ctimer_set_with_process
 .text.ctimer_set
                0x0000000000204184       0x14 obj_cc2538dk/ctimer.o
                0x0000000000204184                ctimer_set
 .text.ctimer_reset
                0x0000000000204198       0x38 obj_cc2538dk/ctimer.o
                0x0000000000204198                ctimer_reset
 .text.ctimer_stop
                0x00000000002041d0       0x2c obj_cc2538dk/ctimer.o
                0x00000000002041d0                ctimer_stop
 .text.ctimer_expired
                0x00000000002041fc       0x34 obj_cc2538dk/ctimer.o
                0x00000000002041fc                ctimer_expired
 .text.call_process.part.0
                0x0000000000204230       0x38 obj_cc2538dk/process.o
 .text.exit_process
                0x0000000000204268       0x80 obj_cc2538dk/process.o
 .text.do_poll  0x00000000002042e8       0x30 obj_cc2538dk/process.o
 .text.process_alloc_event
                0x0000000000204318       0x10 obj_cc2538dk/process.o
                0x0000000000204318                process_alloc_event
 .text.process_init
                0x0000000000204328       0x30 obj_cc2538dk/process.o
                0x0000000000204328                process_init
 .text.process_run
                0x0000000000204358       0x88 obj_cc2538dk/process.o
                0x0000000000204358                process_run
 .text.process_nevents
                0x00000000002043e0       0x14 obj_cc2538dk/process.o
                0x00000000002043e0                process_nevents
 .text.process_post
                0x00000000002043f4       0x3c obj_cc2538dk/process.o
                0x00000000002043f4                process_post
 .text.process_post_synch
                0x0000000000204430       0x14 obj_cc2538dk/process.o
                0x0000000000204430                process_post_synch
 .text.process_start
                0x0000000000204444       0x30 obj_cc2538dk/process.o
                0x0000000000204444                process_start
 .text.process_poll
                0x0000000000204474       0x18 obj_cc2538dk/process.o
                0x0000000000204474                process_poll
 .text.rtimer_run_next
                0x000000000020448c       0x28 obj_cc2538dk/rtimer.o
                0x000000000020448c                rtimer_run_next
 .text.node_id_init
                0x00000000002044b4       0x18 obj_cc2538dk/node-id.o
                0x00000000002044b4                node_id_init
 .text.stack_check_init
                0x00000000002044cc       0x28 obj_cc2538dk/stack-check.o
                0x00000000002044cc                stack_check_init
 .text.stack_check_get_usage
                0x00000000002044f4       0x40 obj_cc2538dk/stack-check.o
                0x00000000002044f4                stack_check_get_usage
 .text.process_thread_stack_check_process
                0x0000000000204534       0x84 obj_cc2538dk/stack-check.o
 .text.duration_exceeded_callback
                0x00000000002045b8       0x34 obj_cc2538dk/button-hal.o
 .text.process_thread_button_hal_process
                0x00000000002045ec       0x78 obj_cc2538dk/button-hal.o
 .text.press_release_handler
                0x0000000000204664       0x18 obj_cc2538dk/button-hal.o
 .text.debounce_handler
                0x000000000020467c       0x64 obj_cc2538dk/button-hal.o
 .text.button_hal_init
                0x00000000002046e0       0xfc obj_cc2538dk/button-hal.o
                0x00000000002046e0                button_hal_init
 .text.process_thread_serial_line_process
                0x00000000002047dc       0x98 obj_cc2538dk/serial-line.o
 .text.serial_line_input_byte
                0x0000000000204874       0x48 obj_cc2538dk/serial-line.o
                0x0000000000204874                serial_line_input_byte
 .text.serial_line_init
                0x00000000002048bc       0x24 obj_cc2538dk/serial-line.o
                0x00000000002048bc                serial_line_init
 .text.leds_on  0x00000000002048e0       0x4c obj_cc2538dk/leds.o
                0x00000000002048e0                leds_on
 .text.leds_off
                0x000000000020492c       0x48 obj_cc2538dk/leds.o
                0x000000000020492c                leds_off
 .text.leds_init
                0x0000000000204974       0x48 obj_cc2538dk/leds.o
                0x0000000000204974                leds_init
 .text.leds_toggle
                0x00000000002049bc       0x24 obj_cc2538dk/leds.o
                0x00000000002049bc                leds_toggle
 .text.gpio_hal_register_handler
                0x00000000002049e0        0xc obj_cc2538dk/gpio-hal.o
                0x00000000002049e0                gpio_hal_register_handler
 .text.gpio_hal_event_handler
                0x00000000002049ec       0x24 obj_cc2538dk/gpio-hal.o
                0x00000000002049ec                gpio_hal_event_handler
 .text.gpio_hal_init
                0x0000000000204a10        0xc obj_cc2538dk/gpio-hal.o
                0x0000000000204a10                gpio_hal_init
 .text.random_rand
                0x0000000000204a1c       0x24 obj_cc2538dk/random.o
                0x0000000000204a1c                random_rand
 .text.random_init
                0x0000000000204a40       0x78 obj_cc2538dk/random.o
                0x0000000000204a40                random_init
 .text.queuebuf_init
                0x0000000000204ab8       0x1c obj_cc2538dk/queuebuf.o
                0x0000000000204ab8                queuebuf_init
 .text.queuebuf_numfree
                0x0000000000204ad4        0xc obj_cc2538dk/queuebuf.o
                0x0000000000204ad4                queuebuf_numfree
 .text.queuebuf_new_from_packetbuf
                0x0000000000204ae0       0x44 obj_cc2538dk/queuebuf.o
                0x0000000000204ae0                queuebuf_new_from_packetbuf
 .text.queuebuf_free
                0x0000000000204b24       0x2c obj_cc2538dk/queuebuf.o
                0x0000000000204b24                queuebuf_free
 .text.queuebuf_to_packetbuf
                0x0000000000204b50       0x30 obj_cc2538dk/queuebuf.o
                0x0000000000204b50                queuebuf_to_packetbuf
 .text.index_from_key
                0x0000000000204b80       0x20 obj_cc2538dk/nbr-table.o
 .text.index_from_lladdr
                0x0000000000204ba0       0x40 obj_cc2538dk/nbr-table.o
 .text.nbr_get_bit.constprop.0
                0x0000000000204be0       0x24 obj_cc2538dk/nbr-table.o
 .text.nbr_table_is_registered
                0x0000000000204c04       0x20 obj_cc2538dk/nbr-table.o
                0x0000000000204c04                nbr_table_is_registered
 .text.nbr_table_register
                0x0000000000204c24       0x30 obj_cc2538dk/nbr-table.o
                0x0000000000204c24                nbr_table_register
 .text.nbr_table_next
                0x0000000000204c54       0x48 obj_cc2538dk/nbr-table.o
                0x0000000000204c54                nbr_table_next
 .text.nbr_table_head
                0x0000000000204c9c       0x38 obj_cc2538dk/nbr-table.o
                0x0000000000204c9c                nbr_table_head
 .text.nbr_table_add_lladdr
                0x0000000000204cd4      0x14c obj_cc2538dk/nbr-table.o
                0x0000000000204cd4                nbr_table_add_lladdr
 .text.nbr_table_remove
                0x0000000000204e20       0x2c obj_cc2538dk/nbr-table.o
                0x0000000000204e20                nbr_table_remove
 .text.nbr_table_lock
                0x0000000000204e4c       0x10 obj_cc2538dk/nbr-table.o
                0x0000000000204e4c                nbr_table_lock
 .text.nbr_table_unlock
                0x0000000000204e5c       0x10 obj_cc2538dk/nbr-table.o
                0x0000000000204e5c                nbr_table_unlock
 .text.nbr_table_get_lladdr
                0x0000000000204e6c       0x24 obj_cc2538dk/nbr-table.o
                0x0000000000204e6c                nbr_table_get_lladdr
 .text.packetbuf_hdrreduce
                0x0000000000204e90       0x28 obj_cc2538dk/packetbuf.o
                0x0000000000204e90                packetbuf_hdrreduce
 .text.packetbuf_set_datalen
                0x0000000000204eb8        0xc obj_cc2538dk/packetbuf.o
                0x0000000000204eb8                packetbuf_set_datalen
 .text.packetbuf_hdrptr
                0x0000000000204ec4        0x8 obj_cc2538dk/packetbuf.o
                0x0000000000204ec4                packetbuf_hdrptr
 .text.packetbuf_datalen
                0x0000000000204ecc        0xc obj_cc2538dk/packetbuf.o
                0x0000000000204ecc                packetbuf_datalen
 .text.packetbuf_hdrlen
                0x0000000000204ed8       0x18 obj_cc2538dk/packetbuf.o
                0x0000000000204ed8                packetbuf_hdrlen
 .text.packetbuf_dataptr
                0x0000000000204ef0       0x10 obj_cc2538dk/packetbuf.o
                0x0000000000204ef0                packetbuf_dataptr
 .text.packetbuf_copyto
                0x0000000000204f00       0x44 obj_cc2538dk/packetbuf.o
                0x0000000000204f00                packetbuf_copyto
 .text.packetbuf_totlen
                0x0000000000204f44       0x14 obj_cc2538dk/packetbuf.o
                0x0000000000204f44                packetbuf_totlen
 .text.packetbuf_hdralloc
                0x0000000000204f58       0x3c obj_cc2538dk/packetbuf.o
                0x0000000000204f58                packetbuf_hdralloc
 .text.packetbuf_attr_clear
                0x0000000000204f94       0x34 obj_cc2538dk/packetbuf.o
                0x0000000000204f94                packetbuf_attr_clear
 .text.packetbuf_clear
                0x0000000000204fc8       0x20 obj_cc2538dk/packetbuf.o
                0x0000000000204fc8                packetbuf_clear
 .text.packetbuf_copyfrom
                0x0000000000204fe8       0x2c obj_cc2538dk/packetbuf.o
                0x0000000000204fe8                packetbuf_copyfrom
 .text.packetbuf_attr_copyto
                0x0000000000205014       0x24 obj_cc2538dk/packetbuf.o
                0x0000000000205014                packetbuf_attr_copyto
 .text.packetbuf_attr_copyfrom
                0x0000000000205038       0x24 obj_cc2538dk/packetbuf.o
                0x0000000000205038                packetbuf_attr_copyfrom
 .text.packetbuf_set_attr
                0x000000000020505c       0x10 obj_cc2538dk/packetbuf.o
                0x000000000020505c                packetbuf_set_attr
 .text.packetbuf_attr
                0x000000000020506c        0xc obj_cc2538dk/packetbuf.o
                0x000000000020506c                packetbuf_attr
 .text.packetbuf_set_addr
                0x0000000000205078       0x18 obj_cc2538dk/packetbuf.o
                0x0000000000205078                packetbuf_set_addr
 .text.packetbuf_addr
                0x0000000000205090       0x10 obj_cc2538dk/packetbuf.o
                0x0000000000205090                packetbuf_addr
 .text.packetbuf_holds_broadcast
                0x00000000002050a0       0x10 obj_cc2538dk/packetbuf.o
                0x00000000002050a0                packetbuf_holds_broadcast
 .text.netstack_process_ip_callback
                0x00000000002050b0       0x40 obj_cc2538dk/netstack.o
                0x00000000002050b0                netstack_process_ip_callback
 .text.netstack_init
                0x00000000002050f0       0x24 obj_cc2538dk/netstack.o
                0x00000000002050f0                netstack_init
 .text.periodic
                0x0000000000205114       0x2c obj_cc2538dk/link-stats.o
 .text.link_stats_from_lladdr
                0x0000000000205140        0xc obj_cc2538dk/link-stats.o
                0x0000000000205140                link_stats_from_lladdr
 .text.link_stats_packet_sent
                0x000000000020514c       0x74 obj_cc2538dk/link-stats.o
                0x000000000020514c                link_stats_packet_sent
 .text.link_stats_input_callback
                0x00000000002051c0       0x4c obj_cc2538dk/link-stats.o
                0x00000000002051c0                link_stats_input_callback
 .text.link_stats_reset
                0x000000000020520c       0x28 obj_cc2538dk/link-stats.o
                0x000000000020520c                link_stats_reset
 .text.link_stats_init
                0x0000000000205234       0x28 obj_cc2538dk/link-stats.o
                0x0000000000205234                link_stats_init
 .text.mac_sequence_is_duplicate
                0x000000000020525c       0x48 obj_cc2538dk/mac-sequence.o
                0x000000000020525c                mac_sequence_is_duplicate
 .text.mac_sequence_register_seqno
                0x00000000002052a4       0x58 obj_cc2538dk/mac-sequence.o
                0x00000000002052a4                mac_sequence_register_seqno
 .text.create_frame
                0x00000000002052fc       0xd0 obj_cc2538dk/framer-802154.o
 .text.frame802154_get_pan_id
                0x00000000002053cc        0xc obj_cc2538dk/frame802154.o
                0x00000000002053cc                frame802154_get_pan_id
 .text.frame802154_parse
                0x00000000002053d8      0x12c obj_cc2538dk/frame802154.o
                0x00000000002053d8                frame802154_parse
 .text.fill_space
                0x0000000000205504       0x34 obj_cc2538dk/strformat.o
 .text.format_str_v
                0x0000000000205538      0x6dc obj_cc2538dk/strformat.o
                0x0000000000205538                format_str_v
 .text.printf   0x0000000000205c14       0x20 obj_cc2538dk/printf.o
                0x0000000000205c14                printf
 .text.vsnprintf
                0x0000000000205c34       0x28 obj_cc2538dk/snprintf.o
                0x0000000000205c34                vsnprintf
 .text.on       0x0000000000205c5c        0xc obj_cc2538dk/csma.o
 .text.off      0x0000000000205c68        0xc obj_cc2538dk/csma.o
 .text.input_packet
                0x0000000000205c74       0x54 obj_cc2538dk/csma.o
 .text.schedule_transmission
                0x0000000000205cc8       0x38 obj_cc2538dk/csma-output.o
 .text.tx_done  0x0000000000205d00       0x7c obj_cc2538dk/csma-output.o
 .text.transmit_from_queue
                0x0000000000205d7c      0x1dc obj_cc2538dk/csma-output.o
 .text.csma_output_packet
                0x0000000000205f58      0x13c obj_cc2538dk/csma-output.o
                0x0000000000205f58                csma_output_packet
 .text.csma_output_init
                0x0000000000206094       0x28 obj_cc2538dk/csma-output.o
                0x0000000000206094                csma_output_init
 .text.uipbuf_get_attr
                0x00000000002060bc       0x14 obj_cc2538dk/uipbuf.o
                0x00000000002060bc                uipbuf_get_attr
 .text.uipbuf_clear_attr
                0x00000000002060d0       0x18 obj_cc2538dk/uipbuf.o
                0x00000000002060d0                uipbuf_clear_attr
 .text.echo_reply_input
                0x00000000002060e8       0xa4 obj_cc2538dk/uip-icmp6.o
 .text.echo_request_input
                0x000000000020618c       0xd0 obj_cc2538dk/uip-icmp6.o
 .text.uip_icmp6_input
                0x000000000020625c       0x38 obj_cc2538dk/uip-icmp6.o
                0x000000000020625c                uip_icmp6_input
 .text.uip_icmp6_register_input_handler
                0x0000000000206294        0xc obj_cc2538dk/uip-icmp6.o
                0x0000000000206294                uip_icmp6_register_input_handler
 .text.uip_icmp6_error_output
                0x00000000002062a0      0x150 obj_cc2538dk/uip-icmp6.o
                0x00000000002062a0                uip_icmp6_error_output
 .text.uip_icmp6_send
                0x00000000002063f0       0x78 obj_cc2538dk/uip-icmp6.o
                0x00000000002063f0                uip_icmp6_send
 .text.uip_icmp6_init
                0x0000000000206468       0x1c obj_cc2538dk/uip-icmp6.o
                0x0000000000206468                uip_icmp6_init
 .text.node_matches_address.part.0
                0x0000000000206484       0x28 obj_cc2538dk/uip-sr.o
 .text.uip_sr_get_node
                0x00000000002064ac       0x38 obj_cc2538dk/uip-sr.o
                0x00000000002064ac                uip_sr_get_node
 .text.uip_sr_is_addr_reachable
                0x00000000002064e4       0x44 obj_cc2538dk/uip-sr.o
                0x00000000002064e4                uip_sr_is_addr_reachable
 .text.uip_sr_update_node
                0x0000000000206528       0xa4 obj_cc2538dk/uip-sr.o
                0x0000000000206528                uip_sr_update_node
 .text.uip_sr_init
                0x00000000002065cc       0x24 obj_cc2538dk/uip-sr.o
                0x00000000002065cc                uip_sr_init
 .text.uip_sr_periodic
                0x00000000002065f0       0x74 obj_cc2538dk/uip-sr.o
                0x00000000002065f0                uip_sr_periodic
 .text.uip_sr_free_all
                0x0000000000206664       0x48 obj_cc2538dk/uip-sr.o
                0x0000000000206664                uip_sr_free_all
 .text.uip_ds6_prefix_add
                0x00000000002066ac       0x64 obj_cc2538dk/uip-ds6.o
                0x00000000002066ac                uip_ds6_prefix_add
 .text.uip_ds6_is_addr_onlink
                0x0000000000206710       0x40 obj_cc2538dk/uip-ds6.o
                0x0000000000206710                uip_ds6_is_addr_onlink
 .text.uip_ds6_addr_lookup
                0x0000000000206750       0x2c obj_cc2538dk/uip-ds6.o
                0x0000000000206750                uip_ds6_addr_lookup
 .text.uip_ds6_get_link_local
                0x000000000020677c       0x3c obj_cc2538dk/uip-ds6.o
                0x000000000020677c                uip_ds6_get_link_local
 .text.uip_ds6_maddr_add
                0x00000000002067b8       0x4c obj_cc2538dk/uip-ds6.o
                0x00000000002067b8                uip_ds6_maddr_add
 .text.uip_ds6_addr_add
                0x0000000000206804       0x98 obj_cc2538dk/uip-ds6.o
                0x0000000000206804                uip_ds6_addr_add
 .text.uip_ds6_maddr_lookup
                0x000000000020689c       0x2c obj_cc2538dk/uip-ds6.o
                0x000000000020689c                uip_ds6_maddr_lookup
 .text.uip_ds6_addr_rm
                0x00000000002068c8       0x44 obj_cc2538dk/uip-ds6.o
                0x00000000002068c8                uip_ds6_addr_rm
 .text.uip_ds6_periodic
                0x000000000020690c       0x48 obj_cc2538dk/uip-ds6.o
                0x000000000020690c                uip_ds6_periodic
 .text.uip_ds6_select_src
                0x0000000000206954       0x94 obj_cc2538dk/uip-ds6.o
                0x0000000000206954                uip_ds6_select_src
 .text.uip_ds6_compute_reachable_time
                0x00000000002069e8       0x2c obj_cc2538dk/uip-ds6.o
                0x00000000002069e8                uip_ds6_compute_reachable_time
 .text.uip_ds6_init
                0x0000000000206a14       0xe0 obj_cc2538dk/uip-ds6.o
                0x0000000000206a14                uip_ds6_init
 .text.uip_ds6_route_init
                0x0000000000206af4       0x1c obj_cc2538dk/uip-ds6-route.o
                0x0000000000206af4                uip_ds6_route_init
 .text.uip_ds6_defrt_rm
                0x0000000000206b10       0x38 obj_cc2538dk/uip-ds6-route.o
                0x0000000000206b10                uip_ds6_defrt_rm
 .text.uip_ds6_defrt_lookup
                0x0000000000206b48       0x34 obj_cc2538dk/uip-ds6-route.o
                0x0000000000206b48                uip_ds6_defrt_lookup
 .text.uip_ds6_defrt_add
                0x0000000000206b7c       0x60 obj_cc2538dk/uip-ds6-route.o
                0x0000000000206b7c                uip_ds6_defrt_add
 .text.uip_ds6_defrt_choose
                0x0000000000206bdc       0x30 obj_cc2538dk/uip-ds6-route.o
                0x0000000000206bdc                uip_ds6_defrt_choose
 .text.uip_ds6_defrt_periodic
                0x0000000000206c0c       0x3c obj_cc2538dk/uip-ds6-route.o
                0x0000000000206c0c                uip_ds6_defrt_periodic
 .text.uip_ds6_nbr_rm
                0x0000000000206c48       0x24 obj_cc2538dk/uip-ds6-nbr.o
                0x0000000000206c48                uip_ds6_nbr_rm
 .text.uip_ds6_neighbors_init
                0x0000000000206c6c       0x1c obj_cc2538dk/uip-ds6-nbr.o
                0x0000000000206c6c                uip_ds6_neighbors_init
 .text.uip_ds6_nbr_add
                0x0000000000206c88       0x44 obj_cc2538dk/uip-ds6-nbr.o
                0x0000000000206c88                uip_ds6_nbr_add
 .text.uip_ds6_nbr_get_ll
                0x0000000000206ccc       0x10 obj_cc2538dk/uip-ds6-nbr.o
                0x0000000000206ccc                uip_ds6_nbr_get_ll
 .text.uip_ds6_nbr_lookup
                0x0000000000206cdc       0x38 obj_cc2538dk/uip-ds6-nbr.o
                0x0000000000206cdc                uip_ds6_nbr_lookup
 .text.uip_ds6_nbr_ll_lookup
                0x0000000000206d14       0x10 obj_cc2538dk/uip-ds6-nbr.o
                0x0000000000206d14                uip_ds6_nbr_ll_lookup
 .text.tcpip_output
                0x0000000000206d24       0x40 obj_cc2538dk/tcpip.o
                0x0000000000206d24                tcpip_output
 .text.tcpip_input
                0x0000000000206d64       0x34 obj_cc2538dk/tcpip.o
                0x0000000000206d64                tcpip_input
 .text.tcpip_ipv6_output
                0x0000000000206d98       0xf8 obj_cc2538dk/tcpip.o
                0x0000000000206d98                tcpip_ipv6_output
 .text.packet_input
                0x0000000000206e90       0x20 obj_cc2538dk/tcpip.o
 .text.process_thread_tcpip_process
                0x0000000000206eb0       0xc0 obj_cc2538dk/tcpip.o
 .text.tcpip_uipcall
                0x0000000000206f70       0x2c obj_cc2538dk/tcpip.o
                0x0000000000206f70                tcpip_uipcall
 .text.upper_layer_chksum
                0x0000000000206f9c       0x50 obj_cc2538dk/uip6.o
 .text.ext_hdr_options_process
                0x0000000000206fec       0xc0 obj_cc2538dk/uip6.o
 .text.uip_init
                0x00000000002070ac       0x40 obj_cc2538dk/uip6.o
                0x00000000002070ac                uip_init
 .text.remove_ext_hdr
                0x00000000002070ec       0x5c obj_cc2538dk/uip6.o
                0x00000000002070ec                remove_ext_hdr
 .text.uip_process
                0x0000000000207148      0x3e8 obj_cc2538dk/uip6.o
                0x0000000000207148                uip_process
 .text.uip_htonl
                0x0000000000207530       0x1c obj_cc2538dk/uip6.o
                0x0000000000207530                uip_htonl
 .text.ns_input
                0x000000000020754c      0x270 obj_cc2538dk/uip-nd6.o
 .text.uip_nd6_init
                0x00000000002077bc        0xc obj_cc2538dk/uip-nd6.o
                0x00000000002077bc                uip_nd6_init
 .text.clear_fragments
                0x00000000002077c8       0x3c obj_cc2538dk/sicslowpan.o
 .text.sicslowpan_init
                0x0000000000207804       0x18 obj_cc2538dk/sicslowpan.o
                0x0000000000207804                sicslowpan_init
 .text.set_packet_attrs
                0x000000000020781c       0x40 obj_cc2538dk/sicslowpan.o
 .text.compress_addr_64
                0x000000000020785c       0x90 obj_cc2538dk/sicslowpan.o
 .text.addr_context_lookup_by_prefix
                0x00000000002078ec       0x24 obj_cc2538dk/sicslowpan.o
 .text.send_packet
                0x0000000000207910       0x24 obj_cc2538dk/sicslowpan.o
 .text.fragment_copy_payload_and_send
                0x0000000000207934       0x6c obj_cc2538dk/sicslowpan.o
 .text.output   0x00000000002079a0      0x74c obj_cc2538dk/sicslowpan.o
 .text.packet_sent
                0x00000000002080ec       0x5c obj_cc2538dk/sicslowpan.o
 .text.store_fragment
                0x0000000000208148       0x64 obj_cc2538dk/sicslowpan.o
 .text.uncompress_addr
                0x00000000002081ac       0x94 obj_cc2538dk/sicslowpan.o
 .text.add_fragment
                0x0000000000208240      0x148 obj_cc2538dk/sicslowpan.o
 .text.input    0x0000000000208388      0x6e4 obj_cc2538dk/sicslowpan.o
 .text.uiplib_ipaddr_snprint
                0x0000000000208a6c       0xf4 obj_cc2538dk/uiplib.o
                0x0000000000208a6c                uiplib_ipaddr_snprint
 .text.update_state
                0x0000000000208b60       0x84 obj_cc2538dk/rpl-nbr-policy.o
 .text.rpl_nbr_policy_find_removable
                0x0000000000208be4       0x50 obj_cc2538dk/rpl-nbr-policy.o
                0x0000000000208be4                rpl_nbr_policy_find_removable
 .text.remove_neighbor
                0x0000000000208c34       0x3c obj_cc2538dk/rpl-neighbor.o
 .text.rpl_neighbor_get_from_lladdr
                0x0000000000208c70       0x10 obj_cc2538dk/rpl-neighbor.o
                0x0000000000208c70                rpl_neighbor_get_from_lladdr
 .text.rpl_neighbor_rank_via_nbr
                0x0000000000208c80       0x18 obj_cc2538dk/rpl-neighbor.o
                0x0000000000208c80                rpl_neighbor_rank_via_nbr
 .text.rpl_neighbor_get_lladdr
                0x0000000000208c98       0x10 obj_cc2538dk/rpl-neighbor.o
                0x0000000000208c98                rpl_neighbor_get_lladdr
 .text.best_parent
                0x0000000000208ca8       0x88 obj_cc2538dk/rpl-neighbor.o
 .text.rpl_neighbor_is_parent
                0x0000000000208d30       0x18 obj_cc2538dk/rpl-neighbor.o
                0x0000000000208d30                rpl_neighbor_is_parent
 .text.rpl_neighbor_set_preferred_parent
                0x0000000000208d48       0x44 obj_cc2538dk/rpl-neighbor.o
                0x0000000000208d48                rpl_neighbor_set_preferred_parent
 .text.rpl_neighbor_remove_all
                0x0000000000208d8c       0x2c obj_cc2538dk/rpl-neighbor.o
                0x0000000000208d8c                rpl_neighbor_remove_all
 .text.rpl_neighbor_get_from_ipaddr
                0x0000000000208db8       0x1c obj_cc2538dk/rpl-neighbor.o
                0x0000000000208db8                rpl_neighbor_get_from_ipaddr
 .text.rpl_neighbor_select_best
                0x0000000000208dd4       0x54 obj_cc2538dk/rpl-neighbor.o
                0x0000000000208dd4                rpl_neighbor_select_best
 .text.rpl_neighbor_init
                0x0000000000208e28       0x14 obj_cc2538dk/rpl-neighbor.o
                0x0000000000208e28                rpl_neighbor_init
 .text.init_dag
                0x0000000000208e3c       0x74 obj_cc2538dk/rpl-dag.o
 .text.init_dag_from_dio
                0x0000000000208eb0       0x84 obj_cc2538dk/rpl-dag.o
 .text.rpl_dag_get_root_ipaddr
                0x0000000000208f34       0x30 obj_cc2538dk/rpl-dag.o
                0x0000000000208f34                rpl_dag_get_root_ipaddr
 .text.rpl_dag_leave
                0x0000000000208f64       0x50 obj_cc2538dk/rpl-dag.o
                0x0000000000208f64                rpl_dag_leave
 .text.rpl_dag_poison_and_leave
                0x0000000000208fb4       0x10 obj_cc2538dk/rpl-dag.o
                0x0000000000208fb4                rpl_dag_poison_and_leave
 .text.rpl_dag_periodic
                0x0000000000208fc4       0x44 obj_cc2538dk/rpl-dag.o
                0x0000000000208fc4                rpl_dag_periodic
 .text.rpl_is_addr_in_our_dag
                0x0000000000209008       0x24 obj_cc2538dk/rpl-dag.o
                0x0000000000209008                rpl_is_addr_in_our_dag
 .text.rpl_local_repair
                0x000000000020902c       0x34 obj_cc2538dk/rpl-dag.o
                0x000000000020902c                rpl_local_repair
 .text.rpl_global_repair
                0x0000000000209060       0x38 obj_cc2538dk/rpl-dag.o
                0x0000000000209060                rpl_global_repair
 .text.rpl_dag_ready_to_advertise
                0x0000000000209098       0x24 obj_cc2538dk/rpl-dag.o
                0x0000000000209098                rpl_dag_ready_to_advertise
 .text.rpl_dag_update_state
                0x00000000002090bc      0x118 obj_cc2538dk/rpl-dag.o
                0x00000000002090bc                rpl_dag_update_state
 .text.rpl_process_dio
                0x00000000002091d4      0x190 obj_cc2538dk/rpl-dag.o
                0x00000000002091d4                rpl_process_dio
 .text.rpl_process_dis
                0x0000000000209364       0x2c obj_cc2538dk/rpl-dag.o
                0x0000000000209364                rpl_process_dis
 .text.rpl_process_dao
                0x0000000000209390       0x4c obj_cc2538dk/rpl-dag.o
                0x0000000000209390                rpl_process_dao
 .text.rpl_process_dao_ack
                0x00000000002093dc       0x54 obj_cc2538dk/rpl-dag.o
                0x00000000002093dc                rpl_process_dao_ack
 .text.rpl_dag_init_root
                0x0000000000209430       0xa8 obj_cc2538dk/rpl-dag.o
                0x0000000000209430                rpl_dag_init_root
 .text.rpl_dag_init
                0x00000000002094d8       0x10 obj_cc2538dk/rpl-dag.o
                0x00000000002094d8                rpl_dag_init
 .text.new_dio_interval
                0x00000000002094e8       0x54 obj_cc2538dk/rpl-timers.o
 .text.handle_unicast_dio_timer
                0x000000000020953c       0x1c obj_cc2538dk/rpl-timers.o
 .text.handle_dao_timer
                0x0000000000209558       0xd8 obj_cc2538dk/rpl-timers.o
 .text.handle_dao_ack_timer
                0x0000000000209630       0x14 obj_cc2538dk/rpl-timers.o
 .text.handle_leaving_timer
                0x0000000000209644       0x10 obj_cc2538dk/rpl-timers.o
 .text.handle_dio_timer
                0x0000000000209654       0x70 obj_cc2538dk/rpl-timers.o
 .text.rpl_timers_schedule_periodic_dis
                0x00000000002096c4       0x38 obj_cc2538dk/rpl-timers.o
                0x00000000002096c4                rpl_timers_schedule_periodic_dis
 .text.handle_dis_timer
                0x00000000002096fc       0x34 obj_cc2538dk/rpl-timers.o
 .text.handle_periodic_timer
                0x0000000000209730       0x44 obj_cc2538dk/rpl-timers.o
 .text.rpl_timers_dio_reset
                0x0000000000209774       0x28 obj_cc2538dk/rpl-timers.o
                0x0000000000209774                rpl_timers_dio_reset
 .text.rpl_timers_schedule_unicast_dio
                0x000000000020979c       0x28 obj_cc2538dk/rpl-timers.o
                0x000000000020979c                rpl_timers_schedule_unicast_dio
 .text.rpl_timers_schedule_dao
                0x00000000002097c4       0x4c obj_cc2538dk/rpl-timers.o
                0x00000000002097c4                rpl_timers_schedule_dao
 .text.rpl_timers_schedule_dao_ack
                0x0000000000209810       0x48 obj_cc2538dk/rpl-timers.o
                0x0000000000209810                rpl_timers_schedule_dao_ack
 .text.get_probing_target
                0x0000000000209858       0xbc obj_cc2538dk/rpl-timers.o
                0x0000000000209858                get_probing_target
 .text.rpl_schedule_probing
                0x0000000000209914       0x28 obj_cc2538dk/rpl-timers.o
                0x0000000000209914                rpl_schedule_probing
 .text.rpl_schedule_probing_now
                0x000000000020993c       0x2c obj_cc2538dk/rpl-timers.o
                0x000000000020993c                rpl_schedule_probing_now
 .text.rpl_timers_unschedule_leaving
                0x0000000000209968       0x24 obj_cc2538dk/rpl-timers.o
                0x0000000000209968                rpl_timers_unschedule_leaving
 .text.rpl_timers_schedule_leaving
                0x000000000020998c       0x30 obj_cc2538dk/rpl-timers.o
                0x000000000020998c                rpl_timers_schedule_leaving
 .text.rpl_timers_init
                0x00000000002099bc       0x20 obj_cc2538dk/rpl-timers.o
                0x00000000002099bc                rpl_timers_init
 .text.rpl_timers_stop_dag_timers
                0x00000000002099dc       0x44 obj_cc2538dk/rpl-timers.o
                0x00000000002099dc                rpl_timers_stop_dag_timers
 .text.rpl_timers_unschedule_state_update
                0x0000000000209a20       0x14 obj_cc2538dk/rpl-timers.o
                0x0000000000209a20                rpl_timers_unschedule_state_update
 .text.rpl_timers_schedule_state_update
                0x0000000000209a34       0x1c obj_cc2538dk/rpl-timers.o
                0x0000000000209a34                rpl_timers_schedule_state_update
 .text.update_hbh_header
                0x0000000000209a50       0x60 obj_cc2538dk/rpl-ext-header.o
 .text.rpl_ext_header_srh_get_next_hop
                0x0000000000209ab0       0xc8 obj_cc2538dk/rpl-ext-header.o
                0x0000000000209ab0                rpl_ext_header_srh_get_next_hop
 .text.rpl_ext_header_srh_update
                0x0000000000209b78       0xe4 obj_cc2538dk/rpl-ext-header.o
                0x0000000000209b78                rpl_ext_header_srh_update
 .text.rpl_ext_header_hbh_update
                0x0000000000209c5c       0xb8 obj_cc2538dk/rpl-ext-header.o
                0x0000000000209c5c                rpl_ext_header_hbh_update
 .text.rpl_ext_header_remove
                0x0000000000209d14       0xa0 obj_cc2538dk/rpl-ext-header.o
                0x0000000000209d14                rpl_ext_header_remove
 .text.rpl_ext_header_update
                0x0000000000209db4      0x288 obj_cc2538dk/rpl-ext-header.o
                0x0000000000209db4                rpl_ext_header_update
 .text.rpl_has_joined
                0x000000000020a03c       0x18 obj_cc2538dk/rpl.o
                0x000000000020a03c                rpl_has_joined
 .text.rpl_is_reachable
                0x000000000020a054       0x18 obj_cc2538dk/rpl.o
                0x000000000020a054                rpl_is_reachable
 .text.set_ip_from_prefix
                0x000000000020a06c       0x2c obj_cc2538dk/rpl.o
 .text.init     0x000000000020a098       0x40 obj_cc2538dk/rpl.o
 .text.rpl_link_callback
                0x000000000020a0d8       0x2c obj_cc2538dk/rpl.o
                0x000000000020a0d8                rpl_link_callback
 .text.get_sr_node_ipaddr
                0x000000000020a104       0x2c obj_cc2538dk/rpl.o
 .text.rpl_get_global_address
                0x000000000020a130       0x70 obj_cc2538dk/rpl.o
                0x000000000020a130                rpl_get_global_address
 .text.rpl_reset_prefix
                0x000000000020a1a0       0x28 obj_cc2538dk/rpl.o
                0x000000000020a1a0                rpl_reset_prefix
 .text.rpl_set_prefix_from_addr
                0x000000000020a1c8       0x68 obj_cc2538dk/rpl.o
                0x000000000020a1c8                rpl_set_prefix_from_addr
 .text.rpl_get_leaf_only
                0x000000000020a230        0xc obj_cc2538dk/rpl.o
                0x000000000020a230                rpl_get_leaf_only
 .text.update_metric_container
                0x000000000020a23c        0xc obj_cc2538dk/rpl-mrhof.o
 .text.within_hysteresis
                0x000000000020a248       0x3c obj_cc2538dk/rpl-mrhof.o
 .text.rank_via_nbr
                0x000000000020a284       0x30 obj_cc2538dk/rpl-mrhof.o
 .text.best_parent
                0x000000000020a2b4       0x68 obj_cc2538dk/rpl-mrhof.o
 .text.dao_ack_input
                0x000000000020a31c       0x44 obj_cc2538dk/rpl-icmp6.o
 .text.dao_input
                0x000000000020a360      0x110 obj_cc2538dk/rpl-icmp6.o
 .text.dio_input
                0x000000000020a470      0x22c obj_cc2538dk/rpl-icmp6.o
 .text.dis_input
                0x000000000020a69c       0x3c obj_cc2538dk/rpl-icmp6.o
 .text.rpl_icmp6_dis_output
                0x000000000020a6d8       0x38 obj_cc2538dk/rpl-icmp6.o
                0x000000000020a6d8                rpl_icmp6_dis_output
 .text.rpl_icmp6_dio_output
                0x000000000020a710      0x1c8 obj_cc2538dk/rpl-icmp6.o
                0x000000000020a710                rpl_icmp6_dio_output
 .text.rpl_icmp6_dao_output
                0x000000000020a8d8       0xc4 obj_cc2538dk/rpl-icmp6.o
                0x000000000020a8d8                rpl_icmp6_dao_output
 .text.rpl_icmp6_dao_ack_output
                0x000000000020a99c       0x44 obj_cc2538dk/rpl-icmp6.o
                0x000000000020a99c                rpl_icmp6_dao_ack_output
 .text.rpl_icmp6_init
                0x000000000020a9e0       0x30 obj_cc2538dk/rpl-icmp6.o
                0x000000000020a9e0                rpl_icmp6_init
 .text.rpl_dag_root_set_prefix
                0x000000000020aa10       0x64 obj_cc2538dk/rpl-dag-root.o
                0x000000000020aa10                rpl_dag_root_set_prefix
 .text.rpl_dag_root_start
                0x000000000020aa74       0x68 obj_cc2538dk/rpl-dag-root.o
                0x000000000020aa74                rpl_dag_root_start
 .text.rpl_dag_root_is_root
                0x000000000020aadc       0x18 obj_cc2538dk/rpl-dag-root.o
                0x000000000020aadc                rpl_dag_root_is_root
 .text.process_thread_test
                0x000000000020aaf4       0x44 test.o
 .text          0x000000000020ab38       0x30 /usr/bin/../lib/gcc/arm-none-eabi/7.3.1/thumb/v7-m/libgcc.a(_aeabi_uldivmod.o)
                0x000000000020ab38                __aeabi_uldivmod
 .text          0x000000000020ab68      0x2d0 /usr/bin/../lib/gcc/arm-none-eabi/7.3.1/thumb/v7-m/libgcc.a(_udivmoddi4.o)
                0x000000000020ab68                __udivmoddi4
 .text          0x000000000020ae38        0x4 /usr/bin/../lib/gcc/arm-none-eabi/7.3.1/thumb/v7-m/libgcc.a(_dvmd_tls.o)
                0x000000000020ae38                __aeabi_ldiv0
                0x000000000020ae38                __aeabi_idiv0
 .text.memcmp   0x000000000020ae3c       0x64 /usr/bin/../lib/gcc/arm-none-eabi/7.3.1/../../../../arm-none-eabi/lib/thumb/v7-m/libc.a(lib_a-memcmp.o)
                0x000000000020ae3c                memcmp
 .text          0x000000000020aea0       0xec /usr/bin/../lib/gcc/arm-none-eabi/7.3.1/../../../../arm-none-eabi/lib/thumb/v7-m/libc.a(lib_a-memcpy.o)
                0x000000000020aea0                memcpy
 .text.memmove  0x000000000020af8c       0xc4 /usr/bin/../lib/gcc/arm-none-eabi/7.3.1/../../../../arm-none-eabi/lib/thumb/v7-m/libc.a(lib_a-memmove.o)
                0x000000000020af8c                memmove
 .text.memset   0x000000000020b050       0x94 /usr/bin/../lib/gcc/arm-none-eabi/7.3.1/../../../../arm-none-eabi/lib/thumb/v7-m/libc.a(lib_a-memset.o)
                0x000000000020b050                memset
 .text.default_handler
                0x000000000020b0e4        0x2 obj_cc2538dk/startup-gcc.o
                0x000000000020b0e4                default_handler
 .text.nmi_handler
                0x000000000020b0e6        0x6 obj_cc2538dk/startup-gcc.o
                0x000000000020b0e6                nmi_handler
 .text.fade     0x000000000020b0ec       0x58 obj_cc2538dk/platform.o
 .text.platform_init_stage_one
                0x000000000020b144       0x14 obj_cc2538dk/platform.o
                0x000000000020b144                platform_init_stage_one
 .text.platform_idle
                0x000000000020b158        0x4 obj_cc2538dk/platform.o
                0x000000000020b158                platform_idle
 .text.status   0x000000000020b15c        0x4 obj_cc2538dk/als-sensor.o
 .text.soc_init
                0x000000000020b160       0x22 obj_cc2538dk/soc.o
                0x000000000020b160                soc_init
 .text.clock_isr
                0x000000000020b182        0x4 obj_cc2538dk/clock.o
                0x000000000020b182                clock_isr
 .text.rtimer_arch_init
                0x000000000020b186        0x2 obj_cc2538dk/rtimer-arch.o
                0x000000000020b186                rtimer_arch_init
 .text.uart0_isr
                0x000000000020b188        0x6 obj_cc2538dk/uart.o
                0x000000000020b188                uart0_isr
 .text.uart1_isr
                0x000000000020b18e        0x6 obj_cc2538dk/uart.o
                0x000000000020b18e                uart1_isr
 .text.gpio_port_a_isr
                0x000000000020b194        0x6 obj_cc2538dk/gpio.o
                0x000000000020b194                gpio_port_a_isr
 .text.gpio_port_b_isr
                0x000000000020b19a        0x6 obj_cc2538dk/gpio.o
                0x000000000020b19a                gpio_port_b_isr
 .text.gpio_port_c_isr
                0x000000000020b1a0        0x6 obj_cc2538dk/gpio.o
                0x000000000020b1a0                gpio_port_c_isr
 .text.gpio_port_d_isr
                0x000000000020b1a6        0x6 obj_cc2538dk/gpio.o
                0x000000000020b1a6                gpio_port_d_isr
 .text.gpio_hal_arch_write_pin
                0x000000000020b1ac       0x24 obj_cc2538dk/gpio-hal-arch.o
                0x000000000020b1ac                gpio_hal_arch_write_pin
 .text.send     0x000000000020b1d0       0x12 obj_cc2538dk/cc2538-rf.o
 .text.enter_pm0
                0x000000000020b1e2       0x18 obj_cc2538dk/lpm.o
 .text.int_master_read_and_disable
                0x000000000020b1fa        0x8 obj_cc2538dk/int-master.o
                0x000000000020b1fa                int_master_read_and_disable
 .text.int_master_status_set
                0x000000000020b202        0x6 obj_cc2538dk/int-master.o
                0x000000000020b202                int_master_status_set
 .text.dbg_putchar
                0x000000000020b208       0x10 obj_cc2538dk/dbg.o
                0x000000000020b208                dbg_putchar
 .text.dbg_send_bytes
                0x000000000020b218       0x20 obj_cc2538dk/dbg.o
                0x000000000020b218                dbg_send_bytes
 .text.configure
                0x000000000020b238        0x4 obj_cc2538dk/cc2538-temp-sensor.o
 .text.status   0x000000000020b23c        0x4 obj_cc2538dk/cc2538-temp-sensor.o
 .text.value    0x000000000020b240       0x34 obj_cc2538dk/cc2538-temp-sensor.o
 .text.configure
                0x000000000020b274        0x4 obj_cc2538dk/vdd3-sensor.o
 .text.status   0x000000000020b278        0x4 obj_cc2538dk/vdd3-sensor.o
 .text.value    0x000000000020b27c       0x2a obj_cc2538dk/vdd3-sensor.o
 .text.stimer_set
                0x000000000020b2a6        0xe obj_cc2538dk/stimer.o
                0x000000000020b2a6                stimer_set
 .text.autostart_start
                0x000000000020b2b4       0x14 obj_cc2538dk/autostart.o
                0x000000000020b2b4                autostart_start
 .text.etimer_set
                0x000000000020b2c8       0x12 obj_cc2538dk/etimer.o
                0x000000000020b2c8                etimer_set
 .text.etimer_reset
                0x000000000020b2da       0x12 obj_cc2538dk/etimer.o
                0x000000000020b2da                etimer_reset
 .text.etimer_expired
                0x000000000020b2ec        0xa obj_cc2538dk/etimer.o
                0x000000000020b2ec                etimer_expired
 .text.call_process
                0x000000000020b2f6        0xc obj_cc2538dk/process.o
 .text.rtimer_init
                0x000000000020b302        0x4 obj_cc2538dk/rtimer.o
                0x000000000020b302                rtimer_init
 .text.timer_set
                0x000000000020b306        0xe obj_cc2538dk/timer.o
                0x000000000020b306                timer_set
 .text.timer_reset
                0x000000000020b314        0xa obj_cc2538dk/timer.o
                0x000000000020b314                timer_reset
 .text.timer_expired
                0x000000000020b31e       0x1c obj_cc2538dk/timer.o
                0x000000000020b31e                timer_expired
 .text.button_hal_get_state
                0x000000000020b33a       0x28 obj_cc2538dk/button-hal.o
                0x000000000020b33a                button_hal_get_state
 .text.gpio_hal_arch_toggle_pin
                0x000000000020b362       0x2a obj_cc2538dk/gpio-hal.o
                0x000000000020b362                gpio_hal_arch_toggle_pin
 .text.list_init
                0x000000000020b38c        0x6 obj_cc2538dk/list.o
                0x000000000020b38c                list_init
 .text.list_head
                0x000000000020b392        0x4 obj_cc2538dk/list.o
                0x000000000020b392                list_head
 .text.list_tail
                0x000000000020b396       0x10 obj_cc2538dk/list.o
                0x000000000020b396                list_tail
 .text.list_remove
                0x000000000020b3a6       0x26 obj_cc2538dk/list.o
                0x000000000020b3a6                list_remove
 .text.list_add
                0x000000000020b3cc       0x1a obj_cc2538dk/list.o
                0x000000000020b3cc                list_add
 .text.list_push
                0x000000000020b3e6       0x10 obj_cc2538dk/list.o
                0x000000000020b3e6                list_push
 .text.list_length
                0x000000000020b3f6        0xe obj_cc2538dk/list.o
                0x000000000020b3f6                list_length
 .text.list_item_next
                0x000000000020b404        0x6 obj_cc2538dk/list.o
                0x000000000020b404                list_item_next
 .text.memb_init
                0x000000000020b40a       0x20 obj_cc2538dk/memb.o
                0x000000000020b40a                memb_init
 .text.memb_alloc
                0x000000000020b42a       0x28 obj_cc2538dk/memb.o
                0x000000000020b42a                memb_alloc
 .text.memb_free
                0x000000000020b452       0x2c obj_cc2538dk/memb.o
                0x000000000020b452                memb_free
 .text.memb_inmemb
                0x000000000020b47e       0x1c obj_cc2538dk/memb.o
                0x000000000020b47e                memb_inmemb
 .text.memb_numfree
                0x000000000020b49a       0x1c obj_cc2538dk/memb.o
                0x000000000020b49a                memb_numfree
 .text.ringbuf_init
                0x000000000020b4b6        0xe obj_cc2538dk/ringbuf.o
                0x000000000020b4b6                ringbuf_init
 .text.ringbuf_put
                0x000000000020b4c4       0x26 obj_cc2538dk/ringbuf.o
                0x000000000020b4c4                ringbuf_put
 .text.ringbuf_get
                0x000000000020b4ea       0x20 obj_cc2538dk/ringbuf.o
                0x000000000020b4ea                ringbuf_get
 .text.queuebuf_update_attr_from_packetbuf
                0x000000000020b50a        0xc obj_cc2538dk/queuebuf.o
                0x000000000020b50a                queuebuf_update_attr_from_packetbuf
 .text.queuebuf_attr
                0x000000000020b516        0xc obj_cc2538dk/queuebuf.o
                0x000000000020b516                queuebuf_attr
 .text.item_from_index
                0x000000000020b522       0x14 obj_cc2538dk/nbr-table.o
 .text.index_from_item
                0x000000000020b536       0x16 obj_cc2538dk/nbr-table.o
 .text.nbr_set_bit
                0x000000000020b54c       0x3a obj_cc2538dk/nbr-table.o
 .text.nbr_table_get_from_lladdr
                0x000000000020b586       0x26 obj_cc2538dk/nbr-table.o
                0x000000000020b586                nbr_table_get_from_lladdr
 .text.linkaddr_copy
                0x000000000020b5ac        0x6 obj_cc2538dk/linkaddr.o
                0x000000000020b5ac                linkaddr_copy
 .text.linkaddr_cmp
                0x000000000020b5b2       0x10 obj_cc2538dk/linkaddr.o
                0x000000000020b5b2                linkaddr_cmp
 .text.link_stats_is_fresh
                0x000000000020b5c2       0x24 obj_cc2538dk/link-stats.o
                0x000000000020b5c2                link_stats_is_fresh
 .text.guess_etx_from_rssi
                0x000000000020b5e6       0x42 obj_cc2538dk/link-stats.o
                0x000000000020b5e6                guess_etx_from_rssi
 .text.mac_call_sent_callback
                0x000000000020b628       0x18 obj_cc2538dk/mac.o
                0x000000000020b628                mac_call_sent_callback
 .text.parse    0x000000000020b640       0x8a obj_cc2538dk/framer-802154.o
 .text.framer_802154_setup_params.part.0
                0x000000000020b6ca       0x7c obj_cc2538dk/framer-802154.o
 .text.create   0x000000000020b746        0x6 obj_cc2538dk/framer-802154.o
 .text.hdr_length
                0x000000000020b74c        0x6 obj_cc2538dk/framer-802154.o
 .text.frame802154_has_panid
                0x000000000020b752       0xbc obj_cc2538dk/frame802154.o
                0x000000000020b752                frame802154_has_panid
 .text.field_len
                0x000000000020b80e       0x84 obj_cc2538dk/frame802154.o
 .text.frame802154_is_broadcast_addr
                0x000000000020b892       0x1e obj_cc2538dk/frame802154.o
                0x000000000020b892                frame802154_is_broadcast_addr
 .text.frame802154_hdrlen
                0x000000000020b8b0       0x32 obj_cc2538dk/frame802154.o
                0x000000000020b8b0                frame802154_hdrlen
 .text.frame802154_create_fcf
                0x000000000020b8e2       0x5e obj_cc2538dk/frame802154.o
                0x000000000020b8e2                frame802154_create_fcf
 .text.frame802154_create
                0x000000000020b940       0x8e obj_cc2538dk/frame802154.o
                0x000000000020b940                frame802154_create
 .text.frame802154_parse_fcf
                0x000000000020b9ce       0x66 obj_cc2538dk/frame802154.o
                0x000000000020b9ce                frame802154_parse_fcf
 .text.write_str
                0x000000000020ba34       0x10 obj_cc2538dk/printf.o
 .text.buffer_str
                0x000000000020ba44       0x28 obj_cc2538dk/snprintf.o
 .text.snprintf
                0x000000000020ba6c       0x1a obj_cc2538dk/snprintf.o
                0x000000000020ba6c                snprintf
 .text.putchar  0x000000000020ba86        0xc obj_cc2538dk/putchar.o
                0x000000000020ba86                putchar
 .text.send_packet
                0x000000000020ba92        0x4 obj_cc2538dk/csma.o
 .text.init     0x000000000020ba96        0xe obj_cc2538dk/csma.o
 .text.uip_sr_expire_parent
                0x000000000020baa4       0x28 obj_cc2538dk/uip-sr.o
                0x000000000020baa4                uip_sr_expire_parent
 .text.uip_ds6_list_loop
                0x000000000020bacc       0x4c obj_cc2538dk/uip-ds6.o
                0x000000000020bacc                uip_ds6_list_loop
 .text.uip_ds6_maddr_rm
                0x000000000020bb18        0x8 obj_cc2538dk/uip-ds6.o
                0x000000000020bb18                uip_ds6_maddr_rm
 .text.uip_ds6_set_addr_iid
                0x000000000020bb20       0x16 obj_cc2538dk/uip-ds6.o
                0x000000000020bb20                uip_ds6_set_addr_iid
 .text.uip_ds6_set_lladdr_from_iid
                0x000000000020bb36       0x16 obj_cc2538dk/uip-ds6.o
                0x000000000020bb36                uip_ds6_set_lladdr_from_iid
 .text.get_match_length
                0x000000000020bb4c       0x36 obj_cc2538dk/uip-ds6.o
                0x000000000020bb4c                get_match_length
 .text.uip_ds6_route_nexthop
                0x000000000020bb82        0x4 obj_cc2538dk/uip-ds6-route.o
                0x000000000020bb82                uip_ds6_route_nexthop
 .text.uip_ds6_route_lookup
                0x000000000020bb86        0x4 obj_cc2538dk/uip-ds6-route.o
                0x000000000020bb86                uip_ds6_route_lookup
 .text.uip_ds6_route_rm
                0x000000000020bb8a        0x2 obj_cc2538dk/uip-ds6-route.o
                0x000000000020bb8a                uip_ds6_route_rm
 .text.uip_ds6_nbr_update_ll
                0x000000000020bb8c       0x5e obj_cc2538dk/uip-ds6-nbr.o
                0x000000000020bb8c                uip_ds6_nbr_update_ll
 .text.uip_ds6_nbr_ipaddr_from_lladdr
                0x000000000020bbea        0x4 obj_cc2538dk/uip-ds6-nbr.o
                0x000000000020bbea                uip_ds6_nbr_ipaddr_from_lladdr
 .text.uip_ds6_nbr_lladdr_from_ipaddr
                0x000000000020bbee       0x12 obj_cc2538dk/uip-ds6-nbr.o
                0x000000000020bbee                uip_ds6_nbr_lladdr_from_ipaddr
 .text.uip_ds6_link_callback
                0x000000000020bc00        0x2 obj_cc2538dk/uip-ds6-nbr.o
                0x000000000020bc00                uip_ds6_link_callback
 .text.chksum   0x000000000020bc02       0x38 obj_cc2538dk/uip6.o
 .text.uip_icmp6chksum
                0x000000000020bc3a        0x6 obj_cc2538dk/uip6.o
                0x000000000020bc3a                uip_icmp6chksum
 .text.uip_udpchksum
                0x000000000020bc40        0x6 obj_cc2538dk/uip6.o
                0x000000000020bc40                uip_udpchksum
 .text.rpl_neighbor_get_ipaddr
                0x000000000020bc46        0xe obj_cc2538dk/rpl-neighbor.o
                0x000000000020bc46                rpl_neighbor_get_ipaddr
 .text.rpl_neighbor_get_link_stats
                0x000000000020bc54        0xe obj_cc2538dk/rpl-neighbor.o
                0x000000000020bc54                rpl_neighbor_get_link_stats
 .text.rpl_neighbor_is_fresh
                0x000000000020bc62        0xe obj_cc2538dk/rpl-neighbor.o
                0x000000000020bc62                rpl_neighbor_is_fresh
 .text.rpl_process_hbh
                0x000000000020bc70       0x1c obj_cc2538dk/rpl-dag.o
                0x000000000020bc70                rpl_process_hbh
 .text.handle_state_update
                0x000000000020bc8c        0x4 obj_cc2538dk/rpl-timers.o
 .text.get_probing_delay
                0x000000000020bc90       0x1a obj_cc2538dk/rpl-timers.o
                0x000000000020bc90                get_probing_delay
 .text.handle_probing_timer
                0x000000000020bcaa       0x24 obj_cc2538dk/rpl-timers.o
 .text.neighbor_state_changed
                0x000000000020bcce        0x2 obj_cc2538dk/rpl.o
 .text.drop_route
                0x000000000020bcd0        0x2 obj_cc2538dk/rpl.o
 .text.rpl_lollipop_greater_than
                0x000000000020bcd2       0x34 obj_cc2538dk/rpl.o
                0x000000000020bcd2                rpl_lollipop_greater_than
 .text.reset    0x000000000020bd06        0x2 obj_cc2538dk/rpl-mrhof.o
 .text.nbr_link_metric
                0x000000000020bd08       0x12 obj_cc2538dk/rpl-mrhof.o
 .text.nbr_path_cost
                0x000000000020bd1a       0x28 obj_cc2538dk/rpl-mrhof.o
 .text.nbr_has_usable_link
                0x000000000020bd42       0x12 obj_cc2538dk/rpl-mrhof.o
 .text.nbr_is_acceptable_parent
                0x000000000020bd54       0x1e obj_cc2538dk/rpl-mrhof.o
 .text.get32    0x000000000020bd72       0x18 obj_cc2538dk/rpl-icmp6.o
 .text.set32    0x000000000020bd8a       0x12 obj_cc2538dk/rpl-icmp6.o
 .text.get16    0x000000000020bd9c        0xc obj_cc2538dk/rpl-icmp6.o
 .text.set16    0x000000000020bda8        0xa obj_cc2538dk/rpl-icmp6.o
 .text.rpl_icmp6_update_nbr_table
                0x000000000020bdb2       0x2e obj_cc2538dk/rpl-icmp6.o
                0x000000000020bdb2                rpl_icmp6_update_nbr_table
 *(SORT_BY_ALIGNMENT(.rodata*))
 .rodata.als_sensor
                0x000000000020bde0       0x10 obj_cc2538dk/als-sensor.o
                0x000000000020bde0                als_sensor
 .rodata.uart_regs
                0x000000000020bdf0       0x58 obj_cc2538dk/uart.o
 .rodata.cc2538_rf_driver
                0x000000000020be48       0x38 obj_cc2538dk/cc2538-rf.o
                0x000000000020be48                cc2538_rf_driver
 .rodata.output_power
                0x000000000020be80       0x70 obj_cc2538dk/cc2538-rf.o
 .rodata.cc2538_temp_sensor
                0x000000000020bef0       0x10 obj_cc2538dk/cc2538-temp-sensor.o
                0x000000000020bef0                cc2538_temp_sensor
 .rodata.vdd3_sensor
                0x000000000020bf00       0x10 obj_cc2538dk/vdd3-sensor.o
                0x000000000020bf00                vdd3_sensor
 .rodata.framer_802154
                0x000000000020bf10        0xc obj_cc2538dk/framer-802154.o
                0x000000000020bf10                framer_802154
 .rodata.csma_driver
                0x000000000020bf1c       0x18 obj_cc2538dk/csma.o
                0x000000000020bf1c                csma_driver
 .rodata.sicslowpan_driver
                0x000000000020bf34       0x10 obj_cc2538dk/sicslowpan.o
                0x000000000020bf34                sicslowpan_driver
 .rodata.rpl_lite_driver
                0x000000000020bf44       0x50 obj_cc2538dk/rpl.o
                0x000000000020bf44                rpl_lite_driver
 .rodata.autostart_processes
                0x000000000020bf94        0x8 test.o
                0x000000000020bf94                autostart_processes
 .rodata.linkaddr_null
                0x000000000020bf9c        0x8 obj_cc2538dk/linkaddr.o
                0x000000000020bf9c                linkaddr_null
 .rodata.leds_arch_leds
                0x000000000020bfa4        0x8 obj_cc2538dk/leds-arch.o
                0x000000000020bfa4                leds_arch_leds
 .rodata.platform_init_stage_three.str1.1
                0x000000000020bfac       0x35 obj_cc2538dk/platform.o
                                         0x39 (size before relaxing)
 .rodata.str1.1
                0x000000000020bfe1        0x8 obj_cc2538dk/sensors.o
 .rodata.str1.1
                0x000000000020bfe9        0xb obj_cc2538dk/board-buttons.o
 .rodata.str1.1
                0x000000000020bff4        0x4 obj_cc2538dk/als-sensor.o
 .rodata.str1.1
                0x000000000020bff8       0x11 obj_cc2538dk/cc2538-rf.o
 .rodata.str1.1
                0x000000000020c009       0x14 obj_cc2538dk/cc2538-temp-sensor.o
 .rodata.str1.1
                0x000000000020c01d        0x5 obj_cc2538dk/vdd3-sensor.o
 .rodata.process_thread_simple_energest_process.str1.1
                0x000000000020c022      0x12b obj_cc2538dk/simple-energest.o
                                        0x148 (size before relaxing)
 .rodata.str1.1
                0x000000000020c14d       0x10 obj_cc2538dk/simple-energest.o
 .rodata.main.str1.1
                0x000000000020c15d       0xe1 obj_cc2538dk/contiki-main.o
                                         0xf7 (size before relaxing)
 .rodata.str1.1
                0x000000000020c23e        0xc obj_cc2538dk/etimer.o
 .rodata.log_6addr.str1.1
                0x000000000020c24a        0x3 obj_cc2538dk/log.o
 .rodata.log_lladdr.str1.1
                0x000000000020c24d       0x16 obj_cc2538dk/log.o
 .rodata.str1.1
                0x000000000020c263        0xf obj_cc2538dk/ctimer.o
 .rodata.process_thread_stack_check_process.str1.1
                0x000000000020c272       0x23 obj_cc2538dk/stack-check.o
                                         0x32 (size before relaxing)
 .rodata.str1.1
                0x000000000020c295        0xc obj_cc2538dk/stack-check.o
 .rodata.str1.1
                0x000000000020c2a1       0x13 obj_cc2538dk/button-hal.o
 .rodata.str1.1
                0x000000000020c2b4        0xe obj_cc2538dk/serial-line.o
 .rodata.buffer.5319
                0x000000000020c2c2       0x10 obj_cc2538dk/strformat.o
 .rodata.buffer.5328
                0x000000000020c2d2       0x10 obj_cc2538dk/strformat.o
 .rodata.format_str_v.str1.1
                0x000000000020c2e2       0x35 obj_cc2538dk/strformat.o
                                         0x37 (size before relaxing)
 .rodata.str1.1
                0x000000000020c317        0x5 obj_cc2538dk/csma.o
 .rodata.str1.1
                0x000000000020c31c        0xd obj_cc2538dk/tcpip.o
 .rodata        0x000000000020c329        0x2 obj_cc2538dk/sicslowpan.o
 .rodata.llprefix
                0x000000000020c32b        0x2 obj_cc2538dk/sicslowpan.o
                0x000000000020c32b                llprefix
 .rodata.str1.1
                0x000000000020c32d        0xb obj_cc2538dk/sicslowpan.o
 .rodata.ttl_values
                0x000000000020c338        0x4 obj_cc2538dk/sicslowpan.o
 .rodata.unc_ctxconf
                0x000000000020c33c        0x4 obj_cc2538dk/sicslowpan.o
                0x000000000020c33c                unc_ctxconf
 .rodata.unc_llconf
                0x000000000020c340        0x4 obj_cc2538dk/sicslowpan.o
                0x000000000020c340                unc_llconf
 .rodata.unc_mxconf
                0x000000000020c344        0x4 obj_cc2538dk/sicslowpan.o
                0x000000000020c344                unc_mxconf
 .rodata.uiplib_ipaddr_snprint.str1.1
                0x000000000020c348       0x28 obj_cc2538dk/uiplib.o
                                         0x2a (size before relaxing)
 .rodata.rpl_dag_init_root.str1.1
                0x000000000020c370        0xa obj_cc2538dk/rpl-dag.o
 .rodata.rpl_dag_update_state.str1.1
                0x000000000020c37a       0x31 obj_cc2538dk/rpl-dag.o
 .rodata.rpl_global_repair.str1.1
                0x000000000020c3ab        0xe obj_cc2538dk/rpl-dag.o
 .rodata.rpl_local_repair.str1.1
                0x000000000020c3b9        0xd obj_cc2538dk/rpl-dag.o
 .rodata.rpl_process_dao_ack.str1.1
                0x000000000020c3c6        0xa obj_cc2538dk/rpl-dag.o
 .rodata.rpl_process_dio.str1.1
                0x000000000020c3d0       0x3a obj_cc2538dk/rpl-dag.o
 .rodata.rpl_process_dis.str1.1
                0x000000000020c40a        0xe obj_cc2538dk/rpl-dag.o
 .rodata.handle_dao_timer.str1.1
                0x000000000020c418        0xc obj_cc2538dk/rpl-timers.o
 .rodata.str1.1
                0x000000000020c424        0x9 obj_cc2538dk/rpl.o
 .rodata.str1.1
                0x000000000020c42d       0x18 test.o
                0x000000000020c445                _etext = .

.glue_7         0x000000000020c448        0x0
 .glue_7        0x000000000020c448        0x0 linker stubs

.glue_7t        0x000000000020c448        0x0
 .glue_7t       0x000000000020c448        0x0 linker stubs

.vfp11_veneer   0x000000000020c448        0x0
 .vfp11_veneer  0x000000000020c448        0x0 linker stubs

.v4_bx          0x000000000020c448        0x0
 .v4_bx         0x000000000020c448        0x0 linker stubs

.iplt           0x000000000020c448        0x0
 .iplt          0x000000000020c448        0x0 obj_cc2538dk/startup-gcc.o

.socdata        0x0000000020000000       0x40
 *(SORT_BY_ALIGNMENT(.udma_channel_control_table))
 .udma_channel_control_table
                0x0000000020000000       0x40 obj_cc2538dk/udma.o

.data           0x0000000020000040      0x224 load address 0x000000000020c448
                0x0000000020000040                _data = .
 *(SORT_BY_ALIGNMENT(.data*))
 .data.sensors_process
                0x0000000020000040       0x10 obj_cc2538dk/sensors.o
                0x0000000020000040                sensors_process
 .data.sensors  0x0000000020000050       0x10 obj_cc2538dk/smartrf-sensors.o
                0x0000000020000050                sensors
 .data.button_hal_buttons
                0x0000000020000060        0x8 obj_cc2538dk/board-buttons.o
                0x0000000020000060                button_hal_buttons
 .data.key_select
                0x0000000020000068       0x4c obj_cc2538dk/board-buttons.o
 .data.cc2538_rf_process
                0x00000000200000b4       0x10 obj_cc2538dk/cc2538-rf.o
                0x00000000200000b4                cc2538_rf_process
 .data.simple_energest_process
                0x00000000200000c4       0x10 obj_cc2538dk/simple-energest.o
                0x00000000200000c4                simple_energest_process
 .data.etimer_process
                0x00000000200000d4       0x10 obj_cc2538dk/etimer.o
                0x00000000200000d4                etimer_process
 .data.curr_log_level_main
                0x00000000200000e4        0x4 obj_cc2538dk/log.o
                0x00000000200000e4                curr_log_level_main
 .data.ctimer_process
                0x00000000200000e8       0x10 obj_cc2538dk/ctimer.o
                0x00000000200000e8                ctimer_process
 .data.stack_check_process
                0x00000000200000f8       0x10 obj_cc2538dk/stack-check.o
                0x00000000200000f8                stack_check_process
 .data.button_hal_process
                0x0000000020000108       0x10 obj_cc2538dk/button-hal.o
                0x0000000020000108                button_hal_process
 .data.serial_line_process
                0x0000000020000118       0x10 obj_cc2538dk/serial-line.o
                0x0000000020000118                serial_line_process
 .data.bufmem   0x0000000020000128        0xc obj_cc2538dk/queuebuf.o
 .data.buframmem
                0x0000000020000134        0xc obj_cc2538dk/queuebuf.o
 .data.neighbor_addr_mem
                0x0000000020000140        0xc obj_cc2538dk/nbr-table.o
 .data.link_stats_struct
                0x000000002000014c       0x10 obj_cc2538dk/link-stats.o
 .data.ctxt     0x000000002000015c        0x8 obj_cc2538dk/printf.o
 .data.metadata_memb
                0x0000000020000164        0xc obj_cc2538dk/csma-output.o
 .data.neighbor_memb
                0x0000000020000170        0xc obj_cc2538dk/csma-output.o
 .data.packet_memb
                0x000000002000017c        0xc obj_cc2538dk/csma-output.o
 .data.echo_reply_handler
                0x0000000020000188        0xc obj_cc2538dk/uip-icmp6.o
 .data.echo_request_handler
                0x0000000020000194        0xc obj_cc2538dk/uip-icmp6.o
 .data.nodememb
                0x00000000200001a0        0xc obj_cc2538dk/uip-sr.o
 .data.defaultroutermemb
                0x00000000200001ac        0xc obj_cc2538dk/uip-ds6-route.o
 .data.ds6_neighbors
                0x00000000200001b8        0x4 obj_cc2538dk/uip-ds6-nbr.o
                0x00000000200001b8                ds6_neighbors
 .data.ds6_neighbors_struct
                0x00000000200001bc       0x10 obj_cc2538dk/uip-ds6-nbr.o
 .data.tcpip_process
                0x00000000200001cc       0x10 obj_cc2538dk/tcpip.o
                0x00000000200001cc                tcpip_process
 .data.ns_input_handler
                0x00000000200001dc        0xc obj_cc2538dk/uip-nd6.o
 .data.rpl_neighbors
                0x00000000200001e8        0x4 obj_cc2538dk/rpl-neighbor.o
                0x00000000200001e8                rpl_neighbors
 .data.rpl_neighbors_struct
                0x00000000200001ec       0x10 obj_cc2538dk/rpl-neighbor.o
 .data.rpl_mrhof
                0x00000000200001fc       0x24 obj_cc2538dk/rpl-mrhof.o
                0x00000000200001fc                rpl_mrhof
 .data.dao_ack_handler
                0x0000000020000220        0xc obj_cc2538dk/rpl-icmp6.o
 .data.dao_handler
                0x000000002000022c        0xc obj_cc2538dk/rpl-icmp6.o
 .data.dio_handler
                0x0000000020000238        0xc obj_cc2538dk/rpl-icmp6.o
 .data.dis_handler
                0x0000000020000244        0xc obj_cc2538dk/rpl-icmp6.o
 .data.test     0x0000000020000250       0x10 test.o
                0x0000000020000250                test
 .data.mac_pan_id
                0x0000000020000260        0x2 obj_cc2538dk/frame802154.o
 .data.rf_channel
                0x0000000020000262        0x1 obj_cc2538dk/cc2538-rf.o
 .data.send_on_cca
                0x0000000020000263        0x1 obj_cc2538dk/cc2538-rf.o
                0x0000000020000264                _edata = .
                0x000000000020c448                _ldata = LOADADDR (.data)

.igot.plt       0x0000000020000264        0x0 load address 0x000000000020c66c
 .igot.plt      0x0000000020000264        0x0 obj_cc2538dk/startup-gcc.o

.ARM.exidx      0x000000000020c66c        0x8
 *(SORT_BY_ALIGNMENT(.ARM.exidx*))
 .ARM.exidx     0x000000000020c66c        0x8 /usr/bin/../lib/gcc/arm-none-eabi/7.3.1/thumb/v7-m/libgcc.a(_udivmoddi4.o)

.bss            0x0000000020000268     0x2274
                0x0000000020000268                _bss = .
 *(SORT_BY_ALIGNMENT(.bss*))
 .bss.rt_ticks_epoch
                0x0000000020000268        0x8 obj_cc2538dk/clock.o
 .bss.rt_ticks_startup
                0x0000000020000270        0x8 obj_cc2538dk/clock.o
 .bss.events.5303
                0x0000000020000278        0x4 obj_cc2538dk/sensors.o
 .bss.i.5302    0x000000002000027c        0x4 obj_cc2538dk/sensors.o
 .bss.next_trigger
                0x0000000020000280        0x4 obj_cc2538dk/rtimer-arch.o
 .bss.input_handler
                0x0000000020000284        0x8 obj_cc2538dk/uart.o
 .bss.ioc_over  0x000000002000028c        0x4 obj_cc2538dk/ioc.o
 .bss.ioc_sel   0x0000000020000290        0x4 obj_cc2538dk/ioc.o
 .bss.notification_process
                0x0000000020000294        0x4 obj_cc2538dk/crypto.o
 .bss.periph_permit_pm1_funcs
                0x0000000020000298       0x14 obj_cc2538dk/lpm.o
 .bss.notification_process
                0x00000000200002ac        0x4 obj_cc2538dk/pka.o
 .bss.count.5692
                0x00000000200002b0        0x4 obj_cc2538dk/simple-energest.o
 .bss.delta_cpu
                0x00000000200002b4        0x4 obj_cc2538dk/simple-energest.o
 .bss.delta_deep_lpm
                0x00000000200002b8        0x4 obj_cc2538dk/simple-energest.o
 .bss.delta_lpm
                0x00000000200002bc        0x4 obj_cc2538dk/simple-energest.o
 .bss.delta_rx  0x00000000200002c0        0x4 obj_cc2538dk/simple-energest.o
 .bss.delta_time
                0x00000000200002c4        0x4 obj_cc2538dk/simple-energest.o
 .bss.delta_tx  0x00000000200002c8        0x4 obj_cc2538dk/simple-energest.o
 .bss.last_cpu  0x00000000200002cc        0x4 obj_cc2538dk/simple-energest.o
 .bss.last_deep_lpm
                0x00000000200002d0        0x4 obj_cc2538dk/simple-energest.o
 .bss.last_lpm  0x00000000200002d4        0x4 obj_cc2538dk/simple-energest.o
 .bss.last_rx   0x00000000200002d8        0x4 obj_cc2538dk/simple-energest.o
 .bss.last_time
                0x00000000200002dc        0x4 obj_cc2538dk/simple-energest.o
 .bss.last_tx   0x00000000200002e0        0x4 obj_cc2538dk/simple-energest.o
 .bss.periodic_timer.5698
                0x00000000200002e4       0x10 obj_cc2538dk/simple-energest.o
 .bss.next_expiration
                0x00000000200002f4        0x4 obj_cc2538dk/etimer.o
 .bss.timerlist
                0x00000000200002f8        0x4 obj_cc2538dk/etimer.o
 .bss.ctimer_list_list
                0x00000000200002fc        0x4 obj_cc2538dk/ctimer.o
 .bss.events    0x0000000020000300      0x180 obj_cc2538dk/process.o
 .bss.process_current
                0x0000000020000480        0x4 obj_cc2538dk/process.o
                0x0000000020000480                process_current
 .bss.process_list
                0x0000000020000484        0x4 obj_cc2538dk/process.o
                0x0000000020000484                process_list
 .bss.next_rtimer
                0x0000000020000488        0x4 obj_cc2538dk/rtimer.o
 .bss.et.5674   0x000000002000048c       0x10 obj_cc2538dk/stack-check.o
 .bss.button_event_handler
                0x000000002000049c        0xc obj_cc2538dk/button-hal.o
 .bss.pmask     0x00000000200004a8        0x4 obj_cc2538dk/button-hal.o
 .bss.ptr.5287  0x00000000200004ac        0x4 obj_cc2538dk/serial-line.o
 .bss.rxbuf     0x00000000200004b0        0x8 obj_cc2538dk/serial-line.o
 .bss.handlers_list
                0x00000000200004b8        0x4 obj_cc2538dk/gpio-hal.o
 .bss.bufmem_memb_mem
                0x00000000200004bc       0x20 obj_cc2538dk/queuebuf.o
 .bss.all_tables
                0x00000000200004dc       0x20 obj_cc2538dk/nbr-table.o
 .bss.nbr_table_keys_list
                0x00000000200004fc        0x4 obj_cc2538dk/nbr-table.o
 .bss.neighbor_addr_mem_memb_mem
                0x0000000020000500       0xc0 obj_cc2538dk/nbr-table.o
 .bss.num_tables
                0x00000000200005c0        0x4 obj_cc2538dk/nbr-table.o
 .bss.packetbuf_aligned
                0x00000000200005c4       0x80 obj_cc2538dk/packetbuf.o
 .bss.ip_processor_list_list
                0x0000000020000644        0x4 obj_cc2538dk/netstack.o
 .bss._link_stats_mem
                0x0000000020000648       0xc0 obj_cc2538dk/link-stats.o
 .bss.received_seqnos
                0x0000000020000708      0x100 obj_cc2538dk/mac-sequence.o
 .bss.metadata_memb_memb_mem
                0x0000000020000808       0x60 obj_cc2538dk/csma-output.o
 .bss.neighbor_list_list
                0x0000000020000868        0x4 obj_cc2538dk/csma-output.o
 .bss.neighbor_memb_memb_mem
                0x000000002000086c       0x70 obj_cc2538dk/csma-output.o
 .bss.packet_memb_memb_mem
                0x00000000200008dc       0x60 obj_cc2538dk/csma-output.o
 .bss.echo_reply_callback_list_list
                0x000000002000093c        0x4 obj_cc2538dk/uip-icmp6.o
 .bss.input_handler_list_list
                0x0000000020000940        0x4 obj_cc2538dk/uip-icmp6.o
 .bss.nodelist_list
                0x0000000020000944        0x4 obj_cc2538dk/uip-sr.o
 .bss.nodememb_memb_mem
                0x0000000020000948      0x180 obj_cc2538dk/uip-sr.o
 .bss.num_nodes
                0x0000000020000ac8        0x4 obj_cc2538dk/uip-sr.o
 .bss.locaddr   0x0000000020000acc        0x4 obj_cc2538dk/uip-ds6.o
 .bss.locmaddr  0x0000000020000ad0        0x4 obj_cc2538dk/uip-ds6.o
 .bss.locprefix
                0x0000000020000ad4        0x4 obj_cc2538dk/uip-ds6.o
 .bss.defaultrouterlist_list
                0x0000000020000ad8        0x4 obj_cc2538dk/uip-ds6-route.o
 .bss.defaultroutermemb_memb_mem
                0x0000000020000adc       0x40 obj_cc2538dk/uip-ds6-route.o
 .bss.periodic  0x0000000020000b1c       0x10 obj_cc2538dk/tcpip.o
 .bss.addr      0x0000000020000b2c        0x4 obj_cc2538dk/uip-nd6.o
 .bss.nbr       0x0000000020000b30        0x4 obj_cc2538dk/uip-nd6.o
 .bss.nd6_opt_llao
                0x0000000020000b34        0x4 obj_cc2538dk/uip-nd6.o
 .bss.callback  0x0000000020000b38        0x4 obj_cc2538dk/sicslowpan.o
 .bss.context   0x0000000020000b3c        0x4 obj_cc2538dk/sicslowpan.o
 .bss.frag_info
                0x0000000020000b40      0x170 obj_cc2538dk/sicslowpan.o
 .bss.hc06_ptr  0x0000000020000cb0        0x4 obj_cc2538dk/sicslowpan.o
 .bss.last_rssi
                0x0000000020000cb4        0x4 obj_cc2538dk/sicslowpan.o
 .bss.last_tx_status
                0x0000000020000cb8        0x4 obj_cc2538dk/sicslowpan.o
 .bss.mac_max_payload
                0x0000000020000cbc        0x4 obj_cc2538dk/sicslowpan.o
 .bss.packetbuf_payload_len
                0x0000000020000cc0        0x4 obj_cc2538dk/sicslowpan.o
 .bss.packetbuf_ptr
                0x0000000020000cc4        0x4 obj_cc2538dk/sicslowpan.o
 .bss.num_parents
                0x0000000020000cc8        0x4 obj_cc2538dk/rpl-nbr-policy.o
 .bss.worst_rank_nbr_lladdr
                0x0000000020000ccc        0x4 obj_cc2538dk/rpl-nbr-policy.o
 .bss._rpl_neighbors_mem
                0x0000000020000cd0       0x80 obj_cc2538dk/rpl-neighbor.o
 .bss.dis_timer
                0x0000000020000d50       0x20 obj_cc2538dk/rpl-timers.o
 .bss.periodic_timer
                0x0000000020000d70       0x20 obj_cc2538dk/rpl-timers.o
 .bss.node_id   0x0000000020000d90        0x2 obj_cc2538dk/node-id.o
                0x0000000020000d90                node_id
 .bss.buframmem_memb_mem
                0x0000000020000d92      0x560 obj_cc2538dk/queuebuf.o
 .bss.buflen    0x00000000200012f2        0x2 obj_cc2538dk/packetbuf.o
 .bss.bufptr    0x00000000200012f4        0x2 obj_cc2538dk/packetbuf.o
 .bss.uipbuf_attrs
                0x00000000200012f6        0xc obj_cc2538dk/uipbuf.o
 .bss.tmp_ipaddr
                0x0000000020001302       0x10 obj_cc2538dk/uip-icmp6.o
 .bss.loc_fipaddr
                0x0000000020001312       0x10 obj_cc2538dk/uip-ds6.o
 .bss._ds6_neighbors_mem
                0x0000000020001322      0x120 obj_cc2538dk/uip-ds6-nbr.o
 .bss.lastport  0x0000000020001442        0x2 obj_cc2538dk/uip6.o
 .bss.my_tag    0x0000000020001444        0x2 obj_cc2538dk/sicslowpan.o
 .bss.worst_rank
                0x0000000020001446        0x2 obj_cc2538dk/rpl-nbr-policy.o
 .bss.root_ipaddr.6855
                0x0000000020001448       0x10 obj_cc2538dk/rpl-dag-root.o
 .bss.num_sensors
                0x0000000020001458        0x1 obj_cc2538dk/sensors.o
 .bss.crc_corr  0x0000000020001459        0x1 obj_cc2538dk/cc2538-rf.o
 .bss.poll_mode
                0x000000002000145a        0x1 obj_cc2538dk/cc2538-rf.o
 .bss.rf_flags  0x000000002000145b        0x1 obj_cc2538dk/cc2538-rf.o
 .bss.rssi      0x000000002000145c        0x1 obj_cc2538dk/cc2538-rf.o
 .bss.max_pm    0x000000002000145d        0x1 obj_cc2538dk/lpm.o
 .bss.initialized
                0x000000002000145e        0x1 obj_cc2538dk/ctimer.o
 .bss.fevent    0x000000002000145f        0x1 obj_cc2538dk/process.o
 .bss.lastevent
                0x0000000020001460        0x1 obj_cc2538dk/process.o
 .bss.nevents   0x0000000020001461        0x1 obj_cc2538dk/process.o
 .bss.poll_requested
                0x0000000020001462        0x1 obj_cc2538dk/process.o
 .bss.buf.5286  0x0000000020001463       0x80 obj_cc2538dk/serial-line.o
 .bss.overflow.5280
                0x00000000200014e3        0x1 obj_cc2538dk/serial-line.o
 .bss.rxbuf_data
                0x00000000200014e4       0x80 obj_cc2538dk/serial-line.o
 .bss.bufmem_memb_count
                0x0000000020001564        0x8 obj_cc2538dk/queuebuf.o
 .bss.buframmem_memb_count
                0x000000002000156c        0x8 obj_cc2538dk/queuebuf.o
 .bss.locked_map
                0x0000000020001574       0x10 obj_cc2538dk/nbr-table.o
 .bss.neighbor_addr_mem_memb_count
                0x0000000020001584       0x10 obj_cc2538dk/nbr-table.o
 .bss.used_map  0x0000000020001594       0x10 obj_cc2538dk/nbr-table.o
 .bss.hdrlen    0x00000000200015a4        0x1 obj_cc2538dk/packetbuf.o
 .bss.initialized